09-29 23:00:52.318  1154  1154 D CompatibilityChangeReporter: Compat change id reported: 194532703; UID 10135; state: ENABLED
09-29 23:00:52.318  1154  1154 D CompatibilityChangeReporter: Compat change id reported: 253665015; UID 10135; state: DISABLED
09-29 23:00:52.385  1496  1796 I A       : #onAppFlowEventLogged
09-29 23:00:52.416   531   627 W system_server: Long monitor contention with owner com.android.modules.utils.BackgroundThread (731) at int android.content.res.AssetManager.getResourceIdentifier(java.lang.String, java.lang.String, java.lang.String)(AssetManager.java:798) waiters=0 in boolean android.content.res.AssetManager.getResourceValue(int, int, android.util.TypedValue, boolean) for 975ms
09-29 23:00:52.427   531   627 I InputReader: Reconfiguring input devices, changes=KEYBOARD_LAYOUTS
09-29 23:00:52.482   531   560 W system_server: Long monitor contention with owner binder:531_16 (1889) at void com.android.server.am.ActivityManagerService.finishAttachApplicationInner(long, int, int)(ActivityManagerService.java:4924) waiters=1 in void com.android.server.am.BroadcastQueueModernImpl.updateRunningList() for 242ms
09-29 23:00:52.483  1496  1899 I WorkerManager: dispose()
09-29 23:00:52.534  3276  3276 D CompatibilityChangeReporter: Compat change id reported: 171979766; UID 10127; state: ENABLED
09-29 23:00:52.534  3276  3276 D CompatibilityChangeReporter: Compat change id reported: 242716250; UID 10127; state: ENABLED
09-29 23:00:52.559  3276  3276 D nativeloader: Configuring clns-6 for other apk /system/framework/org.apache.http.legacy.jar. target_sdk_version=34, uses_libraries=ALL, library_path=/product/app/GoogleContacts/lib/arm64, permitted_path=/data:/mnt/expand:/data/user/0/com.google.android.contacts
09-29 23:00:52.567  2624  2624 D WM-RescheduleReceiver: Received intent Intent { act=android.intent.action.BOOT_COMPLETED flg=0x89000010 cmp=com.google.android.devicelockcontroller/androidx.work.impl.background.systemalarm.RescheduleReceiver (has extras) }
09-29 23:00:52.575  3276  3276 D ApplicationLoaders: Returning zygote-cached class loader: /system_ext/framework/androidx.window.extensions.jar
09-29 23:00:52.575  3276  3276 D ApplicationLoaders: Returning zygote-cached class loader: /system_ext/framework/androidx.window.sidecar.jar
09-29 23:00:52.597  2624  2624 D WM-PackageManagerHelper: androidx.work.impl.background.systemjob.SystemJobService enabled
09-29 23:00:52.597  2624  2624 D WM-Schedulers: Created SystemJobScheduler and enabled SystemJobService
09-29 23:00:52.665  1363  1896 I AiAiEcho: #postPredictionTargets: Sending updates to UISurface home with targets# 0 (types=[])
09-29 23:00:52.671  1363  1363 I AiAiEcho: SearchContextManagerImpl::setSearchContext resultTypes=[141151] extras=[Bundle[mParcelledData.dataSize=684]] sessionId=[com.google.android.apps.nexuslauncher:7f53b171-4ee2-44c1-bee0-2dc17c5a9caa,0]
09-29 23:00:52.679  1363  2778 W AiAiFed : [AiAi SimpleStorage Federated Collection] Cancelling training failed [mode=FEDERATION, population=aiai/sysimg/pecanconversationthreadevents, session=pecanconversationthreadevents]
09-29 23:00:52.679  1363  2778 W AiAiFed : java.lang.IllegalArgumentException: Unsupported response code3
09-29 23:00:52.679  1363  2778 W AiAiFed : 	at hci.run(PG:38)
09-29 23:00:52.679  1363  2778 W AiAiFed : 	at java.util.concurrent.ThreadPoolExecutor.runWorker(ThreadPoolExecutor.java:1145)
09-29 23:00:52.679  1363  2778 W AiAiFed : 	at java.util.concurrent.ThreadPoolExecutor$Worker.run(ThreadPoolExecutor.java:644)
09-29 23:00:52.679  1363  2778 W AiAiFed : 	at java.lang.Thread.run(Thread.java:1012)
09-29 23:00:52.679  1014  1091 D SearchTargetUtil:  query= size=1
09-29 23:00:52.681  1014  1091 D SearchTargetUtil: layoutType=icon_row resultType=4096 packageName= extras=Bundle{icon_container_enabled=true,zero_state_all_apps_web_suggest_count=3,rank=1.0,key_ipc_start=45538,hide_subtitle=true,zero_state_qsb_web_suggest_count=10,}ParentID: null targetID: SESSION_INFO:0::zero_state_flags
09-29 23:00:52.683  1363  2777 W AiAiFed : [AiAi SimpleStorage Federated Collection] Cancelling training failed [mode=FEDERATION, population=aiai/sysimg/pecanconversationthreadevents, session=pecanconversationthreadevents]
09-29 23:00:52.683  1363  2777 W AiAiFed : qhi: UNKNOWN
09-29 23:00:52.683  1363  2777 W AiAiFed : 	at qhg.i(Unknown Source:2)
09-29 23:00:52.683  1363  2777 W AiAiFed : 	at qur.Q(PG:2)
09-29 23:00:52.683  1363  2777 W AiAiFed : 	at qkv.a(PG:3)
09-29 23:00:52.683  1363  2777 W AiAiFed : 	at qlo.run(PG:2)
09-29 23:00:52.683  1363  2777 W AiAiFed : 	at qqt.run(PG:2)
09-29 23:00:52.683  1363  2777 W AiAiFed : 	at java.util.concurrent.ThreadPoolExecutor.runWorker(ThreadPoolExecutor.java:1145)
09-29 23:00:52.683  1363  2777 W AiAiFed : 	at java.util.concurrent.ThreadPoolExecutor$Worker.run(ThreadPoolExecutor.java:644)
09-29 23:00:52.683  1363  2777 W AiAiFed : 	at java.lang.Thread.run(Thread.java:1012)
09-29 23:00:52.690  3276  3276 D nativeloader: InitLlndkLibrariesProduct: libEGL.so:libGLESv1_CM.so:libGLESv2.so:libGLESv3.so:libRS.so:libandroid_net.so:libbinder_ndk.so:libc.so:libcgrouprc.so:libclang_rt.asan-aarch64-android.so:libclang_rt.hwasan-aarch64-android.so:libcom.android.tethering.connectivity_native.so:libdl.so:libft2.so:liblog.so:libm.so:libmediandk.so:libnativewindow.so:libneuralnetworks.so:libselinux.so:libsync.so:libvndksupport.so:libvulkan.so
09-29 23:00:52.690  3276  3276 D nativeloader: Configuring product-clns-7 for unbundled product apk /product/app/GoogleContacts/GoogleContacts.apk. target_sdk_version=34, uses_libraries=, library_path=/product/app/GoogleContacts/lib/arm64:/product/lib64:/system/product/lib64, permitted_path=/data:/mnt/expand:/data/user/0/com.google.android.contacts:/product/lib64:/system/product/lib64
09-29 23:00:52.691  3276  3276 D nativeloader: InitVndkspLibrariesProduct: android.hardware.common-V2-ndk.so:android.hardware.common.fmq-V1-ndk.so:android.hardware.graphics.allocator-V2-ndk.so:android.hardware.graphics.common-V4-ndk.so:android.hardware.graphics.common@1.0.so:android.hardware.graphics.common@1.1.so:android.hardware.graphics.common@1.2.so:android.hardware.graphics.composer3-V1-ndk.so:android.hardware.graphics.mapper@2.0.so:android.hardware.graphics.mapper@2.1.so:android.hardware.graphics.mapper@3.0.so:android.hardware.graphics.mapper@4.0.so:android.hardware.renderscript@1.0.so:android.hidl.memory.token@1.0.so:android.hidl.memory@1.0-impl.so:android.hidl.memory@1.0.so:android.hidl.safe_union@1.0.so:libRSCpuRef.so:libRSDriver.so:libRS_internal.so:libbase.so:libbcinfo.so:libblas.so:libc++.so:libcompiler_rt.so:libcutils.so:libdmabufheap.so:libgralloctypes.so:libhardware.so:libhidlbase.so:libhidlmemory.so:libion.so:libjsoncpp.so:liblzma.so:libprocessgroup.so:libunwindstack.so:libutils.so:libutilscallstack.so:libz.so
09-29 23:00:52.699  1197  2717 I NearbyDiscovery: DiscoveryNearbyMessagesManager failed to background subscribe [CONTEXT service_id=265 ]
09-29 23:00:52.699  1197  2717 I NearbyDiscovery: java.util.concurrent.TimeoutException: Timed out waiting for Task
09-29 23:00:52.699  1197  2717 I NearbyDiscovery: 	at cfsz.o(:com.google.android.gms@231818044@23.18.18 (190400-535401451):6)
09-29 23:00:52.699  1197  2717 I NearbyDiscovery: 	at bbhk.a(:com.google.android.gms@231818044@23.18.18 (190400-535401451):25)
09-29 23:00:52.699  1197  2717 I NearbyDiscovery: 	at bbhe.run(:com.google.android.gms@231818044@23.18.18 (190400-535401451):3)
09-29 23:00:52.699  1197  2717 I NearbyDiscovery: 	at dtjy.handleMessage(:com.google.android.gms@231818044@23.18.18 (190400-535401451):5)
09-29 23:00:52.699  1197  2717 I NearbyDiscovery: 	at android.os.Handler.dispatchMessage(Handler.java:106)
09-29 23:00:52.699  1197  2717 I NearbyDiscovery: 	at avye.ll(:com.google.android.gms@231818044@23.18.18 (190400-535401451):0)
09-29 23:00:52.699  1197  2717 I NearbyDiscovery: 	at avye.dispatchMessage(:com.google.android.gms@231818044@23.18.18 (190400-535401451):14)
09-29 23:00:52.699  1197  2717 I NearbyDiscovery: 	at android.os.Looper.loopOnce(Looper.java:205)
09-29 23:00:52.699  1197  2717 I NearbyDiscovery: 	at android.os.Looper.loop(Looper.java:294)
09-29 23:00:52.699  1197  2717 I NearbyDiscovery: 	at android.os.HandlerThread.run(HandlerThread.java:67)
09-29 23:00:52.753  3276  3276 V GraphicsEnvironment: Currently set values for:
09-29 23:00:52.753  3276  3276 V GraphicsEnvironment:   angle_gl_driver_selection_pkgs=[]
09-29 23:00:52.753  3276  3276 V GraphicsEnvironment:   angle_gl_driver_selection_values=[]
09-29 23:00:52.754  3276  3276 V GraphicsEnvironment: ANGLE GameManagerService for com.google.android.contacts: false
09-29 23:00:52.754  3276  3276 V GraphicsEnvironment: com.google.android.contacts is not listed in per-application setting
09-29 23:00:52.754  3276  3276 V GraphicsEnvironment: Neither updatable production driver nor prerelease driver is supported.
09-29 23:00:52.760  1363  1896 I AiAiEcho: Predicting[0]:
09-29 23:00:52.766  1363  1896 I AiAiEcho: EchoTargets:
09-29 23:00:52.766  1363  1896 I AiAiEcho: Filtered by AiAi flag check:
09-29 23:00:52.766  1363  1896 I AiAiEcho: Ranked targets strategy: SORT, count: 0, ranking metadata:
09-29 23:00:52.767  1363  1896 I AiAiEcho: Predicting[0]:
09-29 23:00:52.767  1363  1896 I AiAiEcho: EchoTargets:
09-29 23:00:52.767  1363  1896 I AiAiEcho: Filtered by AiAi flag check:
09-29 23:00:52.767  1363  1896 I AiAiEcho: Ranked targets strategy: SORT, count: 0, ranking metadata:
09-29 23:00:52.771  1363  1896 I AiAiEcho: Predicting[0]:
09-29 23:00:52.771  1363  1896 I AiAiEcho: EchoTargets:
09-29 23:00:52.771  1363  1896 I AiAiEcho: Filtered by AiAi flag check:
09-29 23:00:52.771  1363  1896 I AiAiEcho: Ranked targets strategy: SORT, count: 0, ranking metadata:
09-29 23:00:52.772  1363  1896 I AiAiEcho: Predicting[0]:
09-29 23:00:52.772  1363  1896 I AiAiEcho: EchoTargets:
09-29 23:00:52.772  1363  1896 I AiAiEcho: Filtered by AiAi flag check:
09-29 23:00:52.772  1363  1896 I AiAiEcho: Ranked targets strategy: SORT, count: 0, ranking metadata:
09-29 23:00:52.773  1363  1896 I AiAiEcho: Predicting[0]:
09-29 23:00:52.774  1363  1896 I AiAiEcho: EchoTargets:
09-29 23:00:52.774  1363  1896 I AiAiEcho: Filtered by AiAi flag check:
09-29 23:00:52.775  1363  1896 I AiAiEcho: Ranked targets strategy: SORT, count: 0, ranking metadata:
09-29 23:00:52.776  1363  1896 I AiAiEcho: Predicting[0]:
09-29 23:00:52.781   885  1104 D ImsResolver: maybeAddedImsService, packageName: android
09-29 23:00:52.786  1496  1844 I A       : Background location updates not enabled.
09-29 23:00:52.799  1363  1896 I AiAiEcho: EchoTargets:
09-29 23:00:52.799  1363  1896 I AiAiEcho: Filtered by AiAi flag check:
09-29 23:00:52.799  1363  1896 I AiAiEcho: Ranked targets strategy: SORT, count: 0, ranking metadata:
09-29 23:00:52.821  1197  2717 W NearbyDiscovery: Runnable[processBackgroundSubscribeQueue] was delayed for 00:06.611 [CONTEXT service_id=265 ]
09-29 23:00:52.823  1363  1896 I AiAiEcho: Predicting[0]:
09-29 23:00:52.823  1363  1896 I AiAiEcho: EchoTargets:
09-29 23:00:52.823  1363  1896 I AiAiEcho: Filtered by AiAi flag check:
09-29 23:00:52.824  1363  1896 I AiAiEcho: Ranked targets strategy: SORT, count: 0, ranking metadata:
09-29 23:00:52.827  1363  1896 I AiAiEcho: #postPredictionTargets: Sending updates to UISurface home with targets# 0 (types=[])
09-29 23:00:52.827  1363  1896 I AiAiEcho: #postPredictionTargets: Sending updates to UISurface lockscreen with targets# 0 (types=[])
09-29 23:00:52.851  1363  1896 I AiAiEcho: #postPredictionTargets: Sending updates to UISurface lockscreen with targets# 0 (types=[])
09-29 23:00:52.907  1496  1529 I earchbox:search: JIT allocated 62KB for compiled code of java.lang.Object com.google.android.apps.gsa.binaries.satin.app.ass.s()
09-29 23:00:52.937  1507  1507 D BoundBrokerSvc: onUnbind: Intent { act=com.google.android.gms.potokens.service.START dat=chimera-action:/... cmp=com.google.android.gms/.chimera.GmsApiService }
09-29 23:00:52.957   531  1889 W system_server: Long monitor contention with owner binder:531_14 (1886) at int com.android.server.job.JobSchedulerService.getUidProcState(int)(JobSchedulerService.java:2305) waiters=2 in java.util.List com.android.server.job.JobSchedulerService.getPendingJobsInNamespace(int, java.lang.String) for 307ms
09-29 23:00:52.983  2624  3296 D CompatibilityChangeReporter: Compat change id reported: 160794467; UID 10171; state: ENABLED
09-29 23:00:52.993  2624  3296 D CompatibilityChangeReporter: Compat change id reported: 194532703; UID 10171; state: ENABLED
09-29 23:00:52.993  2624  3296 D CompatibilityChangeReporter: Compat change id reported: 253665015; UID 10171; state: ENABLED
09-29 23:00:52.995   531  1890 D ConnectivityService: requestNetwork for uid/pid:1000/531 asUid: 10171 activeRequest: null callbackRequest: 105 [NetworkRequest [ REQUEST id=106, [ Capabilities: INTERNET&NOT_RESTRICTED&TRUSTED&NOT_VCN_MANAGED Uid: 10171 RequestorUid: 1000 RequestorPkg: android UnderlyingNetworks: Null] ]] callback flags: 0 order: 2147483647
09-29 23:00:52.997   531   659 D WifiNetworkFactory: got request NetworkRequest [ REQUEST id=106, [ Capabilities: INTERNET&NOT_RESTRICTED&TRUSTED&NOT_VCN_MANAGED Uid: 10171 RequestorUid: 1000 RequestorPkg: android UnderlyingNetworks: Null] ]
09-29 23:00:52.997   531   659 D UntrustedWifiNetworkFactory: got request NetworkRequest [ REQUEST id=106, [ Capabilities: INTERNET&NOT_RESTRICTED&TRUSTED&NOT_VCN_MANAGED Uid: 10171 RequestorUid: 1000 RequestorPkg: android UnderlyingNetworks: Null] ]
09-29 23:00:52.997   531   659 D OemPaidWifiNetworkFactory: got request NetworkRequest [ REQUEST id=106, [ Capabilities: INTERNET&NOT_RESTRICTED&TRUSTED&NOT_VCN_MANAGED Uid: 10171 RequestorUid: 1000 RequestorPkg: android UnderlyingNetworks: Null] ]
09-29 23:00:52.997   531   659 D MultiInternetWifiNetworkFactory: got request NetworkRequest [ REQUEST id=106, [ Capabilities: INTERNET&NOT_RESTRICTED&TRUSTED&NOT_VCN_MANAGED Uid: 10171 RequestorUid: 1000 RequestorPkg: android UnderlyingNetworks: Null] ]
09-29 23:00:52.997   531   666 D ConnectivityService: NetReassign [106 : null → 100] [c 1] [a 0] [i 1]
09-29 23:00:53.008   531  1886 D ConnectivityService: requestNetwork for uid/pid:10171/2624 activeRequest: null callbackRequest: 107 [NetworkRequest [ REQUEST id=108, [ Capabilities: INTERNET&NOT_RESTRICTED&TRUSTED&NOT_VCN_MANAGED Uid: 10171 RequestorUid: 10171 RequestorPkg: com.google.android.devicelockcontroller UnderlyingNetworks: Null] ]] callback flags: 0 order: 2147483647
09-29 23:00:53.011   531   659 D WifiNetworkFactory: got request NetworkRequest [ REQUEST id=108, [ Capabilities: INTERNET&NOT_RESTRICTED&TRUSTED&NOT_VCN_MANAGED Uid: 10171 RequestorUid: 10171 RequestorPkg: com.google.android.devicelockcontroller UnderlyingNetworks: Null] ]
09-29 23:00:53.011   531   659 D UntrustedWifiNetworkFactory: got request NetworkRequest [ REQUEST id=108, [ Capabilities: INTERNET&NOT_RESTRICTED&TRUSTED&NOT_VCN_MANAGED Uid: 10171 RequestorUid: 10171 RequestorPkg: com.google.android.devicelockcontroller UnderlyingNetworks: Null] ]
09-29 23:00:53.011   531   659 D OemPaidWifiNetworkFactory: got request NetworkRequest [ REQUEST id=108, [ Capabilities: INTERNET&NOT_RESTRICTED&TRUSTED&NOT_VCN_MANAGED Uid: 10171 RequestorUid: 10171 RequestorPkg: com.google.android.devicelockcontroller UnderlyingNetworks: Null] ]
09-29 23:00:53.011   531   659 D MultiInternetWifiNetworkFactory: got request NetworkRequest [ REQUEST id=108, [ Capabilities: INTERNET&NOT_RESTRICTED&TRUSTED&NOT_VCN_MANAGED Uid: 10171 RequestorUid: 10171 RequestorPkg: com.google.android.devicelockcontroller UnderlyingNetworks: Null] ]
09-29 23:00:53.011  2624  3302 D CompatibilityChangeReporter: Compat change id reported: 263076149; UID 10171; state: ENABLED
09-29 23:00:53.013   531   666 D ConnectivityService: NetReassign [108 : null → 100] [c 0] [a 2] [i 2]
09-29 23:00:53.013  2344  2524 W Bugle   : RestoreReceiver: Intent { act=android.telephony.action.CARRIER_CONFIG_CHANGED flg=0x15000010 cmp=com.google.android.apps.messaging/.shared.receiver.RestoreReceiver (has extras) }
09-29 23:00:53.023  2344  2534 I Bugle   : BroadcastReceiverAsyncWorkTracker: Acknowledging broadcast of com.google.android.apps.messaging.shared.receiver.RestoreReceiver@f79540d
09-29 23:00:53.028  2624  3302 I WM-WorkerWrapper: Worker result RETRY for Work [ id=03847376-4959-4548-8702-dd0fb00924a6, tags={ com.android.devicelockcontroller.provision.worker.DeviceCheckInWorker } ]
09-29 23:00:53.039  1363  2777 W AiAiFed : [AiAi SimpleStorage Federated Collection] Cancelling training failed [mode=FEDERATION, population=aiai/sysimg/ambientcontext, session=ambientcontext]
09-29 23:00:53.039  1363  2777 W AiAiFed : java.lang.IllegalArgumentException: Unsupported response code3
09-29 23:00:53.039  1363  2777 W AiAiFed : 	at hci.run(PG:38)
09-29 23:00:53.039  1363  2777 W AiAiFed : 	at java.util.concurrent.ThreadPoolExecutor.runWorker(ThreadPoolExecutor.java:1145)
09-29 23:00:53.039  1363  2777 W AiAiFed : 	at java.util.concurrent.ThreadPoolExecutor$Worker.run(ThreadPoolExecutor.java:644)
09-29 23:00:53.039  1363  2777 W AiAiFed : 	at java.lang.Thread.run(Thread.java:1012)
09-29 23:00:53.039  1363  2777 W AiAiFed : [AiAi SimpleStorage Federated Collection] Cancelling training failed [mode=FEDERATION, population=aiai/sysimg/ambientcontext, session=ambientcontext]
09-29 23:00:53.039  1363  2777 W AiAiFed : qhi: UNKNOWN
09-29 23:00:53.039  1363  2777 W AiAiFed : 	at qhg.i(Unknown Source:2)
09-29 23:00:53.039  1363  2777 W AiAiFed : 	at qur.Q(PG:2)
09-29 23:00:53.039  1363  2777 W AiAiFed : 	at qkv.a(PG:3)
09-29 23:00:53.039  1363  2777 W AiAiFed : 	at qlo.run(PG:2)
09-29 23:00:53.039  1363  2777 W AiAiFed : 	at qqt.run(PG:2)
09-29 23:00:53.039  1363  2777 W AiAiFed : 	at java.util.concurrent.ThreadPoolExecutor.runWorker(ThreadPoolExecutor.java:1145)
09-29 23:00:53.039  1363  2777 W AiAiFed : 	at java.util.concurrent.ThreadPoolExecutor$Worker.run(ThreadPoolExecutor.java:644)
09-29 23:00:53.039  1363  2777 W AiAiFed : 	at java.lang.Thread.run(Thread.java:1012)
09-29 23:00:53.048   928   939 I id.ext.services: Background concurrent copying GC freed 26367(1067KB) AllocSpace objects, 0(0B) LOS objects, 49% free, 2054KB/4109KB, paused 47us,4us total 1.489s
09-29 23:00:53.054  1496  1845 I CPController: register the profile change listener
09-29 23:00:53.108  3276  3308 D CompatibilityChangeReporter: Compat change id reported: 183155436; UID 10127; state: ENABLED
09-29 23:00:53.113  1507  1507 D BoundBrokerSvc: onBind: Intent { act=com.google.android.gms.wallet.service.BIND pkg=com.google.android.gms }
09-29 23:00:53.114  1507  1507 D BoundBrokerSvc: Loading bound service for intent: Intent { act=com.google.android.gms.wallet.service.BIND pkg=com.google.android.gms }
09-29 23:00:53.154  3276  3317 D CompatibilityChangeReporter: Compat change id reported: 194532703; UID 10127; state: ENABLED
09-29 23:00:53.156  3276  3317 D CompatibilityChangeReporter: Compat change id reported: 253665015; UID 10127; state: ENABLED
09-29 23:00:53.161   321  3190 D android.hardware.audio@7.1-impl.ranchu: threadLoop: entering standby, frames: 227040
09-29 23:00:53.207  1496  1530 W earchbox:search: Cleared Reference was only reachable from finalizer (only reported once)
09-29 23:00:53.227   531   666 D InetDiagMessage: Destroyed 0 sockets, proto=IPPROTO_TCP, family=AF_INET, states=14
09-29 23:00:53.227   531   666 D InetDiagMessage: Destroyed 0 sockets, proto=IPPROTO_TCP, family=AF_INET6, states=14
09-29 23:00:53.227   531   666 D InetDiagMessage: Destroyed live tcp sockets for uids={[10077, 10077]} exemptUids={} in 0ms
09-29 23:00:53.229  1496  1530 I earchbox:search: Background concurrent copying GC freed 131730(5678KB) AllocSpace objects, 14(320KB) LOS objects, 49% free, 18MB/36MB, paused 48us,8us total 151.655ms
09-29 23:00:53.317  1197  1197 D BoundBrokerSvc: onBind: Intent { act=com.google.android.gms.semanticlocation.service.START_ODLH pkg=com.google.android.gms }
09-29 23:00:53.317  1197  1197 D BoundBrokerSvc: Loading bound service for intent: Intent { act=com.google.android.gms.semanticlocation.service.START_ODLH pkg=com.google.android.gms }
09-29 23:00:53.318  1197  2717 W NearbyDiscovery: Runnable[processBackgroundSubscribeQueue] was delayed for 00:05.825 [CONTEXT service_id=265 ]
09-29 23:00:53.319  1197  2717 W NearbyDiscovery: Runnable[updateUi] was delayed for 00:05.583 [CONTEXT service_id=265 ]
09-29 23:00:53.319  1197  2717 I Nearby  : is blocked device type false, isAuto=false, isIot=false, isLatchsky=false, isChinaWearable=false, isTv=false, isWearable=false (supportWearOs=false), isChromeOsDevice=false (supportChromeOs=false) [CONTEXT service_id=49 ]
09-29 23:00:53.319  1197  2958 W .gms.persistent: Long monitor contention with owner highpool[0] (1268) at android.net.Uri cvdt.a(java.lang.String)(:com.google.android.gms@231818044@23.18.18 (190400-535401451):2) waiters=1 in android.net.Uri cvdt.a(java.lang.String) for 671ms
09-29 23:00:53.329  1154  3293 V AlarmClock: AppSearchController: Removed all documents from the database
09-29 23:00:53.335  1197  2266 W ctxmgr  : [WorkManager] Long workInfo: pkg=com.google.android.apps.wellbeing, lbl=UpdateFenceRegistration, start=2023-09-29 23:00:50.428+0600, stop=2023-09-29 23:00:53.335+0600, durtn=2907ms [CONTEXT service_id=47 ]
09-29 23:00:53.341  1154  3293 V AlarmClock: AppSearchController: Put 2 documents in the alarms namespace
09-29 23:00:53.345   885  2984 W TelephonyPermissions: reportAccessDeniedToReadIdentifiers:com.google.android.contacts:getAllSubInfoList:1
09-29 23:00:53.349  1154  3293 V AlarmClock: AppSearchController: Put 1 document in the stopwatches namespace
09-29 23:00:53.380  1507  2133 I Icing   : Internal init done: storage state 0
09-29 23:00:53.406  1197  2717 I NearbyDiscovery: DiscoveryController, showNotification, itemSize=0 [CONTEXT service_id=265 ]
09-29 23:00:53.407  3276  3315 D CompatibilityChangeReporter: Compat change id reported: 210923482; UID 10127; state: ENABLED
09-29 23:00:53.409   531   666 D InetDiagMessage: Destroyed 0 sockets, proto=IPPROTO_TCP, family=AF_INET, states=14
09-29 23:00:53.409   531   666 D InetDiagMessage: Destroyed 0 sockets, proto=IPPROTO_TCP, family=AF_INET6, states=14
09-29 23:00:53.409   531   666 D InetDiagMessage: Destroyed live tcp sockets for uids={[10095, 10095]} exemptUids={} in 1ms
09-29 23:00:53.422   531   777 D BufferPoolAccessor2.0: evictor expired: 6, evicted: 0
09-29 23:00:53.440  1197  2266 W .gms.persistent: Long monitor contention with owner lowpool[10] (2931) at void acea.execute(java.lang.Runnable)(:com.google.android.gms@231818044@23.18.18 (190400-535401451):0) waiters=0 in void acea.execute(java.lang.Runnable) for 105ms
09-29 23:00:53.443  1197  2502 W .gms.persistent: Long monitor contention with owner highpool[0] (1268) at android.net.Uri cvdt.a(java.lang.String)(:com.google.android.gms@231818044@23.18.18 (190400-535401451):2) waiters=0 in android.net.Uri cvdt.a(java.lang.String) for 1.418s
09-29 23:00:53.447  1197  1197 D BoundBrokerSvc: onBind: Intent { act=com.google.android.gms.tapandpay.service.BIND dat=chimera-action:/... cmp=com.google.android.gms/.chimera.PersistentApiService }
09-29 23:00:53.447  1197  1197 D BoundBrokerSvc: Loading bound service for intent: Intent { act=com.google.android.gms.tapandpay.service.BIND dat=chimera-action:/... cmp=com.google.android.gms/.chimera.PersistentApiService }
09-29 23:00:53.481   741  1144 D BufferPoolAccessor2.0: evictor expired: 2, evicted: 0
09-29 23:00:53.491  1363  1896 I AiAiEcho: #postPredictionTargets: Sending updates to UISurface lockscreen with targets# 0 (types=[])
09-29 23:00:53.503  1363  1896 I AiAiEcho: #postPredictionTargets: Sending updates to UISurface lockscreen with targets# 0 (types=[])
09-29 23:00:53.506  1363  1896 I AiAiEcho: #postPredictionTargets: Sending updates to UISurface lockscreen with targets# 0 (types=[])
09-29 23:00:53.507  1363  1896 I AiAiEcho: #postPredictionTargets: Sending updates to UISurface lockscreen with targets# 0 (types=[])
09-29 23:00:53.517   319   319 D Zygote  : Forked child process 3336
09-29 23:00:53.541  1197  2717 I NearbyDiscovery: Show notifications: 0 total, no changes since last shown, no-op. [CONTEXT service_id=265 ]
09-29 23:00:53.549   531   666 D InetDiagMessage: Destroyed 0 sockets, proto=IPPROTO_TCP, family=AF_INET, states=14
09-29 23:00:53.549   531   666 D InetDiagMessage: Destroyed 0 sockets, proto=IPPROTO_TCP, family=AF_INET6, states=14
09-29 23:00:53.549   531   666 D InetDiagMessage: Destroyed live tcp sockets for uids={[90000, 90000]} exemptUids={} in 1ms
09-29 23:00:53.563  1197  2717 W NearbyDiscovery: Runnable[FastPairScannerDowngrade] was delayed for 00:05.318 [CONTEXT service_id=265 ]
09-29 23:00:53.582  1507  1507 D BoundBrokerSvc: onUnbind: Intent { act=com.google.android.gms.asterism.service.START pkg=com.google.android.gms }
09-29 23:00:53.583  1507  1507 D BoundBrokerSvc: onBind: Intent { act=com.google.android.gms.pay.service.BIND dat=chimera-action:/... cmp=com.google.android.gms/.chimera.GmsApiService }
09-29 23:00:53.583  1507  1507 D BoundBrokerSvc: Loading bound service for intent: Intent { act=com.google.android.gms.pay.service.BIND dat=chimera-action:/... cmp=com.google.android.gms/.chimera.GmsApiService }
09-29 23:00:53.593  1507  1507 D BoundBrokerSvc: onBind: Intent { act=com.google.android.gms.people.contactssync.service.START pkg=com.google.android.gms }
09-29 23:00:53.595  1507  1507 D BoundBrokerSvc: Loading bound service for intent: Intent { act=com.google.android.gms.people.contactssync.service.START pkg=com.google.android.gms }
09-29 23:00:53.599  1197  2717 I NearbyDiscovery: FastPairScanner: isScreenOn=true, scanWithScreenOff=false, isLocationEnabled=true, disableLocationRequirement=true, isDiscoveryScanningEnabled=true, during24GhzWifiWarmingUpPeriod=false [CONTEXT service_id=265 ]
09-29 23:00:53.650  1197  2717 D BluetoothAdapter: isLeEnabled(): ON
09-29 23:00:53.663  1507  2744 I GmsModuleFndr: Beginning GMS chimera module scan
09-29 23:00:53.670  1197  1208 I .gms.persistent: Background concurrent copying GC freed 132660(7100KB) AllocSpace objects, 24(672KB) LOS objects, 49% free, 18MB/37MB, paused 42.667ms,47.375ms total 10.388s
09-29 23:00:53.676  1197  2717 I NearbyDiscovery: FastPairScanner: eventType=INTERNAL_DOWNGRADE_SCAN, intReq=true, scanning=true, scanAllowed=true, bleEnabled=true, bleScanAvailable=false, lockScanRate=false, startScanningByLowPowerMode=false [CONTEXT service_id=265 ]
09-29 23:00:53.678  1507  2744 I ModuleSetMgr: Computing pending module set with APKs: [[AdsFdrDynamite.integ:231004600100000], [Cronetdynamite:231818190400], [Dynamiteloader:231818190000], [Dynamitemodulesa:231818190000], [Dynamitemodulesc:231818190000], [Googlecertificates:231818190000], [Mapsdynamite:231818190000], [Measurementdynamite:231818190000]]
09-29 23:00:53.705  1197  2717 I NearbyDiscovery: FastPairScanner: Stopping scan [CONTEXT service_id=265 ]
09-29 23:00:53.709   741   741 D QSPanel : setUsingHorizontalLayout: false, true
09-29 23:00:53.713   741   741 D QSPanel : Reattaching media host: false, current com.android.systemui.qs.QSPanel{7cbb4ce IFE...... ......ID 0,168-1328,2310 #7f0a05d8 app:id/quick_settings_panel}, new com.android.systemui.qs.QSPanel{3551b92 VFE...... ......I. 0,0-0,0 #7f0a05d8 app:id/quick_settings_panel}
09-29 23:00:53.714   741   741 D QSPanel : setUsingHorizontalLayout: false, true
09-29 23:00:53.714   741   741 D QSPanel : Reattaching media host: false, current com.android.systemui.qs.QSPanel{3551b92 VFE...... ......I. 0,0-0,0 #7f0a05d8 app:id/quick_settings_panel}, new com.android.systemui.qs.QSPanel{3551b92 VFE...... ......I. 0,0-0,0 #7f0a05d8 app:id/quick_settings_panel}
09-29 23:00:53.716   741   741 D QuickQSPanel: setUsingHorizontalLayout: false, true
09-29 23:00:53.722  1507  2037 I Icing   : IndexChimeraService.getServiceInterface callingPackage=com.google.android.googlequicksearchbox componentName=AMBIENT_ASSISTANT serviceId=32
09-29 23:00:53.722  1507  2202 I Icing   : IndexChimeraService.getServiceInterface callingPackage=com.google.android.gms componentName=null serviceId=30
09-29 23:00:53.735   741   741 D QuickQSPanel: Reattaching media host: false, current com.android.systemui.qs.QuickQSPanel{7892afc VFE...... ......ID 0,168-1328,700 #7f0a05d6 app:id/quick_qs_panel}, new com.android.systemui.qs.QuickQSPanel{ded829a VFE...... ......I. 0,0-0,0 #7f0a05d6 app:id/quick_qs_panel}
09-29 23:00:53.736  1197  2717 D BluetoothAdapter: isLeEnabled(): ON
09-29 23:00:53.750   741   741 D QS      : Binding the View implementation of the QS footer actions
09-29 23:00:53.751  3276  3326 W DynamiteModule: Local module descriptor class for com.google.android.gms.providerinstaller.dynamite not found.
09-29 23:00:53.757  3336  3336 I ogle.android.gm: Using CollectorTypeCC GC.
09-29 23:00:53.760  3276  3316 D CompatibilityChangeReporter: Compat change id reported: 160794467; UID 10127; state: ENABLED
09-29 23:00:53.807  3276  3316 D CompatibilityChangeReporter: Compat change id reported: 263076149; UID 10127; state: ENABLED
09-29 23:00:53.809   393   406 I adbd    : jdwp connection from 3336
09-29 23:00:53.825  3336  3336 D CompatibilityChangeReporter: Compat change id reported: 171979766; UID 10146; state: ENABLED
09-29 23:00:53.825  3336  3336 D CompatibilityChangeReporter: Compat change id reported: 242716250; UID 10146; state: DISABLED
09-29 23:00:53.830  3336  3336 D nativeloader: Configuring clns-6 for other apk /system/framework/org.apache.http.legacy.jar. target_sdk_version=33, uses_libraries=ALL, library_path=/product/app/PrebuiltGmail/lib/arm64:/product/app/PrebuiltGmail/PrebuiltGmail.apk!/lib/arm64-v8a, permitted_path=/data:/mnt/expand:/data/user/0/com.google.android.gm
09-29 23:00:53.831  3336  3336 D ApplicationLoaders: Returning zygote-cached class loader: /system_ext/framework/androidx.window.extensions.jar
09-29 23:00:53.831  3336  3336 D ApplicationLoaders: Returning zygote-cached class loader: /system_ext/framework/androidx.window.sidecar.jar
09-29 23:00:53.831  1221  1221 D CompatibilityChangeReporter: Compat change id reported: 194532703; UID 10162; state: ENABLED
09-29 23:00:53.832  1221  1221 D CompatibilityChangeReporter: Compat change id reported: 253665015; UID 10162; state: ENABLED
09-29 23:00:53.841  1221  1221 I HibernationPolicy: scheduleHibernationJob with frequency 1296000000ms and threshold 7776000000ms
09-29 23:00:53.856  1221  1221 I HibernationPolicy: user 0 is a profileowner. Running hibernation job.
09-29 23:00:53.885  1197  2888 W OptedInLoggerCreator: Could not retrieve Usage & Diagnostics setting. Giving up.
09-29 23:00:53.931   319   319 D Zygote  : Forked child process 3362
09-29 23:00:53.934  1221  1221 I HibernationPolicy: Job already scheduled.
09-29 23:00:53.947  3362  3362 I ackageinstaller: Using CollectorTypeCC GC.
09-29 23:00:53.950  3362  3362 E ackageinstaller: Not starting debugger since process cannot load the jdwp agent.
09-29 23:00:53.976  1363  2030 I TrainerClient: Preparing to schedule training for population:aiai/sysimg/pecanmessageevents session_name:pecanmessageevents
09-29 23:00:53.984  1363  2777 W AiAiFed : [AiAi SimpleStorage Federated Collection] Cancelling training failed [mode=FEDERATION, population=aiai/sysimg/pecanmessageevents, session=pecanmessageevents]
09-29 23:00:53.984  1363  2777 W AiAiFed : java.lang.IllegalArgumentException: Unsupported response code3
09-29 23:00:53.984  1363  2777 W AiAiFed : 	at hci.run(PG:38)
09-29 23:00:53.984  1363  2777 W AiAiFed : 	at java.util.concurrent.ThreadPoolExecutor.runWorker(ThreadPoolExecutor.java:1145)
09-29 23:00:53.984  1363  2777 W AiAiFed : 	at java.util.concurrent.ThreadPoolExecutor$Worker.run(ThreadPoolExecutor.java:644)
09-29 23:00:53.984  1363  2777 W AiAiFed : 	at java.lang.Thread.run(Thread.java:1012)
09-29 23:00:53.984  1363  2778 W AiAiFed : [AiAi SimpleStorage Federated Collection] Cancelling training failed [mode=FEDERATION, population=aiai/sysimg/pecanmessageevents, session=pecanmessageevents]
09-29 23:00:53.984  1363  2778 W AiAiFed : qhi: UNKNOWN
09-29 23:00:53.984  1363  2778 W AiAiFed : 	at qhg.i(Unknown Source:2)
09-29 23:00:53.984  1363  2778 W AiAiFed : 	at qur.Q(PG:2)
09-29 23:00:53.984  1363  2778 W AiAiFed : 	at qkv.a(PG:3)
09-29 23:00:53.984  1363  2778 W AiAiFed : 	at qlo.run(PG:2)
09-29 23:00:53.984  1363  2778 W AiAiFed : 	at qqt.run(PG:2)
09-29 23:00:53.984  1363  2778 W AiAiFed : 	at java.util.concurrent.ThreadPoolExecutor.runWorker(ThreadPoolExecutor.java:1145)
09-29 23:00:53.984  1363  2778 W AiAiFed : 	at java.util.concurrent.ThreadPoolExecutor$Worker.run(ThreadPoolExecutor.java:644)
09-29 23:00:53.984  1363  2778 W AiAiFed : 	at java.lang.Thread.run(Thread.java:1012)
09-29 23:00:54.031  1366  1511 W FuseDaemon: Long monitor contention with owner AsyncTask #1 (2104) at boolean android.os.MessageQueue.enqueueMessage(android.os.Message, long)(MessageQueue.java:600) waiters=0 in android.os.Message android.os.MessageQueue.next() for 407ms
09-29 23:00:54.033  3336  3336 D nativeloader: InitLlndkLibrariesProduct: libEGL.so:libGLESv1_CM.so:libGLESv2.so:libGLESv3.so:libRS.so:libandroid_net.so:libbinder_ndk.so:libc.so:libcgrouprc.so:libclang_rt.asan-aarch64-android.so:libclang_rt.hwasan-aarch64-android.so:libcom.android.tethering.connectivity_native.so:libdl.so:libft2.so:liblog.so:libm.so:libmediandk.so:libnativewindow.so:libneuralnetworks.so:libselinux.so:libsync.so:libvndksupport.so:libvulkan.so
09-29 23:00:54.033  3336  3336 D nativeloader: Configuring product-clns-7 for unbundled product apk /product/app/PrebuiltGmail/PrebuiltGmail.apk. target_sdk_version=33, uses_libraries=, library_path=/product/app/PrebuiltGmail/lib/arm64:/product/app/PrebuiltGmail/PrebuiltGmail.apk!/lib/arm64-v8a:/product/lib64:/system/product/lib64, permitted_path=/data:/mnt/expand:/data/user/0/com.google.android.gm:/product/lib64:/system/product/lib64
09-29 23:00:54.040  3336  3336 D nativeloader: InitVndkspLibrariesProduct: android.hardware.common-V2-ndk.so:android.hardware.common.fmq-V1-ndk.so:android.hardware.graphics.allocator-V2-ndk.so:android.hardware.graphics.common-V4-ndk.so:android.hardware.graphics.common@1.0.so:android.hardware.graphics.common@1.1.so:android.hardware.graphics.common@1.2.so:android.hardware.graphics.composer3-V1-ndk.so:android.hardware.graphics.mapper@2.0.so:android.hardware.graphics.mapper@2.1.so:android.hardware.graphics.mapper@3.0.so:android.hardware.graphics.mapper@4.0.so:android.hardware.renderscript@1.0.so:android.hidl.memory.token@1.0.so:android.hidl.memory@1.0-impl.so:android.hidl.memory@1.0.so:android.hidl.safe_union@1.0.so:libRSCpuRef.so:libRSDriver.so:libRS_internal.so:libbase.so:libbcinfo.so:libblas.so:libc++.so:libcompiler_rt.so:libcutils.so:libdmabufheap.so:libgralloctypes.so:libhardware.so:libhidlbase.so:libhidlmemory.so:libion.so:libjsoncpp.so:liblzma.so:libprocessgroup.so:libunwindstack.so:libutils.so:libutilscallstack.so:libz.so
09-29 23:00:54.056  1197  2502 W SystemServiceRegistry: No service published for: wifirtt
09-29 23:00:54.057   845   866 D BtGatt.GattService: stopScan() - queue size =1
09-29 23:00:54.065  3336  3336 V GraphicsEnvironment: Currently set values for:
09-29 23:00:54.065  3336  3336 V GraphicsEnvironment:   angle_gl_driver_selection_pkgs=[]
09-29 23:00:54.066  3336  3336 V GraphicsEnvironment:   angle_gl_driver_selection_values=[]
09-29 23:00:54.066  3336  3336 V GraphicsEnvironment: ANGLE GameManagerService for com.google.android.gm: false
09-29 23:00:54.067  3336  3336 V GraphicsEnvironment: com.google.android.gm is not listed in per-application setting
09-29 23:00:54.067  3336  3336 V GraphicsEnvironment: Neither updatable production driver nor prerelease driver is supported.
09-29 23:00:54.068   845  1083 D BtGatt.ScanManager: handling stopping scan  [ScanClient scanModeApp 2 scanModeUsed 2 [appScanStats com.google.uid.shared:10122]]
09-29 23:00:54.068   845  1083 D BtGatt.ScanManager: stop gattClientScanNative
09-29 23:00:54.069   845   866 D ActivityAttributionService: notifyActivityAttributionInfo UID=1002 packageName=com.google.android.bluetooth deviceAddress=no_active_device_address
09-29 23:00:54.078   845   866 I bt_btif : packages/modules/Bluetooth/system/btif/src/bluetooth.cc:829 get_profile_interface: get_profile_interface: id = activity_attribution
09-29 23:00:54.079   845  1083 I bt_stack: [INFO:le_scanning_manager.cc(168)] Scan in shim layer stopped
09-29 23:00:54.081   845  1004 I bluetooth: packages/modules/Bluetooth/system/gd/hci/le_address_manager.cc:193 unregister_client: Client unregistered
09-29 23:00:54.081   845  1004 I bluetooth: packages/modules/Bluetooth/system/gd/hci/le_address_manager.cc:197 unregister_client: Cancelled address rotation alarm
09-29 23:00:54.089   845  1083 D BtGatt.ScanManager: configureRegularScanParams() - queue=0
09-29 23:00:54.089   845  1083 D BtGatt.ScanManager: configureRegularScanParams() - queue empty, scan stopped
09-29 23:00:54.114  1197  3360 I WakefulBroadcastRcvr: Processing wakeful broadcast: BootOrGmsUpdated
09-29 23:00:54.116   845   866 D BtGatt.GattService: unregisterScanner() - scannerId=1
09-29 23:00:54.116   845   866 I bt_stack: [INFO:le_scanning_manager.cc(162)] Unregister in shim layer, scanner_id:1
09-29 23:00:54.120  3336  3380 D CompatibilityChangeReporter: Compat change id reported: 183155436; UID 10146; state: ENABLED
09-29 23:00:54.171  3336  3336 D CompatibilityChangeReporter: Compat change id reported: 3400644; UID 10146; state: DISABLED
09-29 23:00:54.172  3362  3362 D CompatibilityChangeReporter: Compat change id reported: 171979766; UID 10085; state: ENABLED
09-29 23:00:54.173  3362  3362 D CompatibilityChangeReporter: Compat change id reported: 242716250; UID 10085; state: ENABLED
09-29 23:00:54.192  1197  3376 I NearbyConnections: Runtime state initialization complete. Nearby connections setting is disabled [CONTEXT service_id=54 ]
09-29 23:00:54.213  3362  3362 D nativeloader: Configuring clns-shared-6 for other apk /system/priv-app/GooglePackageInstaller/GooglePackageInstaller.apk. target_sdk_version=34, uses_libraries=, library_path=/system/priv-app/GooglePackageInstaller/lib/arm64:/system/lib64:/system_ext/lib64, permitted_path=/data:/mnt/expand:/data/user_de/0/com.google.android.packageinstaller:/system/priv-app/GooglePackageInstaller:/system/lib64:/system_ext/lib64
09-29 23:00:54.233  1197  1197 I Wear_Controller: Wearable module requires a companion app to be installed.
09-29 23:00:54.234  3336  3389 W ogle.android.gm: Accessing hidden field Ljava/util/Collections$SynchronizedCollection;->mutex:Ljava/lang/Object; (max-target-o, reflection, denied)
09-29 23:00:54.234  3336  3389 W ogle.android.gm: Accessing hidden method Ljava/util/Collections$SynchronizedSet;-><init>(Ljava/util/Set;Ljava/lang/Object;)V (max-target-o, reflection, denied)
09-29 23:00:54.234  3336  3389 W ogle.android.gm: Accessing hidden method Ljava/util/Collections$SynchronizedCollection;-><init>(Ljava/util/Collection;Ljava/lang/Object;)V (max-target-o, reflection, denied)
09-29 23:00:54.251  1507  2126 W Icing   : Failed to get Lockbox signed-in status: java.util.concurrent.TimeoutException: Timed out waiting for Task
09-29 23:00:54.251  1507  2126 W Icing   : getSignedInAccountName: Falling back to default value
09-29 23:00:54.289   531  1722 D SafetySourceDataValidator: No cert check requested for package com.google.android.permissioncontroller
09-29 23:00:54.290  1221  1271 D CompatibilityChangeReporter: Compat change id reported: 183155436; UID 10162; state: ENABLED
09-29 23:00:54.295   531  2308 D SafetySourceDataValidator: No cert check requested for package com.google.android.permissioncontroller
09-29 23:00:54.304   531  1894 D SafetySourceDataValidator: No cert check requested for package com.google.android.permissioncontroller
09-29 23:00:54.311  1197  1197 I WearableService: onCreate: Wearable Services not starting. Wear is not available on this device.
09-29 23:00:54.315  1221  1273 D CompatibilityChangeReporter: Compat change id reported: 160794467; UID 10162; state: ENABLED
09-29 23:00:54.316   531  2308 D SafetySourceDataValidator: No cert check requested for package com.google.android.permissioncontroller
09-29 23:00:54.344   531  1894 D SafetySourceDataValidator: No cert check requested for package com.google.android.permissioncontroller
09-29 23:00:54.352  1197  2958 W .gms.persistent: Long monitor contention with owner netscheduler-queue-handler (3075) at int bytb.l(bysm, aphn)(:com.google.android.gms@231818044@23.18.18 (190400-535401451):59) waiters=0 in void bytb.t(boolean, awbu) for 894ms
09-29 23:00:54.358  3362  3362 V GraphicsEnvironment: Currently set values for:
09-29 23:00:54.358  3362  3362 V GraphicsEnvironment:   angle_gl_driver_selection_pkgs=[]
09-29 23:00:54.358  3362  3362 V GraphicsEnvironment:   angle_gl_driver_selection_values=[]
09-29 23:00:54.358  3362  3362 V GraphicsEnvironment: ANGLE GameManagerService for com.google.android.packageinstaller: false
09-29 23:00:54.358  3362  3362 V GraphicsEnvironment: com.google.android.packageinstaller is not listed in per-application setting
09-29 23:00:54.358  3362  3362 V GraphicsEnvironment: Neither updatable production driver nor prerelease driver is supported.
09-29 23:00:54.376  1221  1221 V SafetyCenterBackgroundR: Scheduling a periodic background refresh with , interval=86400000requires charging=true
09-29 23:00:54.393   319   319 D Zygote  : Forked child process 3404
09-29 23:00:54.400   741   741 I Choreographer: Skipped 327 frames!  The application may be doing too much work on its main thread.
09-29 23:00:54.403  3404  3404 I id.partnersetup: Using CollectorTypeCC GC.
09-29 23:00:54.409  3404  3404 E id.partnersetup: Not starting debugger since process cannot load the jdwp agent.
09-29 23:00:54.438  3404  3404 D CompatibilityChangeReporter: Compat change id reported: 171979766; UID 10115; state: ENABLED
09-29 23:00:54.438  3404  3404 D CompatibilityChangeReporter: Compat change id reported: 242716250; UID 10115; state: DISABLED
09-29 23:00:54.467  3404  3404 D nativeloader: Configuring clns-6 for other apk /system/framework/org.apache.http.legacy.jar. target_sdk_version=33, uses_libraries=ALL, library_path=/product/priv-app/PartnerSetupPrebuilt/lib/arm64, permitted_path=/data:/mnt/expand:/data/user/0/com.google.android.partnersetup
09-29 23:00:54.472  3404  3404 D nativeloader: InitLlndkLibrariesProduct: libEGL.so:libGLESv1_CM.so:libGLESv2.so:libGLESv3.so:libRS.so:libandroid_net.so:libbinder_ndk.so:libc.so:libcgrouprc.so:libclang_rt.asan-aarch64-android.so:libclang_rt.hwasan-aarch64-android.so:libcom.android.tethering.connectivity_native.so:libdl.so:libft2.so:liblog.so:libm.so:libmediandk.so:libnativewindow.so:libneuralnetworks.so:libselinux.so:libsync.so:libvndksupport.so:libvulkan.so
09-29 23:00:54.472  3404  3404 D nativeloader: Configuring product-clns-7 for unbundled product apk /product/priv-app/PartnerSetupPrebuilt/PartnerSetupPrebuilt.apk. target_sdk_version=33, uses_libraries=, library_path=/product/priv-app/PartnerSetupPrebuilt/lib/arm64:/product/lib64:/system/product/lib64, permitted_path=/data:/mnt/expand:/data/user/0/com.google.android.partnersetup:/product/lib64:/system/product/lib64
09-29 23:00:54.473  3404  3404 D nativeloader: InitVndkspLibrariesProduct: android.hardware.common-V2-ndk.so:android.hardware.common.fmq-V1-ndk.so:android.hardware.graphics.allocator-V2-ndk.so:android.hardware.graphics.common-V4-ndk.so:android.hardware.graphics.common@1.0.so:android.hardware.graphics.common@1.1.so:android.hardware.graphics.common@1.2.so:android.hardware.graphics.composer3-V1-ndk.so:android.hardware.graphics.mapper@2.0.so:android.hardware.graphics.mapper@2.1.so:android.hardware.graphics.mapper@3.0.so:android.hardware.graphics.mapper@4.0.so:android.hardware.renderscript@1.0.so:android.hidl.memory.token@1.0.so:android.hidl.memory@1.0-impl.so:android.hidl.memory@1.0.so:android.hidl.safe_union@1.0.so:libRSCpuRef.so:libRSDriver.so:libRS_internal.so:libbase.so:libbcinfo.so:libblas.so:libc++.so:libcompiler_rt.so:libcutils.so:libdmabufheap.so:libgralloctypes.so:libhardware.so:libhidlbase.so:libhidlmemory.so:libion.so:libjsoncpp.so:liblzma.so:libprocessgroup.so:libunwindstack.so:libutils.so:libutilscallstack.so:libz.so
09-29 23:00:54.483   741  1144 D BufferPoolAccessor2.0: evictor expired: 1, evicted: 0
09-29 23:00:54.496  1197  2035 W ProviderHelper: Unknown dynamite feature providerinstaller.dynamite
09-29 23:00:54.508  1197  3076 I NearbyMediums: BluetoothAdapter's name was not set by Nearby Connections, ignoring call to restore default scan mode. [CONTEXT service_id=54 ]
09-29 23:00:54.509  1197  2717 I NearbyDiscovery: FastPairScanner: isScreenOn=true, scanWithScreenOff=false, isLocationEnabled=true, disableLocationRequirement=true, isDiscoveryScanningEnabled=true, during24GhzWifiWarmingUpPeriod=false [CONTEXT service_id=265 ]
09-29 23:00:54.515  1197  3076 I NearbyMediums: BluetoothAdapter's name was not set by Nearby Connections, ignoring call to restore device name [CONTEXT service_id=54 ]
09-29 23:00:54.519  3276  3326 W ProviderInstaller: Failed to load providerinstaller module: No acceptable module com.google.android.gms.providerinstaller.dynamite found. Local version is 0 and remote version is 0.
09-29 23:00:54.526  3276  3326 D nativeloader: Configuring clns-8 for other apk /system/framework/com.android.media.remotedisplay.jar. target_sdk_version=33, uses_libraries=ALL, library_path=/product/priv-app/PrebuiltGmsCore/lib/arm64:/product/priv-app/PrebuiltGmsCore/PrebuiltGmsCore.apk!/lib/arm64-v8a, permitted_path=/data:/mnt/expand:/data/user/0/com.google.android.gms
09-29 23:00:54.530  3276  3326 D nativeloader: Configuring clns-9 for other apk /system/framework/com.android.location.provider.jar. target_sdk_version=33, uses_libraries=ALL, library_path=/product/priv-app/PrebuiltGmsCore/lib/arm64:/product/priv-app/PrebuiltGmsCore/PrebuiltGmsCore.apk!/lib/arm64-v8a, permitted_path=/data:/mnt/expand:/data/user/0/com.google.android.gms
09-29 23:00:54.530  3276  3326 D ApplicationLoaders: Returning zygote-cached class loader: /system_ext/framework/androidx.window.extensions.jar
09-29 23:00:54.530  3276  3326 D ApplicationLoaders: Returning zygote-cached class loader: /system_ext/framework/androidx.window.sidecar.jar
09-29 23:00:54.543  1221  1221 D SafetyLabelChangesJobService: Received broadcast with intent action 'android.intent.action.BOOT_COMPLETED'
09-29 23:00:54.544  1197  2717 I NearbyDiscovery: FastPairScanner: Start scanning internally in LOW_POWER_SCANNING [CONTEXT service_id=265 ]
09-29 23:00:54.548  3404  3404 V GraphicsEnvironment: Currently set values for:
09-29 23:00:54.548  3404  3404 V GraphicsEnvironment:   angle_gl_driver_selection_pkgs=[]
09-29 23:00:54.548  3404  3404 V GraphicsEnvironment:   angle_gl_driver_selection_values=[]
09-29 23:00:54.549  3404  3404 V GraphicsEnvironment: ANGLE GameManagerService for com.google.android.partnersetup: false
09-29 23:00:54.549  3404  3404 V GraphicsEnvironment: com.google.android.partnersetup is not listed in per-application setting
09-29 23:00:54.549  3404  3404 V GraphicsEnvironment: Neither updatable production driver nor prerelease driver is supported.
09-29 23:00:54.550  3276  3326 D nativeloader: Configuring product-clns-10 for unbundled product apk /product/priv-app/PrebuiltGmsCore/PrebuiltGmsCore.apk. target_sdk_version=33, uses_libraries=, library_path=/product/priv-app/PrebuiltGmsCore/lib/arm64:/product/priv-app/PrebuiltGmsCore/PrebuiltGmsCore.apk!/lib/arm64-v8a:/product/lib64:/system/product/lib64, permitted_path=/data:/mnt/expand:/data/user/0/com.google.android.gms:/product/lib64:/system/product/lib64
09-29 23:00:54.580  3276  3326 V NativeCrypto: Registering com/google/android/gms/org/conscrypt/NativeCrypto's 295 native methods...
09-29 23:00:54.644  1221  1221 I SafetyLabelChangesJobService: Detect updates job scheduled successfully.
09-29 23:00:54.645  1221  1221 I SafetyLabelChangesJobService: Not scheduling notification job: already scheduled.
09-29 23:00:54.663  3276  3326 I ProviderInstaller: Installed default security provider GmsCore_OpenSSL
09-29 23:00:54.680  3404  3404 D CompatibilityChangeReporter: Compat change id reported: 194532703; UID 10115; state: ENABLED
09-29 23:00:54.680  3404  3404 D CompatibilityChangeReporter: Compat change id reported: 253665015; UID 10115; state: DISABLED
09-29 23:00:54.727   741   858 D EGL_emulation: app_time_stats: avg=18531.36ms min=18531.36ms max=18531.36ms count=1
09-29 23:00:54.731   741   752 I OpenGLRenderer: Davey! duration=5782ms; Flags=0, FrameTimelineVsyncId=7083, IntendedVsync=41806236152, Vsync=47256235934, InputEventId=0, HandleInputStart=47300839604, AnimationStart=47300840646, PerformTraversalsStart=47301453187, DrawStart=47576711146, FrameDeadline=41822902818, FrameInterval=47261386937, FrameStartTime=16666666, SyncQueued=47576991104, SyncStart=47577155396, IssueDrawCommandsStart=47577379813, SwapBuffers=47577957438, FrameCompleted=47588929146, DequeueBufferDuration=2875, QueueBufferDuration=9556166, GpuCompleted=47588564313, SwapBuffersCompleted=47588929146, DisplayPresentTime=0, CommandSubmissionCompleted=47577957438,
09-29 23:00:54.733  1221  1221 D PermissionStorageTimeChangeReceiver: systemTimeSnapshot set to 1696006854733
09-29 23:00:54.733  1221  1221 D PermissionStorageTimeChangeReceiver: realtimeSnapshot set to 47593
09-29 23:00:54.743   531   666 D InetDiagMessage: Destroyed 0 sockets, proto=IPPROTO_TCP, family=AF_INET, states=14
09-29 23:00:54.743   531   666 D InetDiagMessage: Destroyed 0 sockets, proto=IPPROTO_TCP, family=AF_INET6, states=14
09-29 23:00:54.744   531   666 D InetDiagMessage: Destroyed live tcp sockets for uids={[10108, 10108]} exemptUids={} in 0ms
