09-29 23:36:35.906  5141  5163 I TestRunner: started: testInternetSettings(ru.netology.testing.uiautomator.ChangeTextTest)
09-29 23:36:35.909  5141  5163 I UiAutomation: Initialized for user 0 on display 0
09-29 23:36:35.916  1389  4206 I AiAiEcho: Settings changed for uri: content://settings/secure/accessibility_enabled
09-29 23:36:35.921  1389  1712 I AiAiEcho: Predicting[0]:
09-29 23:36:35.922  1389  1712 I AiAiEcho: EchoTargets:
09-29 23:36:35.922  1389  1712 I AiAiEcho: Filtered by AiAi flag check:
09-29 23:36:35.923  1389  1712 I AiAiEcho: Ranked targets strategy: SORT, count: 0, ranking metadata:
09-29 23:36:35.926  1389  1712 I AiAiEcho: Predicting[0]:
09-29 23:36:35.939  1490  2024 I A11yListener: (REDACTED) #onAccessibilityStateChanged enabled: %s
09-29 23:36:35.945  1678  1908 I A       : NGA disabled due to not being eligible.
09-29 23:36:35.977  1389  1712 I AiAiEcho: EchoTargets:
09-29 23:36:35.977  1389  1712 I AiAiEcho: Filtered by AiAi flag check:
09-29 23:36:35.986  1490  2128 I A11yListener: #onChange
09-29 23:36:35.993  1389  1712 I AiAiEcho: Ranked targets strategy: SORT, count: 0, ranking metadata:
09-29 23:36:35.994  1389  1712 I AiAiEcho: Predicting[0]:
09-29 23:36:36.000  1389  1712 I AiAiEcho: EchoTargets:
09-29 23:36:36.000  1389  1712 I AiAiEcho: Filtered by AiAi flag check:
09-29 23:36:36.001  1389  1712 I AiAiEcho: Ranked targets strategy: SORT, count: 0, ranking metadata:
09-29 23:36:36.012  1389  4206 I AiAiEcho: Settings changed for uri: content://settings/secure/accessibility_enabled
09-29 23:36:36.018   543  1834 D SafetySourceDataValidator: No cert check requested for package com.google.android.permissioncontroller
09-29 23:36:36.038  1490  2128 E TraceManager: Duplicate trace
09-29 23:36:36.038  1490  2128 E TraceManager: com.google.apps.tiktok.tracing.w: Starting new trace A11yEventListener_onChange when already associated with a trace: . For more help, see http://go/tiktok-tracing#fixing-duplicate-trace-issues
09-29 23:36:36.038  1490  2128 E TraceManager: 	at com.google.apps.tiktok.tracing.el.f(PG:6)
09-29 23:36:36.038  1490  2128 E TraceManager: 	at com.google.apps.tiktok.tracing.el.g(PG:2)
09-29 23:36:36.038  1490  2128 E TraceManager: 	at com.google.apps.tiktok.tracing.dv.d(PG:1)
09-29 23:36:36.038  1490  2128 E TraceManager: 	at com.google.android.libraries.search.assistant.a.g.a(PG:7)
09-29 23:36:36.038  1490  2128 E TraceManager: 	at com.google.android.libraries.search.assistant.a.b.b(PG:2)
09-29 23:36:36.038  1490  2128 E TraceManager: 	at i.c.b.a.a.h(PG:4)
09-29 23:36:36.038  1490  2128 E TraceManager: 	at kotlinx.coroutines.bk.run(PG:14)
09-29 23:36:36.038  1490  2128 E TraceManager: 	at com.google.apps.tiktok.coroutines.g.run(PG:1)
09-29 23:36:36.038  1490  2128 E TraceManager: 	at com.google.android.libraries.i.z.run(PG:1)
09-29 23:36:36.038  1490  2128 E TraceManager: 	at java.util.concurrent.ThreadPoolExecutor.runWorker(ThreadPoolExecutor.java:1145)
09-29 23:36:36.038  1490  2128 E TraceManager: 	at java.util.concurrent.ThreadPoolExecutor$Worker.run(ThreadPoolExecutor.java:644)
09-29 23:36:36.038  1490  2128 E TraceManager: 	at com.google.android.libraries.i.h.run(PG:2)
09-29 23:36:36.038  1490  2128 E TraceManager: 	at java.lang.Thread.run(Thread.java:1012)
09-29 23:36:36.038  1490  2128 E TraceManager: 	at com.google.android.libraries.i.ai.run(PG:5)
09-29 23:36:36.038  1490  2128 E TraceManager: 	Suppressed: com.google.apps.tiktok.tracing.fv:
09-29 23:36:36.038  1490  2128 E TraceManager: 		at tk_trace.(Unknown Source:0)
09-29 23:36:36.038  1490  2128 E TraceManager: 		at tk_trace.Missing root trace(Unknown Source:0)
09-29 23:36:36.038  1490  2128 E TraceManager: Caused by: com.google.apps.tiktok.tracing.aa
09-29 23:36:36.042  5141  5165 V UiAutomation: Init UiAutomation@2f98c75[id=5, displayId=0, flags=0]
09-29 23:36:36.053  1389  1712 I AiAiEcho: #postPredictionTargets: Sending updates to UISurface home with targets# 0 (types=[])
09-29 23:36:36.058  1389  1712 I AiAiEcho: #postPredictionTargets: Sending updates to UISurface lockscreen with targets# 0 (types=[])
09-29 23:36:36.058  1490  2128 I Ma-Fcf-A11yChangeNotifier: #FCF: onChange
09-29 23:36:36.059  1389  1712 I AiAiEcho: #postPredictionTargets: Sending updates to UISurface media_data_manager with targets# 0 (types=[])
09-29 23:36:36.059  1389  1712 I AiAiEcho: Predicting[0]:
09-29 23:36:36.059  1389  1712 I AiAiEcho: EchoTargets:
09-29 23:36:36.059  1389  1712 I AiAiEcho: Filtered by AiAi flag check:
09-29 23:36:36.060  1389  1712 I AiAiEcho: Ranked targets strategy: SORT, count: 0, ranking metadata:
09-29 23:36:36.060  1389  1712 I AiAiEcho: Predicting[0]:
09-29 23:36:36.061  1389  1712 I AiAiEcho: EchoTargets:
09-29 23:36:36.061  1389  1712 I AiAiEcho: Filtered by AiAi flag check:
09-29 23:36:36.062  1490  2136 I A       : (REDACTED) #FCF: Assistant primary locale : %s
09-29 23:36:36.062  1490  2136 I A       : (REDACTED) #FCF: Assistant Primary locale check status : %s
09-29 23:36:36.063  1490  2128 I A       : FCF A11y Checker - readyForTngMa
09-29 23:36:36.064  1389  1712 I AiAiEcho: Ranked targets strategy: SORT, count: 0, ranking metadata:
09-29 23:36:36.064  1389  1712 I AiAiEcho: Predicting[0]:
09-29 23:36:36.065  1389  1712 I AiAiEcho: EchoTargets:
09-29 23:36:36.065  1389  1712 I AiAiEcho: Filtered by AiAi flag check:
09-29 23:36:36.065  1389  1712 I AiAiEcho: Ranked targets strategy: SORT, count: 0, ranking metadata:
09-29 23:36:36.065  1490  2136 I A       : (REDACTED) #FCF: Continued Conversation Mode Enabled: %s
09-29 23:36:36.078  1490  2136 I A       : (REDACTED) #FCF: Headset Connected Status: %s
09-29 23:36:36.079  1490  2136 W A       : Unable to check for productivity accounts. Assuming there are none.
09-29 23:36:36.079  1490  2136 W A       : com.google.android.libraries.geller.portable.GellerException: Code: INVALID_ARGUMENT, Message: Account name is null.
09-29 23:36:36.079  1490  2136 W A       : 	at com.google.android.libraries.search.h.k.a(PG:6)
09-29 23:36:36.079  1490  2136 W A       : 	at com.google.apps.tiktok.tracing.es.a(PG:3)
09-29 23:36:36.079  1490  2136 W A       : 	at com.google.common.w.a.bc.a(PG:1)
09-29 23:36:36.079  1490  2136 W A       : 	at com.google.common.w.a.cw.run(PG:4)
09-29 23:36:36.079  1490  2136 W A       : 	at com.google.android.libraries.i.z.run(PG:1)
09-29 23:36:36.079  1490  2136 W A       : 	at java.util.concurrent.ThreadPoolExecutor.runWorker(ThreadPoolExecutor.java:1145)
09-29 23:36:36.079  1490  2136 W A       : 	at java.util.concurrent.ThreadPoolExecutor$Worker.run(ThreadPoolExecutor.java:644)
09-29 23:36:36.079  1490  2136 W A       : 	at com.google.android.libraries.i.h.run(PG:2)
09-29 23:36:36.079  1490  2136 W A       : 	at java.lang.Thread.run(Thread.java:1012)
09-29 23:36:36.079  1490  2136 W A       : 	at com.google.android.libraries.i.ai.run(PG:5)
09-29 23:36:36.082  1490  2128 I A       : (REDACTED) #FCF evaluate: %s
09-29 23:36:36.083  1389  1712 I AiAiEcho: #postPredictionTargets: Sending updates to UISurface home with targets# 0 (types=[])
09-29 23:36:36.083  1490  2128 I A       : (REDACTED) TngMaStatusChecker#evaluateInternal completed in %s millis
09-29 23:36:36.084  1490  2128 I Ma-Entry-Triggering: (REDACTED) TNG:MA status updated: %s
09-29 23:36:36.084  1389  1712 I AiAiEcho: #postPredictionTargets: Sending updates to UISurface lockscreen with targets# 0 (types=[])
09-29 23:36:36.085  1490  2128 I Ma-Entry-Triggering: TNG:MA became ineligible, client should disconnect
09-29 23:36:36.085  1389  1712 I AiAiEcho: #postPredictionTargets: Sending updates to UISurface media_data_manager with targets# 0 (types=[])
09-29 23:36:36.086  1490  2128 I Ma-Entry-Triggering: #disconnectAndStop - preventing double stop
09-29 23:36:36.090  1490  2128 I A       : #invalidationSource: adding headset checker
09-29 23:36:36.095  1490  2128 I A       : #invalidationSource : adding a11y checker
09-29 23:36:36.098   750   750 W PageIndicator: Total number of pages invalid: 0. Assuming 1 page.
09-29 23:36:36.098   750   750 D SsMediaDataProvider: Forwarding Smartspace updates []
09-29 23:36:36.098   750   750 W PageIndicator: Total number of pages invalid: 0. Assuming 1 page.
09-29 23:36:36.098   750   750 D SsMediaDataProvider: Forwarding Smartspace updates []
09-29 23:36:36.112  1673  2703 I Icing   : Indexing done com.google.android.gms-apps
09-29 23:36:36.139  1389  2597 W ogle.android.as: Long monitor contention with owner aiai-min-shared-0 (2054) at java.lang.Object erb.b()(PG:2) waiters=0 in java.lang.Object erb.b() for 563ms
09-29 23:36:36.629  1019  1019 D TaplTarget: Launcher.onNewIntent: Intent { act=android.intent.action.MAIN cat=[android.intent.category.HOME] flg=0x10000100 cmp=com.google.android.apps.nexuslauncher/.NexusLauncherActivity (has extras) }
09-29 23:36:36.635   750   750 I vol.VolumeDialogImpl: mDialog.dismiss() reason: volume_controller from: com.android.systemui.volume.VolumeDialogImpl$7.onDismissRequested:3
09-29 23:36:36.638   543  1514 W AppSearchIcing: icing-search-engine.cc:283: Error: 5, Message: Document (com.google.android.googlequicksearchbox$OneSearchZeroStateGoogleSuggestions/default, zp) not found.
09-29 23:36:36.640   750  1670 D KeyguardService: setOccluded(false)
09-29 23:36:36.641   750  1670 D KeyguardViewMediator: setOccluded(false)
09-29 23:36:36.643  1019  1693 D OneSearchSuggestProvider: Established or reuse existing binder channel authority=com.google.android.googlequicksearchbox
09-29 23:36:36.648  1389  1712 I AiAiEcho: Predicting[0]:
09-29 23:36:36.649  1389  1712 I AiAiEcho: EchoTargets:
09-29 23:36:36.649  1389  1712 I AiAiEcho: Filtered by AiAi flag check:
09-29 23:36:36.649  1389  1712 I AiAiEcho: Ranked targets strategy: SORT, count: 0, ranking metadata:
09-29 23:36:36.650   750   750 D KeyguardViewMediator: handleSetOccluded(false)
09-29 23:36:36.651  1389  1712 I AiAiEcho: #postPredictionTargets: Sending updates to UISurface home with targets# 0 (types=[])
09-29 23:36:36.664  1019  1019 D SearchTargetUtil:  query= size=0
09-29 23:36:36.669   750   750 I vol.VolumeDialogImpl: mDialog.dismiss() reason: volume_controller from: com.android.systemui.volume.VolumeDialogImpl$7.onDismissRequested:3
09-29 23:36:36.669   750   750 D vol.VolumeDialogImpl: dismissH: skipping dismiss because isAnimatingDismiss is true and showingStateInconsistent is false
09-29 23:36:37.669  5141  5163 W InteractionController: runAndwaitForEvents timed out waiting for events
09-29 23:36:38.642  1678  1678 I BgTaskExecutorImpl: (REDACTED) Starting %s background task %s.
09-29 23:36:38.681  1673  5123 I ChimeraConfigurator: Starting update, reason: 4 urgentFeatures: vision.ocr:-1
09-29 23:36:38.722  1678  4009 I NetworkRecognitionRnr: Using pair HTTP connection
09-29 23:36:38.763  1678  4135 I A       : [Upload] Connected
09-29 23:36:38.780  1673  5123 I ChimeraConfigurator: Detected pending changes for urgent request: [vision.ocr]. Pending module sets: container:2318189190400+mlkit.ocr.common,tflite_dynamite:2318100055100400+tflite_dynamite,vision_ocr:2316024025100000+vision.ocr
09-29 23:36:38.810  1678  1678 E A       : onError
09-29 23:36:38.810  1678  1678 E A       : com.google.android.apps.gsa.shared.speech.a.m: errorCode: 65561, engine: 2
09-29 23:36:38.810  1678  1678 E A       : 	at com.google.android.apps.gsa.staticplugins.da.a.f.a(PG:3)
09-29 23:36:38.810  1678  1678 E A       : 	at com.google.android.apps.gsa.s3.o.gO(PG:1)
09-29 23:36:38.810  1678  1678 E A       : 	at com.google.cc.g.a.f.e(PG:2)
09-29 23:36:38.810  1678  1678 E A       : 	at com.google.android.apps.gsa.speech.k.a.g.d(PG:22)
09-29 23:36:38.810  1678  1678 E A       : 	at com.google.android.apps.gsa.speech.k.a.g.jB(PG:6)
09-29 23:36:38.810  1678  1678 E A       : 	at com.google.android.apps.gsa.s3.p.c(PG:14)
09-29 23:36:38.810  1678  1678 E A       : 	at com.google.android.apps.gsa.s3.q.run(PG:1)
09-29 23:36:38.810  1678  1678 E A       : 	at java.util.concurrent.Executors$RunnableAdapter.call(Executors.java:487)
09-29 23:36:38.810  1678  1678 E A       : 	at java.util.concurrent.FutureTask.run(FutureTask.java:264)
09-29 23:36:38.810  1678  1678 E A       : 	at com.google.android.apps.gsa.shared.util.c.a.e.run(PG:2)
09-29 23:36:38.810  1678  1678 E A       : 	at com.google.android.apps.gsa.shared.util.c.a.bi.run(PG:1)
09-29 23:36:38.810  1678  1678 E A       : 	at com.google.android.apps.gsa.shared.util.c.a.bi.run(PG:1)
09-29 23:36:38.810  1678  1678 E A       : 	at java.util.concurrent.ThreadPoolExecutor.runWorker(ThreadPoolExecutor.java:1145)
09-29 23:36:38.810  1678  1678 E A       : 	at java.util.concurrent.ThreadPoolExecutor$Worker.run(ThreadPoolExecutor.java:644)
09-29 23:36:38.810  1678  1678 E A       : 	at java.lang.Thread.run(Thread.java:1012)
09-29 23:36:38.810  1678  1678 E A       : 	at com.google.android.apps.gsa.shared.util.c.a.l.run(PG:5)
09-29 23:36:38.810  1678  1678 E A       : Caused by: com.google.android.apps.gsa.shared.speech.a.o: errorCode: 65586, engine: 2
09-29 23:36:38.810  1678  1678 E A       : 	... 15 more
09-29 23:36:38.810  1678  1678 E A       : Caused by: com.google.android.apps.gsa.shared.speech.a.k: errorCode: 401, engine: 2
09-29 23:36:38.810  1678  1678 E A       : 	at com.google.android.apps.gsa.assistant.shared.n.h.a(PG:5)
09-29 23:36:38.810  1678  1678 E A       : 	at com.google.android.apps.gsa.s3.producers.j.hh(PG:2)
09-29 23:36:38.810  1678  1678 E A       : 	at com.google.android.apps.gsa.speech.k.a.g.d(PG:16)
09-29 23:36:38.810  1678  1678 E A       : 	... 12 more
09-29 23:36:38.816  1678  4135 I NetworkRecognitionRnr: Using pair HTTP connection
09-29 23:36:38.818  1678  4134 I A       : [Upload] Connected
09-29 23:36:38.827  1673  5123 I GmsDebugLogger: [73] 1801
09-29 23:36:38.828  1678  1678 W A       : Failed to sync device settings.
09-29 23:36:38.828  1678  1678 I A       : Retrying to sync device settings.
09-29 23:36:38.849  1673  5123 W ZappDownloader: No successful module downloads for requested features [vision.ocr].
09-29 23:36:38.851  1673  5123 I GmsDebugLogger: [30] [VisionOcrDynamite.integ:231602402100000],[TfliteDynamiteDynamite.integ:231810005100400],[MlkitOcrCommon.optional:231818100400]
09-29 23:36:38.861  1673  5123 W ChimeraConfigService: Retry attempt was throttled. [CONTEXT service_id=264 ]
09-29 23:36:38.865  1673  5123 I GmsDebugLogger: [83] 1 [vision.ocr]
09-29 23:36:38.877  1673  5121 W Vision  : Request for optional module download of ocr failed. Request again.
09-29 23:36:38.877  1673  5121 W Vision  : Would have logged:
09-29 23:36:38.877  1673  5121 W Vision  : # dsae@37884fe7
09-29 23:36:38.877  1673  5121 I Vision  : Schedule retrying download ocr at 188357 with backoff 80 seconds
09-29 23:36:38.957  1154  4870 I NetworkScheduler.Stats: Task com.google.android.gms/com.google.android.gms.pay.gcmtask.PayGcmTaskService started execution. cause:4 exec_start_elapsed_seconds: 188 [CONTEXT service_id=218 ]
09-29 23:36:38.982  1154  4452 I NetworkScheduler.Stats: Task com.google.android.gms/com.google.android.gms.pay.gcmtask.PayGcmTaskService finished executing. cause:4 result: 1 elapsed_millis: 49 uptime_millis: 49 exec_start_elapsed_seconds: 188 [CONTEXT service_id=218 ]
09-29 23:36:38.994  1154  5087 V NFC     : this device does not have NFC support
09-29 23:36:39.013  1154  4452 I NetworkScheduler.Stats: Task com.google.android.gms/com.google.android.gms.tapandpay.gcmtask.TapAndPayGcmTaskService started execution. cause:4 exec_start_elapsed_seconds: 188 [CONTEXT service_id=218 ]
09-29 23:36:39.018  1154  5087 W TapAndPay: NfcAdapter is null while obtaining CardEmulation instance. [CONTEXT service_id=79 ]
09-29 23:36:39.018  1154  5087 W TapAndPay: java.lang.NullPointerException: NfcAdapter is null
09-29 23:36:39.018  1154  5087 W TapAndPay: 	at android.nfc.cardemulation.CardEmulation.getInstance(CardEmulation.java:152)
09-29 23:36:39.018  1154  5087 W TapAndPay: 	at cdoy.<init>(:com.google.android.gms@231818044@23.18.18 (190400-535401451):0)
09-29 23:36:39.018  1154  5087 W TapAndPay: 	at com.google.android.gms.tapandpay.hce.task.TapAndPayAidRegistrationTaskOperation.a(:com.google.android.gms@231818044@23.18.18 (190400-535401451):5)
09-29 23:36:39.018  1154  5087 W TapAndPay: 	at com.google.android.gms.tapandpay.gcmtask.TapAndPayGcmTaskChimeraService.a(:com.google.android.gms@231818044@23.18.18 (190400-535401451):4)
09-29 23:36:39.018  1154  5087 W TapAndPay: 	at avzs.call(:com.google.android.gms@231818044@23.18.18 (190400-535401451):4)
09-29 23:36:39.018  1154  5087 W TapAndPay: 	at java.util.concurrent.FutureTask.run(FutureTask.java:264)
09-29 23:36:39.018  1154  5087 W TapAndPay: 	at aced.c(:com.google.android.gms@231818044@23.18.18 (190400-535401451):6)
09-29 23:36:39.018  1154  5087 W TapAndPay: 	at aced.run(:com.google.android.gms@231818044@23.18.18 (190400-535401451):7)
09-29 23:36:39.018  1154  5087 W TapAndPay: 	at java.util.concurrent.ThreadPoolExecutor.runWorker(ThreadPoolExecutor.java:1145)
09-29 23:36:39.018  1154  5087 W TapAndPay: 	at java.util.concurrent.ThreadPoolExecutor$Worker.run(ThreadPoolExecutor.java:644)
09-29 23:36:39.018  1154  5087 W TapAndPay: 	at acjn.run(:com.google.android.gms@231818044@23.18.18 (190400-535401451):0)
09-29 23:36:39.018  1154  5087 W TapAndPay: 	at java.lang.Thread.run(Thread.java:1012)
09-29 23:36:39.030  1154  4452 I NetworkScheduler.Stats: Task com.google.android.gms/com.google.android.gms.tapandpay.gcmtask.TapAndPayGcmTaskService finished executing. cause:4 result: 3 elapsed_millis: 61 uptime_millis: 61 exec_start_elapsed_seconds: 188 [CONTEXT service_id=218 ]
09-29 23:36:39.035   750   750 D StatusBarIconController: ignoring old pipeline callback because the new wifi icon is enabled
09-29 23:36:39.118  5035  5035 I AidlLazyServiceRegistrar: Process has 0 (of 1 available) client(s) in use after notification artd has clients: 0
09-29 23:36:39.118  5035  5035 I AidlLazyServiceRegistrar: Trying to shut down the service. No clients in use for any service in process.
09-29 23:36:39.119  5035  5035 I AidlLazyServiceRegistrar: Unregistered all clients and exiting
09-29 23:36:39.644   750   750 D StatusBarIconController: ignoring old pipeline callbacks, because the new mobile icons are enabled
09-29 23:36:40.893   543  1081 D ConnectivityService: requestNetwork for uid/pid:10123/1678 activeRequest: null callbackRequest: 165 [NetworkRequest [ REQUEST id=165, [ Transports: CELLULAR Capabilities: INTERNET&NOT_RESTRICTED&TRUSTED&NOT_VPN&NOT_VCN_MANAGED Uid: 10123 RequestorUid: 10123 RequestorPkg: com.google.android.googlequicksearchbox UnderlyingNetworks: Null] ]] callback flags: 0 order: 2147483647
09-29 23:36:40.898   317   371 I netd    : networkSetPermissionForNetwork(100, 0) <2.77ms>
09-29 23:36:40.925   543   675 D ConnectivityService: NetReassign [165 : null → 100] [c 0] [a 28] [i 3]
09-29 23:36:40.927   543   675 D ConnectivityService: reportNetworkConnectivity(101, false) by 10123
09-29 23:36:40.929   800  1959 D NetworkMonitor/101: Forcing reevaluation for UID 10123. Dns signal count: 0
09-29 23:36:40.942   800  5171 D TrafficStats: tagSocket(5) with statsTag=0xffffff81, statsUid=-1
09-29 23:36:40.943   800  5170 D TrafficStats: tagSocket(68) with statsTag=0xffffff81, statsUid=-1
09-29 23:36:40.944   800  5170 D TrafficStats: tagSocket(68) with statsTag=0xffffff81, statsUid=-1
09-29 23:36:40.944   800  5171 D TrafficStats: tagSocket(107) with statsTag=0xffffff81, statsUid=-1
09-29 23:36:40.948   317  5173 I resolv  : ResNSendHandler::run: 0 / {101 983141 101 983141 1073 1}
09-29 23:36:40.949   317  5172 I resolv  : ResNSendHandler::run: 0 / {101 983141 101 983141 1073 1}
09-29 23:36:40.949   317  5172 I resolv  : resolv_cache_lookup: FOUND IN CACHE entry=0xb40000714f128b30
09-29 23:36:40.952   317  5174 I resolv  : ResNSendHandler::run: 0 / {101 983141 101 983141 1073 1}
09-29 23:36:40.952   317  5174 I resolv  : resolv_cache_lookup: FOUND IN CACHE entry=0xb40000714f128270
09-29 23:36:40.953   317  5173 I resolv  : res_nsend: used send_dg 75 terrno: 0
09-29 23:36:40.953   800   800 D TrafficStats: tagSocket(5) with statsTag=0xffffffff, statsUid=-1
09-29 23:36:40.954   800   800 D TrafficStats: tagSocket(5) with statsTag=0xffffffff, statsUid=-1
09-29 23:36:40.954   317  5175 I resolv  : ResNSendHandler::run: 0 / {101 983141 101 983141 1073 1}
09-29 23:36:40.954   317  5175 I resolv  : resolv_cache_lookup: FOUND IN CACHE entry=0xb40000714f1293f0
09-29 23:36:40.955   800   800 D TrafficStats: tagSocket(5) with statsTag=0xffffffff, statsUid=-1
09-29 23:36:40.955   800  5170 D NetworkMonitor/101: PROBE_DNS www.google.com 12ms OK 216.239.38.120,2001:4860:4802:32::78
09-29 23:36:40.957   800   800 D TrafficStats: tagSocket(5) with statsTag=0xffffffff, statsUid=-1
09-29 23:36:40.957   800  5171 D NetworkMonitor/101: PROBE_DNS connectivitycheck.gstatic.com 15ms OK 64.233.165.94,2a00:1450:4010:c07::5e
09-29 23:36:40.959   317  5177 I resolv  : GetAddrInfoHandler::run: {101 983141 101 983141 1073 1}
09-29 23:36:40.959   317  5176 I resolv  : GetAddrInfoHandler::run: {101 983141 101 983141 1073 1}
09-29 23:36:40.960   317  5181 I resolv  : res_nmkquery: (QUERY, IN, A)
09-29 23:36:40.961   317  5181 I resolv  : resolv_cache_lookup: FOUND IN CACHE entry=0xb40000714f1293f0
09-29 23:36:40.961   317  5181 I resolv  : doQuery: rcode=0, ancount=1, return value=63
09-29 23:36:40.961   317  5179 I resolv  : res_nmkquery: (QUERY, IN, A)
09-29 23:36:40.961   317  5179 I resolv  : resolv_cache_lookup: FOUND IN CACHE entry=0xb40000714f128270
09-29 23:36:40.961   317  5179 I resolv  : doQuery: rcode=0, ancount=2, return value=78
09-29 23:36:40.962   317  5180 I resolv  : res_nmkquery: (QUERY, IN, AAAA)
09-29 23:36:40.962   317  5180 I resolv  : resolv_cache_lookup: FOUND IN CACHE entry=0xb40000714f127d30
09-29 23:36:40.962   317  5180 I resolv  : doQuery: rcode=0, ancount=1, return value=75
09-29 23:36:40.963   800  5171 D TrafficStats: tagSocket(5) with statsTag=0xffffff81, statsUid=-1
09-29 23:36:40.964   317  5178 I resolv  : res_nmkquery: (QUERY, IN, AAAA)
09-29 23:36:40.964   317  5178 I resolv  : resolv_cache_lookup: FOUND IN CACHE entry=0xb40000714f128b30
09-29 23:36:40.964   317  5178 I resolv  : doQuery: rcode=0, ancount=2, return value=90
09-29 23:36:40.965   800  5170 D TrafficStats: tagSocket(68) with statsTag=0xffffff81, statsUid=-1
09-29 23:36:41.086   800  5171 D NetworkMonitor/101: PROBE_HTTP http://connectivitycheck.gstatic.com/generate_204 time=128ms ret=204 request={Connection=[close], User-Agent=[Mozilla/5.0 (X11; Linux x86_64) AppleWebKit/537.36 (KHTML, like Gecko) Chrome/60.0.3112.32 Safari/537.36]} headers={null=[HTTP/1.1 204 No Content], Connection=[close], Content-Length=[0], Cross-Origin-Resource-Policy=[cross-origin], Date=[Fri, 29 Sep 2023 17:36:41 GMT], X-Android-Received-Millis=[1696009001086], X-Android-Response-Source=[NETWORK 204], X-Android-Selected-Protocol=[http/1.1], X-Android-Sent-Millis=[1696009001024]}
09-29 23:36:41.153   800  5170 D NetworkMonitor/101: PROBE_HTTPS https://www.google.com/generate_204 time=197ms ret=204 request={Connection=[close], User-Agent=[Mozilla/5.0 (X11; Linux x86_64) AppleWebKit/537.36 (KHTML, like Gecko) Chrome/60.0.3112.32 Safari/537.36]} headers={null=[HTTP/1.1 204 No Content], Alt-Svc=[h3=":443"; ma=2592000,h3-29=":443"; ma=2592000], Connection=[close], Content-Length=[0], Cross-Origin-Resource-Policy=[cross-origin], Date=[Fri, 29 Sep 2023 17:36:41 GMT], X-Android-Received-Millis=[1696009001152], X-Android-Response-Source=[NETWORK 204], X-Android-Selected-Protocol=[http/1.1], X-Android-Sent-Millis=[1696009001091]}
09-29 23:36:41.154   800  5169 D NetworkMonitor/101: isCaptivePortal: isSuccessful()=true isPortal()=false RedirectUrl=null isPartialConnectivity()=false Time=217ms
09-29 23:36:41.155   543   675 D ConnectivityService: [101 WIFI] validation passed
09-29 23:36:42.688  1678  4133 W A       : (REDACTED) [%s] response code: %d
09-29 23:36:43.300   362   362 I BpBinder: onLastStrongRef automatically unlinking death recipients:
09-29 23:36:43.343   543  1081 D ConnectivityService: requestNetwork for uid/pid:1000/900 activeRequest: null callbackRequest: 166 [NetworkRequest [ REQUEST id=167, [ Capabilities: INTERNET&NOT_RESTRICTED&TRUSTED&NOT_VCN_MANAGED Uid: 1000 RequestorUid: 1000 RequestorPkg: com.android.settings UnderlyingNetworks: Null] ]] callback flags: 0 order: 2147483647
09-29 23:36:43.362   750   861 V SnapshotDrawerUtils: Drawing snapshot surface sizeMismatch=true
09-29 23:36:43.370   900   900 I TetheringManager: registerTetheringEventCallback caller:com.android.settings
09-29 23:36:43.377  1490  1490 I GsaVoiceInteractionSrv: Handling ACTION_STOP_HOTWORD
09-29 23:36:43.381  1490  2039 I HwDetectorWithState: (REDACTED) a: %d
09-29 23:36:43.385   543   668 D WifiNetworkFactory: got request NetworkRequest [ REQUEST id=167, [ Capabilities: INTERNET&NOT_RESTRICTED&TRUSTED&NOT_VCN_MANAGED Uid: 1000 RequestorUid: 1000 RequestorPkg: com.android.settings UnderlyingNetworks: Null] ]
09-29 23:36:43.385   543   668 D UntrustedWifiNetworkFactory: got request NetworkRequest [ REQUEST id=167, [ Capabilities: INTERNET&NOT_RESTRICTED&TRUSTED&NOT_VCN_MANAGED Uid: 1000 RequestorUid: 1000 RequestorPkg: com.android.settings UnderlyingNetworks: Null] ]
09-29 23:36:43.385   543   668 D OemPaidWifiNetworkFactory: got request NetworkRequest [ REQUEST id=167, [ Capabilities: INTERNET&NOT_RESTRICTED&TRUSTED&NOT_VCN_MANAGED Uid: 1000 RequestorUid: 1000 RequestorPkg: com.android.settings UnderlyingNetworks: Null] ]
09-29 23:36:43.385   543   668 D MultiInternetWifiNetworkFactory: got request NetworkRequest [ REQUEST id=167, [ Capabilities: INTERNET&NOT_RESTRICTED&TRUSTED&NOT_VCN_MANAGED Uid: 1000 RequestorUid: 1000 RequestorPkg: com.android.settings UnderlyingNetworks: Null] ]
09-29 23:36:43.389   543   675 D ConnectivityService: NetReassign [167 : null → 101] [c 8] [a 26] [i 10]
09-29 23:36:43.395  1019  1611 D EGL_emulation: app_time_stats: avg=7657.02ms min=7657.02ms max=7657.02ms count=1
09-29 23:36:43.449   900   949 D SettingsActivity: No enabled state changed, skipping updateCategory call
09-29 23:36:43.464   543  3180 W OpenGLRenderer: Failed to choose config with EGL_SWAP_BEHAVIOR_PRESERVED, retrying without...
09-29 23:36:43.465   543  3180 W OpenGLRenderer: Failed to initialize 101010-2 format, error = EGL_SUCCESS
09-29 23:36:43.473   900   900 W ElapsedTimeUtils: getElapsedTime: sSuwFinishedTimeStamp is null
09-29 23:36:43.497   543   609 D ConnectivityService: requestNetwork for uid/pid:1000/900 activeRequest: null callbackRequest: 169 [NetworkRequest [ REQUEST id=170, [ Capabilities: INTERNET&NOT_RESTRICTED&TRUSTED&NOT_VCN_MANAGED Uid: 1000 RequestorUid: 1000 RequestorPkg: com.android.settings UnderlyingNetworks: Null] ]] callback flags: 0 order: 2147483647
09-29 23:36:43.503   543   675 D ConnectivityService: NetReassign [no changes] [c 0] [a 23] [i 5]
09-29 23:36:43.510   900  3405 D SubscriptionUtil: getSelectableSubscriptionInfoList: [[SubscriptionInfo: id=1 iccId=89860318640220133897 simSlotIndex=0 portIndex=0 isEmbedded=false carrierId=1 displayName=T-Mobile carrierName=T-Mobile isOpportunistic=false groupUuid=null groupOwner= isGroupDisabled=false displayNameSource=CARRIER iconTint=-9033797 number=+15551234567 dataRoaming=0 mcc=310 mnc=260 ehplmns=[] hplmns=[] cardString=89860318640220133897 cardId=0 nativeAccessRules=null carrierConfigAccessRules=[cert: 92B5F8117FBD9BD5738FF168A4FA12CBE284BE834EDE1A7BB44DD8455BA15920 pkg: null access: 0, cert: 3D1A4BEF6EE7AF7D34D120E7B1AAC0DD245585DE6237CF100F68333AFACFF562 pkg: null access: 0, cert: 6892793FC413019D2DF609DFED7AF622D0F2D8FCF96EFA7E3FB87EEA34E10B93 pkg: null access: 0, cert: 7B68FD9D4E7610C9CB35FC0C6CC06EA04C6906E3DFA9F48F9A05460AF36BFFFC pkg: null access: 0] countryIso=us profileClass=-1 mType=LOCAL_SIM areUiccApplicationsEnabled=true usageSetting=DEFAULT]]
09-29 23:36:43.530   543   927 D ConnectivityService: requestNetwork for uid/pid:1000/900 activeRequest: null callbackRequest: 172 [NetworkRequest [ REQUEST id=173, [ Capabilities: INTERNET&NOT_RESTRICTED&TRUSTED&NOT_VCN_MANAGED Uid: 1000 RequestorUid: 1000 RequestorPkg: com.android.settings UnderlyingNetworks: Null] ]] callback flags: 1 order: 2147483647
09-29 23:36:43.536   900  3405 W ElapsedTimeUtils: getElapsedTime: sSuwFinishedTimeStamp is null
09-29 23:36:43.539   900  3405 I SubscriptionUtil: Target removable cardId :0
09-29 23:36:43.539   900  3405 D SubscriptionUtil: getSelectableSubscriptionInfoList: [[SubscriptionInfo: id=1 iccId=89860318640220133897 simSlotIndex=0 portIndex=0 isEmbedded=false carrierId=1 displayName=T-Mobile carrierName=T-Mobile isOpportunistic=false groupUuid=null groupOwner= isGroupDisabled=false displayNameSource=CARRIER iconTint=-9033797 number=+15551234567 dataRoaming=0 mcc=310 mnc=260 ehplmns=[] hplmns=[] cardString=89860318640220133897 cardId=0 nativeAccessRules=null carrierConfigAccessRules=[cert: 92B5F8117FBD9BD5738FF168A4FA12CBE284BE834EDE1A7BB44DD8455BA15920 pkg: null access: 0, cert: 3D1A4BEF6EE7AF7D34D120E7B1AAC0DD245585DE6237CF100F68333AFACFF562 pkg: null access: 0, cert: 6892793FC413019D2DF609DFED7AF622D0F2D8FCF96EFA7E3FB87EEA34E10B93 pkg: null access: 0, cert: 7B68FD9D4E7610C9CB35FC0C6CC06EA04C6906E3DFA9F48F9A05460AF36BFFFC pkg: null access: 0] countryIso=us profileClass=-1 mType=LOCAL_SIM areUiccApplicationsEnabled=true usageSetting=DEFAULT]]
09-29 23:36:43.540   900  3405 D SubscriptionUtil: getSelectableSubscriptionInfoList: [[SubscriptionInfo: id=1 iccId=89860318640220133897 simSlotIndex=0 portIndex=0 isEmbedded=false carrierId=1 displayName=T-Mobile carrierName=T-Mobile isOpportunistic=false groupUuid=null groupOwner= isGroupDisabled=false displayNameSource=CARRIER iconTint=-9033797 number=+15551234567 dataRoaming=0 mcc=310 mnc=260 ehplmns=[] hplmns=[] cardString=89860318640220133897 cardId=0 nativeAccessRules=null carrierConfigAccessRules=[cert: 92B5F8117FBD9BD5738FF168A4FA12CBE284BE834EDE1A7BB44DD8455BA15920 pkg: null access: 0, cert: 3D1A4BEF6EE7AF7D34D120E7B1AAC0DD245585DE6237CF100F68333AFACFF562 pkg: null access: 0, cert: 6892793FC413019D2DF609DFED7AF622D0F2D8FCF96EFA7E3FB87EEA34E10B93 pkg: null access: 0, cert: 7B68FD9D4E7610C9CB35FC0C6CC06EA04C6906E3DFA9F48F9A05460AF36BFFFC pkg: null access: 0] countryIso=us profileClass=-1 mType=LOCAL_SIM areUiccApplicationsEnabled=true usageSetting=DEFAULT]]
09-29 23:36:43.541   900  3405 D SubscriptionUtil: getSelectableSubscriptionInfoList: [[SubscriptionInfo: id=1 iccId=89860318640220133897 simSlotIndex=0 portIndex=0 isEmbedded=false carrierId=1 displayName=T-Mobile carrierName=T-Mobile isOpportunistic=false groupUuid=null groupOwner= isGroupDisabled=false displayNameSource=CARRIER iconTint=-9033797 number=+15551234567 dataRoaming=0 mcc=310 mnc=260 ehplmns=[] hplmns=[] cardString=89860318640220133897 cardId=0 nativeAccessRules=null carrierConfigAccessRules=[cert: 92B5F8117FBD9BD5738FF168A4FA12CBE284BE834EDE1A7BB44DD8455BA15920 pkg: null access: 0, cert: 3D1A4BEF6EE7AF7D34D120E7B1AAC0DD245585DE6237CF100F68333AFACFF562 pkg: null access: 0, cert: 6892793FC413019D2DF609DFED7AF622D0F2D8FCF96EFA7E3FB87EEA34E10B93 pkg: null access: 0, cert: 7B68FD9D4E7610C9CB35FC0C6CC06EA04C6906E3DFA9F48F9A05460AF36BFFFC pkg: null access: 0] countryIso=us profileClass=-1 mType=LOCAL_SIM areUiccApplicationsEnabled=true usageSetting=DEFAULT]]
09-29 23:36:43.548   900  3405 D SubscriptionUtil: getSelectableSubscriptionInfoList: [[SubscriptionInfo: id=1 iccId=89860318640220133897 simSlotIndex=0 portIndex=0 isEmbedded=false carrierId=1 displayName=T-Mobile carrierName=T-Mobile isOpportunistic=false groupUuid=null groupOwner= isGroupDisabled=false displayNameSource=CARRIER iconTint=-9033797 number=+15551234567 dataRoaming=0 mcc=310 mnc=260 ehplmns=[] hplmns=[] cardString=89860318640220133897 cardId=0 nativeAccessRules=null carrierConfigAccessRules=[cert: 92B5F8117FBD9BD5738FF168A4FA12CBE284BE834EDE1A7BB44DD8455BA15920 pkg: null access: 0, cert: 3D1A4BEF6EE7AF7D34D120E7B1AAC0DD245585DE6237CF100F68333AFACFF562 pkg: null access: 0, cert: 6892793FC413019D2DF609DFED7AF622D0F2D8FCF96EFA7E3FB87EEA34E10B93 pkg: null access: 0, cert: 7B68FD9D4E7610C9CB35FC0C6CC06EA04C6906E3DFA9F48F9A05460AF36BFFFC pkg: null access: 0] countryIso=us profileClass=-1 mType=LOCAL_SIM areUiccApplicationsEnabled=true usageSetting=DEFAULT]]
09-29 23:36:43.550   900  3405 D SubscriptionUtil: getSelectableSubscriptionInfoList: [[SubscriptionInfo: id=1 iccId=89860318640220133897 simSlotIndex=0 portIndex=0 isEmbedded=false carrierId=1 displayName=T-Mobile carrierName=T-Mobile isOpportunistic=false groupUuid=null groupOwner= isGroupDisabled=false displayNameSource=CARRIER iconTint=-9033797 number=+15551234567 dataRoaming=0 mcc=310 mnc=260 ehplmns=[] hplmns=[] cardString=89860318640220133897 cardId=0 nativeAccessRules=null carrierConfigAccessRules=[cert: 92B5F8117FBD9BD5738FF168A4FA12CBE284BE834EDE1A7BB44DD8455BA15920 pkg: null access: 0, cert: 3D1A4BEF6EE7AF7D34D120E7B1AAC0DD245585DE6237CF100F68333AFACFF562 pkg: null access: 0, cert: 6892793FC413019D2DF609DFED7AF622D0F2D8FCF96EFA7E3FB87EEA34E10B93 pkg: null access: 0, cert: 7B68FD9D4E7610C9CB35FC0C6CC06EA04C6906E3DFA9F48F9A05460AF36BFFFC pkg: null access: 0] countryIso=us profileClass=-1 mType=LOCAL_SIM areUiccApplicationsEnabled=true usageSetting=DEFAULT]]
09-29 23:36:43.554   900  3383 I InternetUpdater: Detect an internet available network with transport type: 1
09-29 23:36:43.554   900  3405 W ElapsedTimeUtils: getElapsedTime: sSuwFinishedTimeStamp is null
09-29 23:36:43.566   543   668 D WifiNetworkFactory: got request NetworkRequest [ REQUEST id=170, [ Capabilities: INTERNET&NOT_RESTRICTED&TRUSTED&NOT_VCN_MANAGED Uid: 1000 RequestorUid: 1000 RequestorPkg: com.android.settings UnderlyingNetworks: Null] ]
09-29 23:36:43.568   900  3405 I SubscriptionUtil: Target removable cardId :0
09-29 23:36:43.572   900  3405 D SubscriptionUtil: getSelectableSubscriptionInfoList: [[SubscriptionInfo: id=1 iccId=89860318640220133897 simSlotIndex=0 portIndex=0 isEmbedded=false carrierId=1 displayName=T-Mobile carrierName=T-Mobile isOpportunistic=false groupUuid=null groupOwner= isGroupDisabled=false displayNameSource=CARRIER iconTint=-9033797 number=+15551234567 dataRoaming=0 mcc=310 mnc=260 ehplmns=[] hplmns=[] cardString=89860318640220133897 cardId=0 nativeAccessRules=null carrierConfigAccessRules=[cert: 92B5F8117FBD9BD5738FF168A4FA12CBE284BE834EDE1A7BB44DD8455BA15920 pkg: null access: 0, cert: 3D1A4BEF6EE7AF7D34D120E7B1AAC0DD245585DE6237CF100F68333AFACFF562 pkg: null access: 0, cert: 6892793FC413019D2DF609DFED7AF622D0F2D8FCF96EFA7E3FB87EEA34E10B93 pkg: null access: 0, cert: 7B68FD9D4E7610C9CB35FC0C6CC06EA04C6906E3DFA9F48F9A05460AF36BFFFC pkg: null access: 0] countryIso=us profileClass=-1 mType=LOCAL_SIM areUiccApplicationsEnabled=true usageSetting=DEFAULT]]
09-29 23:36:43.575   543   668 D UntrustedWifiNetworkFactory: got request NetworkRequest [ REQUEST id=170, [ Capabilities: INTERNET&NOT_RESTRICTED&TRUSTED&NOT_VCN_MANAGED Uid: 1000 RequestorUid: 1000 RequestorPkg: com.android.settings UnderlyingNetworks: Null] ]
09-29 23:36:43.575   900  3405 D SubscriptionUtil: getSelectableSubscriptionInfoList: [[SubscriptionInfo: id=1 iccId=89860318640220133897 simSlotIndex=0 portIndex=0 isEmbedded=false carrierId=1 displayName=T-Mobile carrierName=T-Mobile isOpportunistic=false groupUuid=null groupOwner= isGroupDisabled=false displayNameSource=CARRIER iconTint=-9033797 number=+15551234567 dataRoaming=0 mcc=310 mnc=260 ehplmns=[] hplmns=[] cardString=89860318640220133897 cardId=0 nativeAccessRules=null carrierConfigAccessRules=[cert: 92B5F8117FBD9BD5738FF168A4FA12CBE284BE834EDE1A7BB44DD8455BA15920 pkg: null access: 0, cert: 3D1A4BEF6EE7AF7D34D120E7B1AAC0DD245585DE6237CF100F68333AFACFF562 pkg: null access: 0, cert: 6892793FC413019D2DF609DFED7AF622D0F2D8FCF96EFA7E3FB87EEA34E10B93 pkg: null access: 0, cert: 7B68FD9D4E7610C9CB35FC0C6CC06EA04C6906E3DFA9F48F9A05460AF36BFFFC pkg: null access: 0] countryIso=us profileClass=-1 mType=LOCAL_SIM areUiccApplicationsEnabled=true usageSetting=DEFAULT]]
09-29 23:36:43.577   543   668 D OemPaidWifiNetworkFactory: got request NetworkRequest [ REQUEST id=170, [ Capabilities: INTERNET&NOT_RESTRICTED&TRUSTED&NOT_VCN_MANAGED Uid: 1000 RequestorUid: 1000 RequestorPkg: com.android.settings UnderlyingNetworks: Null] ]
09-29 23:36:43.577   900  3405 D SubscriptionUtil: getSelectableSubscriptionInfoList: [[SubscriptionInfo: id=1 iccId=89860318640220133897 simSlotIndex=0 portIndex=0 isEmbedded=false carrierId=1 displayName=T-Mobile carrierName=T-Mobile isOpportunistic=false groupUuid=null groupOwner= isGroupDisabled=false displayNameSource=CARRIER iconTint=-9033797 number=+15551234567 dataRoaming=0 mcc=310 mnc=260 ehplmns=[] hplmns=[] cardString=89860318640220133897 cardId=0 nativeAccessRules=null carrierConfigAccessRules=[cert: 92B5F8117FBD9BD5738FF168A4FA12CBE284BE834EDE1A7BB44DD8455BA15920 pkg: null access: 0, cert: 3D1A4BEF6EE7AF7D34D120E7B1AAC0DD245585DE6237CF100F68333AFACFF562 pkg: null access: 0, cert: 6892793FC413019D2DF609DFED7AF622D0F2D8FCF96EFA7E3FB87EEA34E10B93 pkg: null access: 0, cert: 7B68FD9D4E7610C9CB35FC0C6CC06EA04C6906E3DFA9F48F9A05460AF36BFFFC pkg: null access: 0] countryIso=us profileClass=-1 mType=LOCAL_SIM areUiccApplicationsEnabled=true usageSetting=DEFAULT]]
09-29 23:36:43.578   543   668 D MultiInternetWifiNetworkFactory: got request NetworkRequest [ REQUEST id=170, [ Capabilities: INTERNET&NOT_RESTRICTED&TRUSTED&NOT_VCN_MANAGED Uid: 1000 RequestorUid: 1000 RequestorPkg: com.android.settings UnderlyingNetworks: Null] ]
09-29 23:36:43.580   543   675 D ConnectivityService: NetReassign [170 : null → 101] [c 46] [a 0] [i 26]
09-29 23:36:43.605   900   939 E OpenGLRenderer: Unable to match the desired swap behavior.
09-29 23:36:43.606   543   675 D ConnectivityService: NetReassign [no changes] [c 0] [a 9] [i 1]
09-29 23:36:43.608  1154  2958 I ChimeraSrvcProxy: NullBinder for android.net.action.RECOMMEND_NETWORKS triggering remote TransactionTooLargeException due to Service without Chimera impl
09-29 23:36:43.609  1154  2958 W .gms.persistent: Large reply transaction of 1056768 bytes, interface descriptor , code 1
09-29 23:36:43.629   543   668 D WifiNetworkFactory: got request NetworkRequest [ REQUEST id=173, [ Capabilities: INTERNET&NOT_RESTRICTED&TRUSTED&NOT_VCN_MANAGED Uid: 1000 RequestorUid: 1000 RequestorPkg: com.android.settings UnderlyingNetworks: Null] ]
09-29 23:36:43.632   543   668 D UntrustedWifiNetworkFactory: got request NetworkRequest [ REQUEST id=173, [ Capabilities: INTERNET&NOT_RESTRICTED&TRUSTED&NOT_VCN_MANAGED Uid: 1000 RequestorUid: 1000 RequestorPkg: com.android.settings UnderlyingNetworks: Null] ]
09-29 23:36:43.632   900  3405 W ElapsedTimeUtils: getElapsedTime: sSuwFinishedTimeStamp is null
09-29 23:36:43.638   543   668 D OemPaidWifiNetworkFactory: got request NetworkRequest [ REQUEST id=173, [ Capabilities: INTERNET&NOT_RESTRICTED&TRUSTED&NOT_VCN_MANAGED Uid: 1000 RequestorUid: 1000 RequestorPkg: com.android.settings UnderlyingNetworks: Null] ]
09-29 23:36:43.639   543   668 D MultiInternetWifiNetworkFactory: got request NetworkRequest [ REQUEST id=173, [ Capabilities: INTERNET&NOT_RESTRICTED&TRUSTED&NOT_VCN_MANAGED Uid: 1000 RequestorUid: 1000 RequestorPkg: com.android.settings UnderlyingNetworks: Null] ]
09-29 23:36:43.643   543   675 D ConnectivityService: NetReassign [173 : null → 101] [c 0] [a 0] [i 21]
09-29 23:36:43.676  1154  2958 I ChimeraSrvcProxy: NullBinder for android.net.action.RECOMMEND_NETWORKS triggering remote TransactionTooLargeException due to Service without Chimera impl
09-29 23:36:43.679  1154  2958 W .gms.persistent: Large reply transaction of 1056768 bytes, interface descriptor , code 1
09-29 23:36:43.683   900  3405 I SubscriptionUtil: Target removable cardId :0
09-29 23:36:43.692   900  3405 D SubscriptionUtil: getSelectableSubscriptionInfoList: [[SubscriptionInfo: id=1 iccId=89860318640220133897 simSlotIndex=0 portIndex=0 isEmbedded=false carrierId=1 displayName=T-Mobile carrierName=T-Mobile isOpportunistic=false groupUuid=null groupOwner= isGroupDisabled=false displayNameSource=CARRIER iconTint=-9033797 number=+15551234567 dataRoaming=0 mcc=310 mnc=260 ehplmns=[] hplmns=[] cardString=89860318640220133897 cardId=0 nativeAccessRules=null carrierConfigAccessRules=[cert: 92B5F8117FBD9BD5738FF168A4FA12CBE284BE834EDE1A7BB44DD8455BA15920 pkg: null access: 0, cert: 3D1A4BEF6EE7AF7D34D120E7B1AAC0DD245585DE6237CF100F68333AFACFF562 pkg: null access: 0, cert: 6892793FC413019D2DF609DFED7AF622D0F2D8FCF96EFA7E3FB87EEA34E10B93 pkg: null access: 0, cert: 7B68FD9D4E7610C9CB35FC0C6CC06EA04C6906E3DFA9F48F9A05460AF36BFFFC pkg: null access: 0] countryIso=us profileClass=-1 mType=LOCAL_SIM areUiccApplicationsEnabled=true usageSetting=DEFAULT]]
09-29 23:36:43.694   900  3405 D SubscriptionUtil: getSelectableSubscriptionInfoList: [[SubscriptionInfo: id=1 iccId=89860318640220133897 simSlotIndex=0 portIndex=0 isEmbedded=false carrierId=1 displayName=T-Mobile carrierName=T-Mobile isOpportunistic=false groupUuid=null groupOwner= isGroupDisabled=false displayNameSource=CARRIER iconTint=-9033797 number=+15551234567 dataRoaming=0 mcc=310 mnc=260 ehplmns=[] hplmns=[] cardString=89860318640220133897 cardId=0 nativeAccessRules=null carrierConfigAccessRules=[cert: 92B5F8117FBD9BD5738FF168A4FA12CBE284BE834EDE1A7BB44DD8455BA15920 pkg: null access: 0, cert: 3D1A4BEF6EE7AF7D34D120E7B1AAC0DD245585DE6237CF100F68333AFACFF562 pkg: null access: 0, cert: 6892793FC413019D2DF609DFED7AF622D0F2D8FCF96EFA7E3FB87EEA34E10B93 pkg: null access: 0, cert: 7B68FD9D4E7610C9CB35FC0C6CC06EA04C6906E3DFA9F48F9A05460AF36BFFFC pkg: null access: 0] countryIso=us profileClass=-1 mType=LOCAL_SIM areUiccApplicationsEnabled=true usageSetting=DEFAULT]]
09-29 23:36:43.695   900  3405 D SubscriptionUtil: getSelectableSubscriptionInfoList: [[SubscriptionInfo: id=1 iccId=89860318640220133897 simSlotIndex=0 portIndex=0 isEmbedded=false carrierId=1 displayName=T-Mobile carrierName=T-Mobile isOpportunistic=false groupUuid=null groupOwner= isGroupDisabled=false displayNameSource=CARRIER iconTint=-9033797 number=+15551234567 dataRoaming=0 mcc=310 mnc=260 ehplmns=[] hplmns=[] cardString=89860318640220133897 cardId=0 nativeAccessRules=null carrierConfigAccessRules=[cert: 92B5F8117FBD9BD5738FF168A4FA12CBE284BE834EDE1A7BB44DD8455BA15920 pkg: null access: 0, cert: 3D1A4BEF6EE7AF7D34D120E7B1AAC0DD245585DE6237CF100F68333AFACFF562 pkg: null access: 0, cert: 6892793FC413019D2DF609DFED7AF622D0F2D8FCF96EFA7E3FB87EEA34E10B93 pkg: null access: 0, cert: 7B68FD9D4E7610C9CB35FC0C6CC06EA04C6906E3DFA9F48F9A05460AF36BFFFC pkg: null access: 0] countryIso=us profileClass=-1 mType=LOCAL_SIM areUiccApplicationsEnabled=true usageSetting=DEFAULT]]
09-29 23:36:43.702   900   900 I InternetUpdater: Detect an internet available network with transport type: 1
09-29 23:36:43.703   900   900 I InternetUpdater: Detect an internet available network with transport type: 1
09-29 23:36:43.705   900   949 W TileUtils: Found com.google.android.gms.auth.proximity.multidevice.SettingsMaterialNextActivity for intent Intent { act=com.android.settings.action.IA_SETTINGS } missing metadata
09-29 23:36:43.707   900   900 D SubscriptionUtil: getSelectableSubscriptionInfoList: [[SubscriptionInfo: id=1 iccId=89860318640220133897 simSlotIndex=0 portIndex=0 isEmbedded=false carrierId=1 displayName=T-Mobile carrierName=T-Mobile isOpportunistic=false groupUuid=null groupOwner= isGroupDisabled=false displayNameSource=CARRIER iconTint=-9033797 number=+15551234567 dataRoaming=0 mcc=310 mnc=260 ehplmns=[] hplmns=[] cardString=89860318640220133897 cardId=0 nativeAccessRules=null carrierConfigAccessRules=[cert: 92B5F8117FBD9BD5738FF168A4FA12CBE284BE834EDE1A7BB44DD8455BA15920 pkg: null access: 0, cert: 3D1A4BEF6EE7AF7D34D120E7B1AAC0DD245585DE6237CF100F68333AFACFF562 pkg: null access: 0, cert: 6892793FC413019D2DF609DFED7AF622D0F2D8FCF96EFA7E3FB87EEA34E10B93 pkg: null access: 0, cert: 7B68FD9D4E7610C9CB35FC0C6CC06EA04C6906E3DFA9F48F9A05460AF36BFFFC pkg: null access: 0] countryIso=us profileClass=-1 mType=LOCAL_SIM areUiccApplicationsEnabled=true usageSetting=DEFAULT]]
09-29 23:36:43.708   900   900 W ElapsedTimeUtils: getElapsedTime: sSuwFinishedTimeStamp is null
09-29 23:36:43.708   900   900 W ElapsedTimeUtils: getElapsedTime: sSuwFinishedTimeStamp is null
09-29 23:36:43.708   900   900 W ElapsedTimeUtils: getElapsedTime: sSuwFinishedTimeStamp is null
09-29 23:36:43.709   900   900 W ElapsedTimeUtils: getElapsedTime: sSuwFinishedTimeStamp is null
09-29 23:36:43.710   900   900 W ElapsedTimeUtils: getElapsedTime: sSuwFinishedTimeStamp is null
09-29 23:36:43.710   900   900 W ElapsedTimeUtils: getElapsedTime: sSuwFinishedTimeStamp is null
09-29 23:36:43.710   900   900 W ElapsedTimeUtils: getElapsedTime: sSuwFinishedTimeStamp is null
09-29 23:36:43.711   900   900 W ElapsedTimeUtils: getElapsedTime: sSuwFinishedTimeStamp is null
09-29 23:36:43.711   900   900 W ElapsedTimeUtils: getElapsedTime: sSuwFinishedTimeStamp is null
09-29 23:36:43.726   900  3405 W ElapsedTimeUtils: getElapsedTime: sSuwFinishedTimeStamp is null
09-29 23:36:43.740   900  3405 I SubscriptionUtil: Target removable cardId :0
09-29 23:36:43.744   900  3405 D SubscriptionUtil: getSelectableSubscriptionInfoList: [[SubscriptionInfo: id=1 iccId=89860318640220133897 simSlotIndex=0 portIndex=0 isEmbedded=false carrierId=1 displayName=T-Mobile carrierName=T-Mobile isOpportunistic=false groupUuid=null groupOwner= isGroupDisabled=false displayNameSource=CARRIER iconTint=-9033797 number=+15551234567 dataRoaming=0 mcc=310 mnc=260 ehplmns=[] hplmns=[] cardString=89860318640220133897 cardId=0 nativeAccessRules=null carrierConfigAccessRules=[cert: 92B5F8117FBD9BD5738FF168A4FA12CBE284BE834EDE1A7BB44DD8455BA15920 pkg: null access: 0, cert: 3D1A4BEF6EE7AF7D34D120E7B1AAC0DD245585DE6237CF100F68333AFACFF562 pkg: null access: 0, cert: 6892793FC413019D2DF609DFED7AF622D0F2D8FCF96EFA7E3FB87EEA34E10B93 pkg: null access: 0, cert: 7B68FD9D4E7610C9CB35FC0C6CC06EA04C6906E3DFA9F48F9A05460AF36BFFFC pkg: null access: 0] countryIso=us profileClass=-1 mType=LOCAL_SIM areUiccApplicationsEnabled=true usageSetting=DEFAULT]]
09-29 23:36:43.748   900  3405 D SubscriptionUtil: getSelectableSubscriptionInfoList: [[SubscriptionInfo: id=1 iccId=89860318640220133897 simSlotIndex=0 portIndex=0 isEmbedded=false carrierId=1 displayName=T-Mobile carrierName=T-Mobile isOpportunistic=false groupUuid=null groupOwner= isGroupDisabled=false displayNameSource=CARRIER iconTint=-9033797 number=+15551234567 dataRoaming=0 mcc=310 mnc=260 ehplmns=[] hplmns=[] cardString=89860318640220133897 cardId=0 nativeAccessRules=null carrierConfigAccessRules=[cert: 92B5F8117FBD9BD5738FF168A4FA12CBE284BE834EDE1A7BB44DD8455BA15920 pkg: null access: 0, cert: 3D1A4BEF6EE7AF7D34D120E7B1AAC0DD245585DE6237CF100F68333AFACFF562 pkg: null access: 0, cert: 6892793FC413019D2DF609DFED7AF622D0F2D8FCF96EFA7E3FB87EEA34E10B93 pkg: null access: 0, cert: 7B68FD9D4E7610C9CB35FC0C6CC06EA04C6906E3DFA9F48F9A05460AF36BFFFC pkg: null access: 0] countryIso=us profileClass=-1 mType=LOCAL_SIM areUiccApplicationsEnabled=true usageSetting=DEFAULT]]
09-29 23:36:43.759   900  3405 D SubscriptionUtil: getSelectableSubscriptionInfoList: [[SubscriptionInfo: id=1 iccId=89860318640220133897 simSlotIndex=0 portIndex=0 isEmbedded=false carrierId=1 displayName=T-Mobile carrierName=T-Mobile isOpportunistic=false groupUuid=null groupOwner= isGroupDisabled=false displayNameSource=CARRIER iconTint=-9033797 number=+15551234567 dataRoaming=0 mcc=310 mnc=260 ehplmns=[] hplmns=[] cardString=89860318640220133897 cardId=0 nativeAccessRules=null carrierConfigAccessRules=[cert: 92B5F8117FBD9BD5738FF168A4FA12CBE284BE834EDE1A7BB44DD8455BA15920 pkg: null access: 0, cert: 3D1A4BEF6EE7AF7D34D120E7B1AAC0DD245585DE6237CF100F68333AFACFF562 pkg: null access: 0, cert: 6892793FC413019D2DF609DFED7AF622D0F2D8FCF96EFA7E3FB87EEA34E10B93 pkg: null access: 0, cert: 7B68FD9D4E7610C9CB35FC0C6CC06EA04C6906E3DFA9F48F9A05460AF36BFFFC pkg: null access: 0] countryIso=us profileClass=-1 mType=LOCAL_SIM areUiccApplicationsEnabled=true usageSetting=DEFAULT]]
09-29 23:36:43.762   750   866 D EGL_emulation: app_time_stats: avg=2231.81ms min=3.77ms max=37641.73ms count=17
09-29 23:36:43.773   543  1569 I ImeTracker: com.android.settings:c7ed6482: onRequestHide at ORIGIN_SERVER_HIDE_INPUT reason HIDE_UNSPECIFIED_WINDOW
09-29 23:36:43.776   543  1569 I ImeTracker: com.android.settings:c7ed6482: onCancelled at PHASE_SERVER_SHOULD_HIDE
09-29 23:36:43.779  1350  1350 I GoogleInputMethodService: GoogleInputMethodService.onFinishInput():3227
09-29 23:36:43.782  1350  1350 I GoogleInputMethodService: GoogleInputMethodService.updateDeviceLockedStatus():2087 repeatCheckTimes = 0, unlocked = true
09-29 23:36:43.785  1350  1350 I GoogleInputMethodService: GoogleInputMethodService.onStartInput():1877 onStartInput(EditorInfo{inputType=0x0(NULL) imeOptions=0x0 privateImeOptions=null actionName=UNSPECIFIED actionLabel=null actionId=0 initialSelStart=-1 initialSelEnd=-1 initialCapsMode=0x0 hintText=null label=null packageName=com.android.settings fieldId=0 fieldName=null extras=null}, false)
09-29 23:36:43.786  1350  1350 I GoogleInputMethodService: GoogleInputMethodService.shouldHideHeaderOnInitialState():4008 ShouldHideHeaderOnInitialState = false
09-29 23:36:43.788  1350  1350 I GoogleInputMethodService: GoogleInputMethodService.updateDeviceLockedStatus():2087 repeatCheckTimes = 2, unlocked = true
09-29 23:36:44.031  1019  1072 I ImeTracker: com.google.android.apps.nexuslauncher:17531356: onRequestHide at ORIGIN_CLIENT_HIDE_SOFT_INPUT reason HIDE_SOFT_INPUT
09-29 23:36:44.033  1019  1072 I ImeTracker: com.google.android.apps.nexuslauncher:17531356: onFailed at PHASE_CLIENT_VIEW_SERVED
09-29 23:36:44.035  1019  1693 D OneSearchSuggestProvider: Shut down the binder channel
