09-29 23:00:59.854   886   900 D PrefCtrlListHelper: Could not find Context-only controller for pref: com.android.settings.biometrics.combination.BiometricSettingsAppPreferenceController
09-29 23:00:59.855   886   900 I ActiveUnlockStatusUtils: authority not set
09-29 23:00:59.855   886   900 I ActiveUnlockStatusUtils: authority not set
09-29 23:00:59.856   886   900 I ActiveUnlockStatusUtils: authority not set
09-29 23:00:59.856   886   900 I ActiveUnlockStatusUtils: authority not set
09-29 23:00:59.857   886   900 I ActiveUnlockStatusUtils: authority not set
09-29 23:00:59.860   886   900 I ActiveUnlockStatusUtils: authority not set
09-29 23:00:59.862   886   900 I ActiveUnlockStatusUtils: authority not set
09-29 23:00:59.870   886   900 D PrefCtrlListHelper: Could not find Context-only controller for pref: com.android.settings.inputmethod.UserDictionaryListPreferenceController
09-29 23:00:59.870   886   900 D PrefCtrlListHelper: Could not find Context-only controller for pref: com.android.settings.slices.SlicePreferenceController
09-29 23:00:59.870   886   900 D PrefCtrlListHelper: Could not find Context-only controller for pref: com.android.settings.connecteddevice.AddDevicePreferenceController
09-29 23:00:59.870   886   900 D PrefCtrlListHelper: Could not find Context-only controller for pref: com.android.settings.connecteddevice.PreviouslyConnectedDevicePreferenceController
09-29 23:00:59.870   886   900 D PrefCtrlListHelper: Could not find Context-only controller for pref: com.android.settings.connecteddevice.AdvancedConnectedDeviceController
09-29 23:00:59.870   886   900 D PrefCtrlListHelper: Could not find Context-only controller for pref: com.android.settings.connecteddevice.DiscoverableFooterPreferenceController
09-29 23:00:59.871   886   900 D PrefCtrlListHelper: Could not find Context-only controller for pref: com.android.settings.regionalpreferences.TemperatureUnitCategoryController
09-29 23:00:59.872   886   900 V SettingsSearchProvider: com.android.settings.backup.PrivacySettings$1@8f23fa0 tried to add an empty non-indexable key
09-29 23:00:59.873   886   900 V SettingsSearchProvider: com.android.settings.language.LanguageAndInputSettings$1@9cbb5cc tried to add an empty non-indexable key
09-29 23:00:59.873   886   900 D PrefCtrlListHelper: Could not find Context-only controller for pref: com.android.settings.accessibility.SelectLongPressTimeoutPreferenceController
09-29 23:00:59.874   886   900 D PrefCtrlListHelper: Could not find Context-only controller for pref: com.android.settings.accessibility.AccessibilityTimeoutPreferenceController
09-29 23:00:59.874   886   900 D PrefCtrlListHelper: Could not find Context-only controller for pref: com.android.settings.accessibility.AutoclickPreferenceController
09-29 23:00:59.874   886   900 D PrefCtrlListHelper: Could not find Context-only controller for pref: com.android.settings.gestures.PickupGesturePreferenceController
09-29 23:00:59.874   886   900 D PrefCtrlListHelper: Could not find Context-only controller for pref: com.android.settings.gestures.DoubleTapPowerPreferenceController
09-29 23:00:59.874   886   900 D PrefCtrlListHelper: Could not find Context-only controller for pref: com.android.settings.gestures.AssistGestureSettingsPreferenceController
09-29 23:00:59.874   886   900 D AssistGesture: mAssistOnly:false, isSupported:false, isSensorAvailable:false
09-29 23:00:59.874   886   900 D PrefCtrlListHelper: Could not find Context-only controller for pref: com.android.settings.gestures.SwipeToNotificationPreferenceController
09-29 23:00:59.874   886   900 D PrefCtrlListHelper: Could not find Context-only controller for pref: com.android.settings.gestures.DoubleTapPowerPreferenceController
09-29 23:00:59.874   886   900 D PrefCtrlListHelper: Could not find Context-only controller for pref: com.android.settings.gestures.DoubleTwistPreferenceController
09-29 23:00:59.875   886   900 D PrefCtrlListHelper: Could not find Context-only controller for pref: com.android.settings.gestures.OneHandedEnablePreferenceController
09-29 23:00:59.875   886   900 D PrefCtrlListHelper: Could not find Context-only controller for pref: com.android.settings.gestures.TapScreenGesturePreferenceController
09-29 23:00:59.875   886   900 D PrefCtrlListHelper: Could not find Context-only controller for pref: com.android.settings.gestures.DoubleTapScreenPreferenceController
09-29 23:00:59.875   886   900 D PrefCtrlListHelper: Could not find Context-only controller for pref: com.android.settings.gestures.PickupGesturePreferenceController
09-29 23:00:59.875   886   900 D PrefCtrlListHelper: Could not find Context-only controller for pref: com.android.settings.gestures.PowerMenuPreferenceController
09-29 23:00:59.875   886   900 D PrefCtrlListHelper: Could not find Context-only controller for pref: com.android.settings.gestures.PreventRingingParentPreferenceController
09-29 23:00:59.875   886   900 D AssistGesture: mAssistOnly:false, isSupported:false, isSensorAvailable:false
09-29 23:00:59.877   886   900 W SettingsPrefController: Skipping updateNonIndexableKeys, key already in list. com.android.settings.gestures.SwipeToNotificationPreferenceController@7a24891
09-29 23:00:59.877   886   900 W SettingsPrefController: Skipping updateNonIndexableKeys, key already in list. com.android.settings.gestures.DoubleTwistPreferenceController@35b43f6
09-29 23:00:59.877   886   900 W SettingsPrefController: Skipping updateNonIndexableKeys, key already in list. com.android.settings.gestures.TapScreenGesturePreferenceController@2d513f7
09-29 23:00:59.877   886   900 W SettingsPrefController: Skipping updateNonIndexableKeys, key already in list. com.android.settings.gestures.DoubleTapScreenPreferenceController@8d8f264
09-29 23:00:59.877   886   900 W SettingsPrefController: Skipping updateNonIndexableKeys, key already in list. com.android.settings.gestures.PickupGesturePreferenceController@b91dccd
09-29 23:00:59.885   886   900 D PrefCtrlListHelper: Could not find Context-only controller for pref: com.android.settings.biometrics.face.FaceSettingsLockscreenBypassPreferenceController
09-29 23:00:59.886   886   900 D PrefCtrlListHelper: Could not find Context-only controller for pref: com.android.settings.users.AddUserWhenLockedPreferenceController
09-29 23:00:59.887   741   741 W PageIndicator: Total number of pages invalid: 0. Assuming 1 page.
09-29 23:00:59.888   741   741 W PageIndicator: Total number of pages invalid: 0. Assuming 1 page.
09-29 23:00:59.888   741   741 W PageIndicator: Total number of pages invalid: 0. Assuming 1 page.
09-29 23:00:59.888   741   741 W PageIndicator: Total number of pages invalid: 0. Assuming 1 page.
09-29 23:00:59.888   741   741 W PageIndicator: Total number of pages invalid: 0. Assuming 1 page.
09-29 23:00:59.890   741   741 I Choreographer: Skipped 326 frames!  The application may be doing too much work on its main thread.
09-29 23:00:59.937  2892  3586 D EGL_emulation: app_time_stats: avg=81.00ms min=0.84ms max=637.50ms count=13
09-29 23:00:59.943   741   858 D EGL_emulation: app_time_stats: avg=5215.36ms min=5215.36ms max=5215.36ms count=1
09-29 23:00:59.946   741   752 I OpenGLRenderer: Davey! duration=5498ms; Flags=0, FrameTimelineVsyncId=7642, IntendedVsync=47306235932, Vsync=52739569048, InputEventId=0, HandleInputStart=52772506357, AnimationStart=52772506982, PerformTraversalsStart=52796355315, DrawStart=52799578148, FrameDeadline=47606235920, FrameInterval=52750726940, FrameStartTime=16666666, SyncQueued=52799893523, SyncStart=52800177190, IssueDrawCommandsStart=52800392398, SwapBuffers=52800720107, FrameCompleted=52804791773, DequeueBufferDuration=5750, QueueBufferDuration=2621584, GpuCompleted=52804257982, SwapBuffersCompleted=52804791773, DisplayPresentTime=0, CommandSubmissionCompleted=52800720107,
09-29 23:00:59.951   886   900 D PrefCtrlListHelper: Could not find Context-only controller for pref: com.android.settings.display.WalletPrivacyPreferenceController
09-29 23:00:59.951   886   900 D PrefCtrlListHelper: Could not find Context-only controller for pref: com.android.settings.display.ControlsPrivacyPreferenceController
09-29 23:00:59.951   886   900 D PrefCtrlListHelper: Could not find Context-only controller for pref: com.android.settings.display.ControlsTrivialPrivacyPreferenceController
09-29 23:00:59.951   886   900 D PrefCtrlListHelper: Could not find Context-only controller for pref: com.android.settings.display.CustomizableLockScreenQuickAffordancesPreferenceController
09-29 23:00:59.951   886   900 D PrefCtrlListHelper: Could not find Context-only controller for pref: com.android.settings.display.LockscreenClockPreferenceController
09-29 23:00:59.951   886   900 D PrefCtrlListHelper: Could not find Context-only controller for pref: com.google.android.settings.display.LockscreenWeatherPreferenceController
09-29 23:00:59.952   886   900 D PrefCtrlListHelper: Could not find Context-only controller for pref: com.android.settings.display.AmbientDisplayWhenToShowPreferenceController
09-29 23:00:59.952   886   900 D PrefCtrlListHelper: Could not find Context-only controller for pref: com.android.settings.display.AmbientDisplayAlwaysOnPreferenceController
09-29 23:00:59.952   886   900 D PrefCtrlListHelper: Could not find Context-only controller for pref: com.android.settings.gestures.TapScreenGesturePreferenceController
09-29 23:00:59.952   886   900 D PrefCtrlListHelper: Could not find Context-only controller for pref: com.android.settings.gestures.DoubleTapScreenPreferenceController
09-29 23:00:59.952   886   900 D PrefCtrlListHelper: Could not find Context-only controller for pref: com.android.settings.gestures.PickupGesturePreferenceController
09-29 23:00:59.952   886   900 D PrefCtrlListHelper: Could not find Context-only controller for pref: com.android.settings.display.AmbientDisplayNotificationsPreferenceController
09-29 23:00:59.952   886   900 W PrefControllerMixin: Skipping updateNonIndexableKeys due to empty key com.android.settings.notification.LockScreenNotificationPreferenceController@a6c78c9
09-29 23:00:59.953   886   900 W SettingsPrefController: Skipping updateNonIndexableKeys, key already in list. com.android.settings.biometrics.face.FaceSettingsLockscreenBypassPreferenceController@172dbce
09-29 23:01:00.135  1197  2931 I GCoreUlr: WorldUpdater:com.google.android.location.internal.server.ACTION_RESTARTED: Ensuring that reporting is stopped because of reasons: (no Google accounts)
09-29 23:01:00.159   741   858 D EGL_emulation: app_time_stats: avg=3636.15ms min=3636.15ms max=3636.15ms count=1
09-29 23:01:00.163   741  3584 I OpenGLRenderer: Davey! duration=5711ms; Flags=0, FrameTimelineVsyncId=7642, IntendedVsync=47306235932, Vsync=52739569048, InputEventId=0, HandleInputStart=52772506357, AnimationStart=52772506982, PerformTraversalsStart=52796355315, DrawStart=53008137732, FrameDeadline=47322902598, FrameInterval=52750726940, FrameStartTime=16666666, SyncQueued=53008855440, SyncStart=53012172648, IssueDrawCommandsStart=53012668773, SwapBuffers=53014030857, FrameCompleted=53020652065, DequeueBufferDuration=10459, QueueBufferDuration=4941417, GpuCompleted=53020291273, SwapBuffersCompleted=53020652065, DisplayPresentTime=0, CommandSubmissionCompleted=53014030857,
09-29 23:01:00.257   741   857 D StylusManager: Battery state changed for 3. batteryState present: false, capacity: NaN
09-29 23:01:00.264   741   857 D StylusManager: Battery state changed for 4. batteryState present: false, capacity: NaN
09-29 23:01:00.283   741   857 D StylusManager: Battery state changed for 5. batteryState present: false, capacity: NaN
09-29 23:01:00.287   741   857 D StylusManager: Battery state changed for 6. batteryState present: false, capacity: NaN
09-29 23:01:00.311  3336  3420 D CompatibilityChangeReporter: Compat change id reported: 263076149; UID 10146; state: DISABLED
09-29 23:01:00.312  1197  2931 I GCoreUlr: Unbound from all signal providers.
09-29 23:01:00.313   741   857 D StylusManager: Battery state changed for 7. batteryState present: false, capacity: NaN
09-29 23:01:00.330   741   857 D StylusManager: Battery state changed for 8. batteryState present: false, capacity: NaN
09-29 23:01:00.347   741   857 D StylusManager: Battery state changed for 9. batteryState present: false, capacity: NaN
09-29 23:01:00.354   741   857 D StylusManager: Battery state changed for 10. batteryState present: false, capacity: NaN
09-29 23:01:00.369  2892  3107 W UiDevice: Skipping null root node for window: AccessibilityWindowInfo[title=Home, displayId=0, id=11, taskId=40, type=TYPE_APPLICATION, layer=0, region=SkRegion((0,0,1440,3120)), bounds=Rect(0, 0 - 1440, 3120), focused=true, active=true, pictureInPicture=false, transitionTime=44408, hasParent=false, isAnchored=false, hasChildren=false]
09-29 23:01:00.383   741   741 D ControlsListingControllerImpl: ServiceConfig reloaded, count: 0
09-29 23:01:00.403   886   900 D CustomizableLockScreenUtils: is_custom_lock_screen_quick_affordances_feature_enabled=1
09-29 23:01:00.411   741   857 D StylusManager: Battery state changed for 11. batteryState present: false, capacity: NaN
09-29 23:01:00.422   741   857 D StylusManager: Battery state changed for 12. batteryState present: false, capacity: NaN
09-29 23:01:00.440   741   857 D StylusManager: Battery state changed for 13. batteryState present: false, capacity: NaN
09-29 23:01:00.513  1507  2238 I PeopleChimeraService: onService. callbacks = avsz@1d31ffe, request = com.google.android.gms.common.internal.GetServiceRequest@718335f
09-29 23:01:00.635   741   857 D ControlsListingControllerImpl: Subscribing callback, service count: 0
09-29 23:01:00.640  1410  2032 I HwDetectorWithState: (REDACTED) a: %d
09-29 23:01:00.732  1363  2777 W AiAiFed : [AiAi SimpleStorage Federated Collection] Cancelling training failed [mode=FEDERATION, population=aiai/sysimg/search, session=search]
09-29 23:01:00.732  1363  2777 W AiAiFed : qhi: UNKNOWN
09-29 23:01:00.732  1363  2777 W AiAiFed : 	at qhg.i(Unknown Source:2)
09-29 23:01:00.732  1363  2777 W AiAiFed : 	at qur.Q(PG:2)
09-29 23:01:00.732  1363  2777 W AiAiFed : 	at qkv.a(PG:3)
09-29 23:01:00.732  1363  2777 W AiAiFed : 	at qlo.run(PG:2)
09-29 23:01:00.732  1363  2777 W AiAiFed : 	at qqt.run(PG:2)
09-29 23:01:00.732  1363  2777 W AiAiFed : 	at java.util.concurrent.ThreadPoolExecutor.runWorker(ThreadPoolExecutor.java:1145)
09-29 23:01:00.732  1363  2777 W AiAiFed : 	at java.util.concurrent.ThreadPoolExecutor$Worker.run(ThreadPoolExecutor.java:644)
09-29 23:01:00.732  1363  2777 W AiAiFed : 	at java.lang.Thread.run(Thread.java:1012)
09-29 23:01:00.733  1363  2778 W AiAiFed : [AiAi SimpleStorage Federated Collection] Cancelling training failed [mode=FEDERATION, population=aiai/sysimg/search, session=search]
09-29 23:01:00.733  1363  2778 W AiAiFed : java.lang.IllegalArgumentException: Unsupported response code3
09-29 23:01:00.733  1363  2778 W AiAiFed : 	at hci.run(PG:38)
09-29 23:01:00.733  1363  2778 W AiAiFed : 	at java.util.concurrent.ThreadPoolExecutor.runWorker(ThreadPoolExecutor.java:1145)
09-29 23:01:00.733  1363  2778 W AiAiFed : 	at java.util.concurrent.ThreadPoolExecutor$Worker.run(ThreadPoolExecutor.java:644)
09-29 23:01:00.733  1363  2778 W AiAiFed : 	at java.lang.Thread.run(Thread.java:1012)
09-29 23:01:00.736  1197  2266 W ctxmgr  : [WorkManager] Long workInfo: pkg=com.google.android.gms, lbl=ListenerInvokerRunner, start=2023-09-29 23:00:57.048+0600, stop=2023-09-29 23:01:00.736+0600, durtn=3688ms [CONTEXT service_id=47 ]
09-29 23:01:00.748   886   900 D CustomizableLockScreenUtils: is_custom_lock_screen_quick_affordances_feature_enabled=1
09-29 23:01:00.757  1363  1896 I AiAiEcho: Predicting[0]:
09-29 23:01:00.758  1363  1896 I AiAiEcho: EchoTargets:
09-29 23:01:00.758  1363  1896 I AiAiEcho: Filtered by AiAi flag check:
09-29 23:01:00.759  1363  1896 I AiAiEcho: Ranked targets strategy: SORT, count: 0, ranking metadata:
09-29 23:01:00.776  1363  1896 I AiAiEcho: #postPredictionTargets: Sending updates to UISurface lockscreen with targets# 0 (types=[])
09-29 23:01:00.793   741   741 D StatusBarIconController: ignoring old pipeline callback because the new wifi icon is enabled
09-29 23:01:00.858  1410  2032 I GsaVoiceInteractionSrv: (REDACTED) disregardVoiceMatch: %b
09-29 23:01:00.878  1197  1197 I GCoreUlr: Unbound from all signal providers.
09-29 23:01:00.879  1197  1197 I GCoreUlr: Stopping handler for UlrDispSvcFast
09-29 23:01:00.886  1197  2890 I GmsCoreVoilaTileGrpc: grpc compression enabled: gzip
09-29 23:01:00.935  3276  3312 W ziparchive: Unable to open '/data/user_de/0/com.google.android.gms/app_chimera/m/00000002/DynamiteLoader.dm': No such file or directory
09-29 23:01:00.935  3276  3312 W ziparchive: Unable to open '/data/user_de/0/com.google.android.gms/app_chimera/m/00000002/DynamiteLoader.dm': No such file or directory
09-29 23:01:00.947  3276  3312 I ndroid.contacts: Waiting for a blocking GC ClassLinker
09-29 23:01:00.985  3488  3488 I AidlLazyServiceRegistrar: Process has 0 (of 1 available) client(s) in use after notification android.hardware.drm.IDrmFactory/clearkey has clients: 0
09-29 23:01:00.985  3488  3488 I AidlLazyServiceRegistrar: Trying to shut down the service. No clients in use for any service in process.
09-29 23:01:00.985  3495  3495 I AidlLazyServiceRegistrar: Process has 1 (of 1 available) client(s) in use after notification android.hardware.drm.IDrmFactory/widevine has clients: 1
09-29 23:01:00.985  3495  3495 I AidlLazyServiceRegistrar: Process has 0 (of 1 available) client(s) in use after notification android.hardware.drm.IDrmFactory/widevine has clients: 0
09-29 23:01:00.985  3495  3495 I AidlLazyServiceRegistrar: Trying to shut down the service. No clients in use for any service in process.
09-29 23:01:00.985  3495  3495 I AidlLazyServiceRegistrar: Unregistered all clients and exiting
09-29 23:01:00.987  3488  3488 I AidlLazyServiceRegistrar: Unregistered all clients and exiting
09-29 23:01:01.002  3276  3312 I ndroid.contacts: WaitForGcToComplete blocked ClassLinker on Background for 54.989ms
09-29 23:01:01.044  3276  3312 W ziparchive: Unable to open '/data/user_de/0/com.google.android.gms/app_chimera/m/00000001/CronetDynamite.dm': No such file or directory
09-29 23:01:01.044  3276  3312 W ziparchive: Unable to open '/data/user_de/0/com.google.android.gms/app_chimera/m/00000001/CronetDynamite.dm': No such file or directory
09-29 23:01:01.102  3276  3312 D nativeloader: Configuring clns-11 for other apk . target_sdk_version=34, uses_libraries=ALL, library_path=/data/user_de/0/com.google.android.gms/app_chimera/m/00000001/CronetDynamite.apk!/lib/arm64-v8a, permitted_path=/data:/mnt/expand
09-29 23:01:01.116  1197  2931 I GCoreUlr: DispatchingService ignoring Intent { act=android.net.wifi.WIFI_STATE_CHANGED flg=0x44000010 (has extras) } because ULR inactive
09-29 23:01:01.124   531   726 D ConnectivityService: requestNetwork for uid/pid:10127/3276 activeRequest: null callbackRequest: 113 [NetworkRequest [ REQUEST id=114, [ Capabilities: INTERNET&NOT_RESTRICTED&TRUSTED&NOT_VCN_MANAGED Uid: 10127 RequestorUid: 10127 RequestorPkg: com.google.android.contacts UnderlyingNetworks: Null] ]] callback flags: 0 order: 2147483647
09-29 23:01:01.126   531   659 D WifiNetworkFactory: got request NetworkRequest [ REQUEST id=114, [ Capabilities: INTERNET&NOT_RESTRICTED&TRUSTED&NOT_VCN_MANAGED Uid: 10127 RequestorUid: 10127 RequestorPkg: com.google.android.contacts UnderlyingNetworks: Null] ]
09-29 23:01:01.126   531   659 D UntrustedWifiNetworkFactory: got request NetworkRequest [ REQUEST id=114, [ Capabilities: INTERNET&NOT_RESTRICTED&TRUSTED&NOT_VCN_MANAGED Uid: 10127 RequestorUid: 10127 RequestorPkg: com.google.android.contacts UnderlyingNetworks: Null] ]
09-29 23:01:01.126   531   659 D OemPaidWifiNetworkFactory: got request NetworkRequest [ REQUEST id=114, [ Capabilities: INTERNET&NOT_RESTRICTED&TRUSTED&NOT_VCN_MANAGED Uid: 10127 RequestorUid: 10127 RequestorPkg: com.google.android.contacts UnderlyingNetworks: Null] ]
09-29 23:01:01.127   531   659 D MultiInternetWifiNetworkFactory: got request NetworkRequest [ REQUEST id=114, [ Capabilities: INTERNET&NOT_RESTRICTED&TRUSTED&NOT_VCN_MANAGED Uid: 10127 RequestorUid: 10127 RequestorPkg: com.google.android.contacts UnderlyingNetworks: Null] ]
09-29 23:01:01.127   531   666 D ConnectivityService: NetReassign [114 : null → 100] [c 0] [a 1] [i 2]
09-29 23:01:01.128  3276  3312 I cr_CronetLibraryLoader: Cronet version: 113.0.5672.51, arch: aarch64
09-29 23:01:01.138   531   666 D ConnectivityService: NetReassign [no changes] [c 0] [a 3] [i 0]
09-29 23:01:01.156  1410  2032 I GsaVoiceInteractionSrv: Cannot start hotword, hotword has been explicitly disabled.
09-29 23:01:01.161   318  3627 I resolv  : GetAddrInfoHandler::run: {100 100 100 983140 10127 0}
09-29 23:01:01.172  1507  1507 D BoundBrokerSvc: onBind: Intent { act=com.google.android.mdd.service.START dat=chimera-action:/... cmp=com.google.android.gms/.chimera.GmsBoundBrokerService }
09-29 23:01:01.172  1507  1507 D BoundBrokerSvc: Loading bound service for intent: Intent { act=com.google.android.mdd.service.START dat=chimera-action:/... cmp=com.google.android.gms/.chimera.GmsBoundBrokerService }
09-29 23:01:01.177   318  3629 I resolv  : res_nmkquery: (QUERY, IN, A)
09-29 23:01:01.180   318  3628 I resolv  : res_nmkquery: (QUERY, IN, AAAA)
09-29 23:01:01.194   318  3629 I resolv  : res_nsend: used send_dg 177 terrno: 0
09-29 23:01:01.194   318  3629 I resolv  : doQuery: rcode=0, ancount=8, return value=177
09-29 23:01:01.207   741   741 I Choreographer: Skipped 36 frames!  The application may be doing too much work on its main thread.
09-29 23:01:01.243   741   858 D EGL_emulation: app_time_stats: avg=361.10ms min=231.43ms max=496.50ms count=3
09-29 23:01:01.266   886   900 D CustomizableLockScreenUtils: is_custom_lock_screen_quick_affordances_feature_enabled=1
09-29 23:01:01.267   741   741 W PageIndicator: Total number of pages invalid: 0. Assuming 1 page.
09-29 23:01:01.284   886   900 D CustomizableLockScreenUtils: is_custom_lock_screen_quick_affordances_feature_enabled=1
09-29 23:01:01.287   318  3628 I resolv  : res_nsend: used send_dg 161 terrno: 0
09-29 23:01:01.287   318  3628 I resolv  : doQuery: rcode=0, ancount=4, return value=161
09-29 23:01:01.342  1197  3008 W WearableService: onGetService: Wear is not available on this device.
09-29 23:01:01.348   886   900 D CustomizableLockScreenUtils: is_custom_lock_screen_quick_affordances_feature_enabled=1
09-29 23:01:01.388  3336  3415 I org.webrtc.Logging: EffectsMiniBenchmarkWorkerFactory: Received worker class com.google.android.libraries.hub.workmanager.HubListenableWorker
09-29 23:01:01.425  1507  2055 I MS_Utils: version of com.google.android.apps.maps = 1066937505
09-29 23:01:01.444  1197  1197 D BoundBrokerSvc: onBind: Intent { act=com.google.android.gms.auth.account.workaccount.START dat=chimera-action:/... cmp=com.google.android.gms/.chimera.PersistentApiService }
09-29 23:01:01.469  1507  3505 I MS_Utils: version of com.google.android.apps.maps = 1066937505
09-29 23:01:01.482  1507  1507 I NearbySharing: SharingTileService created. [CONTEXT service_id=194 ]
09-29 23:01:01.488  1507  2202 I NearbySharing: Create pesudo logger. [CONTEXT service_id=194 ]
09-29 23:01:01.499  1197  1197 D BoundBrokerSvc: Loading bound service for intent: Intent { act=com.google.android.gms.auth.account.workaccount.START dat=chimera-action:/... cmp=com.google.android.gms/.chimera.PersistentApiService }
09-29 23:01:01.510  1197  1197 D BoundBrokerSvc: onUnbind: Intent { act=com.google.android.contextmanager.service.ContextManagerService.START pkg=com.google.android.gms }
09-29 23:01:01.513  1197  3076 W ChimeraUtils: Module com.google.android.gms.nearby_en missing resource null(0)
09-29 23:01:01.515  1507  1507 D BoundBrokerSvc: onUnbind: Intent { act=com.google.android.gms.auth.key.retrieval.service.START dat=chimera-action:/... cmp=com.google.android.gms/.chimera.GmsApiService }
09-29 23:01:01.536   531  1762 D WifiNl80211Manager: Scan result ready event
09-29 23:01:01.536   531  1762 D WifiNative: Scan result ready event
09-29 23:01:01.541  3522  3571 D CompatibilityChangeReporter: Compat change id reported: 160794467; UID 10145; state: ENABLED
09-29 23:01:01.569  2344  2524 W WM-WorkSpec: Backoff delay duration less than minimum value
09-29 23:01:01.585   886   900 D CustomizableLockScreenUtils: is_custom_lock_screen_quick_affordances_feature_enabled=1
09-29 23:01:01.585   886   900 W SettingsPrefController: Skipping updateNonIndexableKeys, key already in list. com.android.settings.gestures.TapScreenGesturePreferenceController@88e29fc
09-29 23:01:01.585   886   900 W SettingsPrefController: Skipping updateNonIndexableKeys, key already in list. com.android.settings.gestures.DoubleTapScreenPreferenceController@a3ad885
09-29 23:01:01.585   886   900 W SettingsPrefController: Skipping updateNonIndexableKeys, key already in list. com.android.settings.gestures.PickupGesturePreferenceController@4e4e6da
09-29 23:01:01.586   886   900 D PrefCtrlListHelper: Could not find Context-only controller for pref: com.android.settings.fuelgauge.BatteryHeaderPreferenceController
09-29 23:01:01.586   886   900 D PrefCtrlListHelper: Could not find Context-only controller for pref: com.android.settings.fuelgauge.batterytip.BatteryTipPreferenceController
09-29 23:01:01.587   886   900 D PrefCtrlListHelper: Could not find Context-only controller for pref: com.google.android.settings.fuelgauge.adaptivecharging.AdaptiveChargingPreferenceController
09-29 23:01:01.587   886   900 D PrefCtrlListHelper: Could not find Context-only controller for pref: com.google.android.settings.fuelgauge.reversecharging.ReverseChargingPreferenceController
09-29 23:01:01.587   886   900 D PrefCtrlListHelper: Could not find Context-only controller for pref: com.android.settings.display.BatteryPercentagePreferenceController
09-29 23:01:01.591   886   900 D PrefCtrlListHelper: Could not find Context-only controller for pref: com.android.settings.applications.specialaccess.interactacrossprofiles.InteractAcrossProfilesController
09-29 23:01:01.591   886   900 D PrefCtrlListHelper: Could not find Context-only controller for pref: com.android.settings.privacy.AccessibilityUsagePreferenceController
09-29 23:01:01.592   886   900 D PrefCtrlListHelper: Could not find Context-only controller for pref: com.android.settings.sound.MediaControlsLockScreenPreferenceController
09-29 23:01:01.592   886   900 D PrefCtrlListHelper: Could not find Context-only controller for pref: com.android.settings.privacy.EnableContentCapturePreferenceController
09-29 23:01:01.592   886   900 D PrefCtrlListHelper: Could not find Context-only controller for pref: com.android.settings.privacy.EnableContentCaptureWithServiceSettingsPreferenceController
09-29 23:01:01.592   886   900 D PrefCtrlListHelper: Could not find Context-only controller for pref: com.android.settings.enterprise.ManageDeviceAdminPreferenceController
09-29 23:01:01.592   886   900 D PrefCtrlListHelper: Could not find Context-only controller for pref: com.android.settings.enterprise.EnterprisePrivacyPreferenceController
09-29 23:01:01.592   886   900 D PrefCtrlListHelper: Could not find Context-only controller for pref: com.android.settings.enterprise.FinancedPrivacyPreferenceController
09-29 23:01:01.592   886   900 D PrefCtrlListHelper: Could not find Context-only controller for pref: com.android.settings.devicelock.DeviceLockPreferenceController
09-29 23:01:01.593   886   900 D PrefCtrlListHelper: Could not find Context-only controller for pref: com.android.settings.security.SimLockPreferenceController
09-29 23:01:01.593   886   900 D PrefCtrlListHelper: Could not find Context-only controller for pref: com.android.settings.security.EncryptionStatusPreferenceController
09-29 23:01:01.593   886   900 D PrefCtrlListHelper: Could not find Context-only controller for pref: com.android.settings.security.trustagent.ManageTrustAgentsPreferenceController
09-29 23:01:01.593   886   900 D PrefCtrlListHelper: Could not find Context-only controller for pref: com.android.settings.security.ScreenPinningPreferenceController
09-29 23:01:01.593   886   900 D PrefCtrlListHelper: Could not find Context-only controller for pref: com.android.settings.security.ConfirmSimDeletionPreferenceController
09-29 23:01:01.593   886   900 D PrefCtrlListHelper: Could not find Context-only controller for pref: com.android.settings.security.MemtagPagePreferenceController
09-29 23:01:01.593   886   900 W PrefControllerMixin: Skipping updateNonIndexableKeys due to empty key com.android.settings.notification.LockScreenNotificationPreferenceController@ed57801
09-29 23:01:01.597   886   900 I ActiveUnlockStatusUtils: authority not set
09-29 23:01:01.598   886   900 I ActiveUnlockStatusUtils: authority not set
09-29 23:01:01.598   886   900 I ActiveUnlockStatusUtils: authority not set
09-29 23:01:01.599   886   900 I ActiveUnlockStatusUtils: authority not set
09-29 23:01:01.599   886   900 I ActiveUnlockStatusUtils: authority not set
09-29 23:01:01.600   886   900 I ActiveUnlockStatusUtils: authority not set
09-29 23:01:01.600   886   900 W SettingsPrefController: Skipping updateNonIndexableKeys, key already in list. com.android.settings.applications.specialaccess.interactacrossprofiles.InteractAcrossProfilesController@d3a96a6
09-29 23:01:01.606   886  3595 W MobileNetworkUtils: EuiccManager is not enabled.
09-29 23:01:01.607   886   900 E ScreenResolutionController: No support
09-29 23:01:01.608   886   900 V SettingsSearchProvider: com.android.settings.notification.SoundWorkSettings$1@1f60e00 tried to add an empty non-indexable key
09-29 23:01:01.608   886   900 D PrefCtrlListHelper: Could not find Context-only controller for pref: com.android.settings.development.qstile.DevelopmentTilePreferenceController
09-29 23:01:01.609   886   900 D PrefCtrlListHelper: Could not find Context-only controller for pref: com.android.settings.emergency.EmergencyGesturePreferenceController
09-29 23:01:01.609   886   900 D PrefCtrlListHelper: Could not find Context-only controller for pref: com.android.settings.emergency.EmergencyGestureSoundPreferenceController
09-29 23:01:01.609   886   900 D PrefCtrlListHelper: Could not find Context-only controller for pref: com.android.settings.emergency.EmergencyGestureNumberOverridePreferenceController
09-29 23:01:01.609   886   900 D PrefCtrlListHelper: Could not find Context-only controller for pref: com.android.settings.connecteddevice.NfcAndPaymentFragmentController
09-29 23:01:01.609   886   900 D PrefCtrlListHelper: Could not find Context-only controller for pref: com.android.settings.wfd.WifiDisplayPreferenceController
09-29 23:01:01.610   886   900 D PrefCtrlListHelper: Could not find Context-only controller for pref: com.android.settings.nfc.AndroidBeamPreferenceController
09-29 23:01:01.610   886   900 D PrefCtrlListHelper: Could not find Context-only controller for pref: com.android.settings.uwb.UwbPreferenceController
09-29 23:01:01.610   886   900 W SettingsPrefController: Skipping updateNonIndexableKeys, key already in list. com.android.settings.connecteddevice.NfcAndPaymentFragmentController@cae0a2c
09-29 23:01:01.612   886   900 V SettingsSearchProvider: com.android.settings.accessibility.ToggleReduceBrightColorsPreferenceFragment$1@134ba8a tried to add an empty non-indexable key
09-29 23:01:01.612   886   900 D AssistGesture: mAssistOnly:false, isSupported:false, isSensorAvailable:false
09-29 23:01:01.612   886   900 D AssistGesture: mAssistOnly:false, isSupported:false, isSensorAvailable:false
09-29 23:01:01.612   886   900 V SettingsSearchProvider: com.android.settings.gestures.AssistGestureSettings$1@a079d18 tried to add an empty non-indexable key
09-29 23:01:01.614   886   900 D PrefCtrlListHelper: Could not find Context-only controller for pref: com.android.settings.notification.RemoteVolumeGroupController
09-29 23:01:01.614   886   900 W LocalMediaManager: BluetoothAdapter is null or muting expected device not exist
09-29 23:01:01.615   886   900 D PrefCtrlListHelper: Could not find Context-only controller for pref: com.android.settings.sound.MediaOutputPreferenceController
09-29 23:01:01.618   886   900 D PrefCtrlListHelper: Could not find Context-only controller for pref: com.android.settings.notification.CallVolumePreferenceController
09-29 23:01:01.618   886   900 D PrefCtrlListHelper: Could not find Context-only controller for pref: com.android.settings.sound.HandsFreeProfileOutputPreferenceController
09-29 23:01:01.619   886   900 D PrefCtrlListHelper: Could not find Context-only controller for pref: com.android.settings.notification.zen.ZenModePreferenceController
09-29 23:01:01.619   886   900 D PrefCtrlListHelper: Could not find Context-only controller for pref: com.android.settings.notification.SpatialAudioParentPreferenceController
09-29 23:01:01.619   886   900 D PrefCtrlListHelper: Could not find Context-only controller for pref: com.android.settings.sound.MediaControlsParentPreferenceController
09-29 23:01:01.619   886   900 D PrefCtrlListHelper: Could not find Context-only controller for pref: com.android.settings.accessibility.VibrationPreferenceController
09-29 23:01:01.619   886   900 D PrefCtrlListHelper: Could not find Context-only controller for pref: com.android.settings.gestures.PreventRingingParentPreferenceController
09-29 23:01:01.619   886   900 D PrefCtrlListHelper: Could not find Context-only controller for pref: com.google.android.settings.notification.ClearCallingPreferenceController
09-29 23:01:01.619   886   900 D PrefCtrlListHelper: Could not find Context-only controller for pref: com.android.settings.notification.WorkSoundsPreferenceController
09-29 23:01:01.620   886   900 V SettingsSearchProvider: com.android.settings.datetime.timezone.TimeZoneSettings$1@66572c4 tried to add an empty non-indexable key
09-29 23:01:01.620   886   900 D PrefCtrlListHelper: Could not find Context-only controller for pref: com.android.settings.network.BluetoothWiFiResetPreferenceController
09-29 23:01:01.620   886   900 D PrefCtrlListHelper: Could not find Context-only controller for pref: com.android.settings.network.EraseEuiccDataController
09-29 23:01:01.622   886   900 D PrefCtrlListHelper: Could not find Context-only controller for pref: com.android.settings.applications.specialaccess.interactacrossprofiles.InteractAcrossProfilesController
09-29 23:01:01.622   886   900 D PrefCtrlListHelper: Could not find Context-only controller for pref: com.android.settings.enterprise.ManageDeviceAdminPreferenceController
09-29 23:01:01.622   886   900 D PrefCtrlListHelper: Could not find Context-only controller for pref: com.google.android.settings.applications.specialaccess.DebuggingDataPreferenceController
09-29 23:01:01.622   886   900 D PrefCtrlListHelper: Could not find Context-only controller for pref: com.android.settings.applications.specialaccess.SystemAlertWindowPreferenceController
09-29 23:01:01.622   886   900 D PrefCtrlListHelper: Could not find Context-only controller for pref: com.android.settings.applications.specialaccess.zenaccess.ZenAccessController
09-29 23:01:01.622   886   900 D PrefCtrlListHelper: Could not find Context-only controller for pref: com.android.settings.applications.specialaccess.notificationaccess.NotificationAccessController
09-29 23:01:01.622   886   900 D PrefCtrlListHelper: Could not find Context-only controller for pref: com.android.settings.spa.app.specialaccess.UseFullScreenIntentPreferenceController
09-29 23:01:01.622   886   900 D PrefCtrlListHelper: Could not find Context-only controller for pref: com.android.settings.applications.specialaccess.pictureinpicture.PictureInPictureController
09-29 23:01:01.622   886   900 D PrefCtrlListHelper: Could not find Context-only controller for pref: com.android.settings.applications.specialaccess.premiumsms.PremiumSmsController
09-29 23:01:01.622   886   900 D PrefCtrlListHelper: Could not find Context-only controller for pref: com.android.settings.applications.specialaccess.DataSaverController
09-29 23:01:01.622   886   900 D PrefCtrlListHelper: Could not find Context-only controller for pref: com.android.settings.applications.specialaccess.vrlistener.EnabledVrListenersController
09-29 23:01:01.622   886   900 D PrefCtrlListHelper: Could not find Context-only controller for pref: com.android.settings.applications.specialaccess.MoreSpecialAccessPreferenceController
09-29 23:01:01.623   886   900 D PrefCtrlListHelper: Could not find Context-only controller for pref: com.android.settings.nfc.NfcTagAppsPreferenceController
09-29 23:01:01.623   886   900 D PrefCtrlListHelper: Could not find Context-only controller for pref: com.google.android.settings.notification.ClearCallingTogglePreferenceController
09-29 23:01:01.623   886   900 D PrefCtrlListHelper: Could not find Context-only controller for pref: com.google.android.settings.notification.ClearCallingFooterPreferenceController
09-29 23:01:01.623   886   900 V SettingsSearchProvider: com.android.settings.search.BaseSearchIndexProvider@5620fa9 tried to add an empty non-indexable key
09-29 23:01:01.623   886   900 V SettingsSearchProvider: com.google.android.settings.gestures.columbus.ColumbusSettings$1@1722ccf tried to add an empty non-indexable key
09-29 23:01:01.624   886   900 D PrefCtrlListHelper: Could not find Context-only controller for pref: com.android.settings.language.UserDictionaryPreferenceController
09-29 23:01:01.624   886   900 D PrefCtrlListHelper: Could not find Context-only controller for pref: com.android.settings.inputmethod.GameControllerPreferenceController
09-29 23:01:01.624   886   900 D PrefCtrlListHelper: Could not find Context-only controller for pref: com.android.settings.core.WorkPreferenceController
09-29 23:01:01.625   886   900 D PrefCtrlListHelper: Could not find Context-only controller for pref: com.android.settings.inputmethod.SpellCheckerForWorkPreferenceController
09-29 23:01:01.626   886   900 D PrefCtrlListHelper: Could not find Context-only controller for pref: com.android.settings.security.CredentialManagementAppHeaderController
09-29 23:01:01.626   886   900 D PrefCtrlListHelper: Could not find Context-only controller for pref: com.android.settings.security.CredentialManagementAppButtonsController
09-29 23:01:01.626   886   900 D PrefCtrlListHelper: Could not find Context-only controller for pref: com.android.settings.security.CredentialManagementAppPolicyController
09-29 23:01:01.626   886   900 D PrefCtrlListHelper: Could not find Context-only controller for pref: com.android.settings.fuelgauge.batterysaver.BatterySaverButtonPreferenceController
09-29 23:01:01.626   886   900 D PrefCtrlListHelper: Could not find Context-only controller for pref: com.google.android.settings.fuelgauge.batterysaver.BatterySaverModePreferenceController
09-29 23:01:01.626   886   900 D PrefCtrlListHelper: Could not find Context-only controller for pref: com.google.android.settings.fuelgauge.batterysaver.AdaptiveBatteryExpandController
09-29 23:01:01.627   886   900 D PrefCtrlListHelper: Could not find Context-only controller for pref: com.google.android.settings.fuelgauge.batterysaver.BatterySaverFooterPreferenceController
09-29 23:01:01.627   886   900 D PrefCtrlListHelper: Could not find Context-only controller for pref: com.android.settings.accessibility.MagnificationModePreferenceController
09-29 23:01:01.629   886   900 D SlotSimStatus: Number of active SIM: 1
09-29 23:01:01.629   886   900 W BaseSearchIndex: Error initial controller
09-29 23:01:01.629   886   900 D PrefCtrlListHelper: Could not find Context-only controller for pref: com.android.settings.deviceinfo.DeviceNamePreferenceController
09-29 23:01:01.629   886   900 D PrefCtrlListHelper: Could not find Context-only controller for pref: com.android.settings.deviceinfo.BrandedAccountPreferenceController
09-29 23:01:01.630   886   900 D PrefCtrlListHelper: Could not find Context-only controller for pref: com.android.settings.deviceinfo.PhoneNumberPreferenceController
09-29 23:01:01.630   886   900 D PrefCtrlListHelper: Could not find Context-only controller for pref: com.google.android.settings.warranty.WarrantyPreferenceController
09-29 23:01:01.630   886   900 D PrefCtrlListHelper: Could not find Context-only controller for pref: com.android.settings.deviceinfo.simstatus.SimStatusPreferenceController
09-29 23:01:01.630   886   900 D PrefCtrlListHelper: Could not find Context-only controller for pref: com.android.settings.deviceinfo.HardwareInfoPreferenceController
09-29 23:01:01.630   886   900 D PrefCtrlListHelper: Could not find Context-only controller for pref: com.android.settings.deviceinfo.imei.ImeiInfoPreferenceController
09-29 23:01:01.630   886   900 D PrefCtrlListHelper: Could not find Context-only controller for pref: com.android.settings.deviceinfo.firmwareversion.FirmwareVersionPreferenceController
09-29 23:01:01.630   886   900 D PrefCtrlListHelper: Could not find Context-only controller for pref: com.android.settings.deviceinfo.BuildNumberPreferenceController
09-29 23:01:01.631   886   900 D PrefCtrlListHelper: Could not find Context-only controller for pref: com.android.settings.accessibility.TextReadingFragmentForA11ySettingsController
09-29 23:01:01.631   886   900 D PrefCtrlListHelper: Could not find Context-only controller for pref: com.android.settings.accessibility.ReduceBrightColorsPreferenceController
09-29 23:01:01.631   886   900 D PrefCtrlListHelper: Could not find Context-only controller for pref: com.android.settings.accessibility.MagnificationPreferenceController
09-29 23:01:01.631   886   900 D PrefCtrlListHelper: Could not find Context-only controller for pref: com.android.settings.accessibility.VibrationPreferenceController
09-29 23:01:01.631   886   900 D PrefCtrlListHelper: Could not find Context-only controller for pref: com.android.settings.accessibility.LiveCaptionPreferenceController
09-29 23:01:01.631   886   900 D PrefCtrlListHelper: Could not find Context-only controller for pref: com.android.settings.accessibility.CaptioningPreferenceController
09-29 23:01:01.631   886   900 D PrefCtrlListHelper: Could not find Context-only controller for pref: com.android.settings.accessibility.RTTSettingPreferenceController
09-29 23:01:01.631   886   900 D RTTSettingsCtr: init controller
09-29 23:01:01.631   886   900 D PrefCtrlListHelper: Could not find Context-only controller for pref: com.android.settings.accessibility.AudioDescriptionPreferenceController
09-29 23:01:01.631   886   900 D PrefCtrlListHelper: Could not find Context-only controller for pref: com.android.settings.accessibility.FlashNotificationsPreferenceController
09-29 23:01:01.631   886   900 D PrefCtrlListHelper: Could not find Context-only controller for pref: com.android.settings.accessibility.AccessibilityHearingAidPreferenceController
09-29 23:01:01.631   886   900 D PrefCtrlListHelper: Could not find Context-only controller for pref: com.android.settings.language.TtsPreferenceController
09-29 23:01:01.633   886   900 D RTTSettingsCtr: isRttSettingSupported [start]
09-29 23:01:01.638  3276  3354 W isg     : Not syncing settings to wear.
09-29 23:01:01.638  3276  3354 W isg     : jcf: None of the queried APIs are available. Wearable.API: ConnectionResult{statusCode=API_UNAVAILABLE, resolution=null, message=null}
09-29 23:01:01.638  3276  3354 W isg     : 	at jde.a(PG:4)
09-29 23:01:01.638  3276  3354 W isg     : 	at jdw.r(PG:4)
09-29 23:01:01.638  3276  3354 W isg     : 	at jdw.j(PG:5)
09-29 23:01:01.638  3276  3354 W isg     : 	at jdw.i(PG:1)
09-29 23:01:01.638  3276  3354 W isg     : 	at sab.s(PG:1)
09-29 23:01:01.638  3276  3354 W isg     : 	at jfh.a(PG:1)
09-29 23:01:01.638  3276  3354 W isg     : 	at jfb.d(PG:6)
09-29 23:01:01.638  3276  3354 W isg     : 	at jfc.handleMessage(PG:38)
09-29 23:01:01.638  3276  3354 W isg     : 	at android.os.Handler.dispatchMessage(Handler.java:106)
09-29 23:01:01.638  3276  3354 W isg     : 	at android.os.Looper.loopOnce(Looper.java:205)
09-29 23:01:01.638  3276  3354 W isg     : 	at android.os.Looper.loop(Looper.java:294)
09-29 23:01:01.638  3276  3354 W isg     : 	at android.os.HandlerThread.run(HandlerThread.java:67)
09-29 23:01:01.658   886   900 D TelecomUtil: Failed to find SubscriptionInfo for phoneAccountHandle
09-29 23:01:01.659   886   900 D RTTSettingsCtr: subscription id for the device: -1
09-29 23:01:01.667   886   900 D RTTSettingsCtr: rtt calling supported by telecom:: false
09-29 23:01:01.667   886   900 D RTTSettingsCtr: isRttSettingSupported [Not support]
09-29 23:01:01.676   886   900 D PrefCtrlListHelper: Could not find Context-only controller for pref: com.android.settings.regionalpreferences.FirstDayOfWeekItemCategoryController
09-29 23:01:01.688   886   900 D PrefCtrlListHelper: Could not find Context-only controller for pref: com.android.settings.development.snooplogger.SnoopLoggerFiltersPreferenceController
09-29 23:01:01.703   886   900 D PrefCtrlListHelper: Could not find Context-only controller for pref: com.android.settings.development.transcode.TranscodeUserControlPreferenceController
09-29 23:01:01.703   886   900 D PrefCtrlListHelper: Could not find Context-only controller for pref: com.android.settings.development.transcode.TranscodeGlobalTogglePreferenceController
09-29 23:01:01.703   886   900 D PrefCtrlListHelper: Could not find Context-only controller for pref: com.android.settings.development.transcode.TranscodeDefaultOptionPreferenceController
09-29 23:01:01.703   886   900 D PrefCtrlListHelper: Could not find Context-only controller for pref: com.android.settings.development.transcode.TranscodeNotificationPreferenceController
09-29 23:01:01.703   886   900 D PrefCtrlListHelper: Could not find Context-only controller for pref: com.android.settings.development.transcode.TranscodeDisableCachePreferenceController
09-29 23:01:01.719   886   900 V SettingsSearchProvider: com.android.settings.development.transcode.TranscodeSettingsFragment$1@e408c60 tried to add an empty non-indexable key
09-29 23:01:01.719   886   900 D PrefCtrlListHelper: Could not find Context-only controller for pref: com.android.settings.security.trustagent.TrustAgentsPreferenceController
09-29 23:01:01.719   886   900 D PrefCtrlListHelper: Could not find Context-only controller for pref: com.android.settings.display.darkmode.DarkModeActivationPreferenceController
09-29 23:01:01.720   886   900 D PrefCtrlListHelper: Could not find Context-only controller for pref: com.android.settings.display.TwilightLocationPreferenceController
09-29 23:01:01.720   886   900 D PrefCtrlListHelper: Could not find Context-only controller for pref: com.android.settings.display.darkmode.DarkModeScheduleSelectorController
09-29 23:01:01.720   886   900 D PrefCtrlListHelper: Could not find Context-only controller for pref: com.android.settings.display.darkmode.DarkModeCustomBedtimePreferenceController
09-29 23:01:01.722   886   900 W SettingsPrefController: Skipping updateNonIndexableKeys, key already in list. com.android.settings.display.darkmode.DarkModeCustomBedtimePreferenceController@8920e8c
09-29 23:01:01.722   886   900 D PrefCtrlListHelper: Could not find Context-only controller for pref: com.android.settings.accessibility.DaltonizerPreferenceController
09-29 23:01:01.722   886   900 D PrefCtrlListHelper: Could not find Context-only controller for pref: com.android.settings.accessibility.ColorInversionPreferenceController
09-29 23:01:01.722   886   900 D PrefCtrlListHelper: Could not find Context-only controller for pref: com.android.settings.display.DarkUIPreferenceController
09-29 23:01:01.722   886   900 D PrefCtrlListHelper: Could not find Context-only controller for pref: com.android.settings.accessibility.DisableAnimationsPreferenceController
09-29 23:01:01.722   886   900 D PrefCtrlListHelper: Could not find Context-only controller for pref: com.android.settings.accessibility.LargePointerIconPreferenceController
09-29 23:01:01.723   886   900 D PrefCtrlListHelper: Could not find Context-only controller for pref: com.android.settings.development.graphicsdriver.GraphicsDriverTopIntroPreferenceController
09-29 23:01:01.723   886   900 D PrefCtrlListHelper: Could not find Context-only controller for pref: com.android.settings.development.graphicsdriver.GraphicsDriverEnableForAllAppsPreferenceController
09-29 23:01:01.723   886   900 D PrefCtrlListHelper: Could not find Context-only controller for pref: com.android.settings.development.graphicsdriver.GraphicsDriverAppPreferenceController
09-29 23:01:01.728   886   900 D PrefCtrlListHelper: Could not find Context-only controller for pref: com.android.settings.inputmethod.ModifierKeysPreferenceController
09-29 23:01:01.728   886   900 D PrefCtrlListHelper: Could not find Context-only controller for pref: com.android.settings.inputmethod.ModifierKeysRestorePreferenceController
09-29 23:01:01.728   886   900 W libc    : Access denied finding property "ro.vendor.aware_available"
09-29 23:01:01.728   886   900 V SettingsSearchProvider: com.google.android.settings.aware.WakeScreenGestureSettings$1@2a216b5 tried to add an empty non-indexable key
09-29 23:01:01.728   886   900 D PrefCtrlListHelper: Could not find Context-only controller for pref: com.android.settings.network.AdaptiveConnectivityTogglePreferenceController
09-29 23:01:01.728   886   900 V SettingsSearchProvider: com.android.settings.search.BaseSearchIndexProvider@28a48bb tried to add an empty non-indexable key
09-29 23:01:01.729   886   900 V SettingsSearchProvider: com.android.settings.nfc.PaymentSettings$1@aaa6931 tried to add an empty non-indexable key
09-29 23:01:01.730   886   900 W OemUnlockPreferenceController: oem_unlock not supported.
09-29 23:01:01.731   886   900 D ForcePeakRefreshRateCtr: DEFAULT_REFRESH_RATE : 60.0 mPeakRefreshRate : 60.0
