09-29 23:00:54.752  1507  2126 W Icing   : Failed to get Lockbox signed-in status: java.util.concurrent.TimeoutException: Timed out waiting for Task
09-29 23:00:54.759  1507  2126 W Icing   : getSignedInAccountName: Falling back to default value
09-29 23:00:54.764  1197  2567 I NamespaceManager: Package com.android.refreshratecontrol name not found! Using module version.
09-29 23:00:54.773  1507  3352 I SnapshotHandler: Unable to retrieve flag snapshot for com.google.android.gms.phenotype, using defaults.
09-29 23:00:54.810  1649  1649 I GH.FzeroReceiver: Handling intent android.intent.action.BOOT_COMPLETED
09-29 23:00:54.816  1197  2567 I NamespaceManager: Package com.google.oslo name not found! Using module version.
09-29 23:00:54.838  1197  2567 I NamespaceManager: Package com.android.media name not found! Using module version.
09-29 23:00:54.839  1649  1649 D CompatibilityChangeReporter: Compat change id reported: 183155436; UID 10114; state: ENABLED
09-29 23:00:54.853  2332  2338 I .android.as.oss: Background concurrent copying GC freed 16700(754KB) AllocSpace objects, 0(0B) LOS objects, 49% free, 2183KB/4367KB, paused 23us,3us total 487.623ms
09-29 23:00:54.853  1197  2567 I NamespaceManager: Package com.android.media.swcodec name not found! Using module version.
09-29 23:00:54.861  1197  2567 I NamespaceManager: Package com.android.neuralnetworks name not found! Using module version.
09-29 23:00:54.874  1197  2567 I NamespaceManager: Package com.android.media name not found! Using module version.
09-29 23:00:54.887  1197  2567 I NamespaceManager: Package 1 name not found! Using module version.
09-29 23:00:54.905  1197  2567 I NamespaceManager: Package rkpd name not found! Using module version.
09-29 23:00:54.915   319   319 D Zygote  : Forked child process 3430
09-29 23:00:54.927  1197  2567 I NamespaceManager: Package android.companion name not found! Using module version.
09-29 23:00:54.946  1197  2567 I NamespaceManager: Package com.google.android.apps.aicore name not found! Using module version.
09-29 23:00:54.979  3336  3398 W ogle.android.gm: Long monitor contention with owner Blocking Thread #2 (3399) at java.util.Map adne.a(android.content.Context)(PG:26) waiters=0 in java.util.Map adne.a(android.content.Context) for 341ms
09-29 23:00:54.980  3430  3430 I android.rkpdapp: Using CollectorTypeCC GC.
09-29 23:00:54.990  3430  3430 E android.rkpdapp: Not starting debugger since process cannot load the jdwp agent.
09-29 23:00:55.016  1197  2266 W ctxmgr  : [WorkManager] Long workInfo: pkg=com.google.android.gms, lbl=ListenerInvokerRunner, start=2023-09-29 23:00:53.665+0600, stop=2023-09-29 23:00:55.016+0600, durtn=1351ms [CONTEXT service_id=47 ]
09-29 23:00:55.092  3336  3421 I org.webrtc.Logging: CrashStartupListener: Checking conference crashes for 0 account(s).
09-29 23:00:55.104  1507  3352 E PhenotypeRegOp: Attempting to overwrite config package for com.google.android.gms.games [CONTEXT service_id=231 ]
09-29 23:00:55.176  3430  3430 D CompatibilityChangeReporter: Compat change id reported: 171979766; UID 10163; state: ENABLED
09-29 23:00:55.176  3430  3430 D CompatibilityChangeReporter: Compat change id reported: 242716250; UID 10163; state: ENABLED
09-29 23:00:55.198  1507  3352 E PhenotypeRegOp: Attempting to overwrite config package for com.google.android.gms.maps#com.google.android.gms [CONTEXT service_id=231 ]
09-29 23:00:55.198  1507  3352 E PhenotypeRegOp: Attempting to overwrite config package for com.google.android.gms.cast [CONTEXT service_id=231 ]
09-29 23:00:55.198  1507  3352 E PhenotypeRegOp: Attempting to overwrite config package for com.google.android.gms.mobile_data_plan [CONTEXT service_id=231 ]
09-29 23:00:55.199  1507  3352 E PhenotypeRegOp: Attempting to overwrite config package for com.google.android.gms.udc [CONTEXT service_id=231 ]
09-29 23:00:55.206  1507  2202 W gle.android.gms: Long monitor contention with owner highpool[1] (2126) at com.google.android.gms.appdatasearch.CorpusStatus arcy.P(arkk, java.lang.String, java.lang.String)(:com.google.android.gms@231818044@23.18.18 (190400-535401451):12) waiters=1 in arkh arkj.e(java.lang.String) for 1.375s
09-29 23:00:55.206  1507  2199 W gle.android.gms: Long monitor contention with owner highpool[1] (2126) at com.google.android.gms.appdatasearch.CorpusStatus arcy.P(arkk, java.lang.String, java.lang.String)(:com.google.android.gms@231818044@23.18.18 (190400-535401451):12) waiters=2 in java.lang.Object byyt.a() for 1.454s
09-29 23:00:55.209  3336  3445 W ziparchive: Unable to open '/data/user_de/0/com.google.android.gms/app_chimera/m/00000002/DynamiteLoader.dm': No such file or directory
09-29 23:00:55.209  3336  3445 W ziparchive: Unable to open '/data/user_de/0/com.google.android.gms/app_chimera/m/00000002/DynamiteLoader.dm': No such file or directory
09-29 23:00:55.253  3336  3336 D CompatibilityChangeReporter: Compat change id reported: 194532703; UID 10146; state: ENABLED
09-29 23:00:55.253  3336  3336 D CompatibilityChangeReporter: Compat change id reported: 253665015; UID 10146; state: DISABLED
09-29 23:00:55.260  3336  3336 W kch     : AccountUtils: For b/73513912, load account content://com.google.android.gm.sapi/account.-2137146394 from MailAppProvider. Is account valid result: 1. [CONTEXT android_log_tag="AccountUtils" ]
09-29 23:00:55.260  3336  3336 W kch     : AccountUtils: For b/73513912, load account content://com.google.android.gm.email.provider/account.-437561172?suppress_combined%3Dtrue from MailAppProvider. Is account valid result: 1. [CONTEXT android_log_tag="AccountUtils" ]
09-29 23:00:55.268  3336  3336 W kch     : [Gmail] PhenotypeManagerImpl: Account is null, skip calling setAccount.
09-29 23:00:55.269  3336  3445 W ziparchive: Unable to open '/data/user_de/0/com.google.android.gms/app_chimera/m/00000001/CronetDynamite.dm': No such file or directory
09-29 23:00:55.269  3336  3445 W ziparchive: Unable to open '/data/user_de/0/com.google.android.gms/app_chimera/m/00000001/CronetDynamite.dm': No such file or directory
09-29 23:00:55.345  1197  2717 D BluetoothAdapter: isLeEnabled(): ON
09-29 23:00:55.357  3430  3430 D nativeloader: Configuring clns-shared-6 for other apk /apex/com.android.rkpd/priv-app/rkpdapp.google@340818020/rkpdapp.google.apk. target_sdk_version=34, uses_libraries=, library_path=/apex/com.android.rkpd/priv-app/rkpdapp.google@340818020/lib/arm64:/system/lib64:/system_ext/lib64, permitted_path=/data:/mnt/expand:/data/user/0/com.google.android.rkpdapp:/apex/com.android.rkpd/priv-app/rkpdapp.google@340818020:/system/lib64:/system_ext/lib64
09-29 23:00:55.357  3430  3430 D nativeloader: InitApexLibraries:
09-29 23:00:55.357  3430  3430 D nativeloader:   com_android_adservices: libhpke_jni.so:libtflite_support_classifiers_native.so
09-29 23:00:55.357  3430  3430 D nativeloader:   com_android_appsearch: libicing.so
09-29 23:00:55.357  3430  3430 D nativeloader:   com_android_art: libartservice.so
09-29 23:00:55.357  3430  3430 D nativeloader:   com_android_btservices: libbluetooth_jni.so
09-29 23:00:55.357  3430  3430 D nativeloader:   com_android_conscrypt: libjavacrypto.so
09-29 23:00:55.357  3430  3430 D nativeloader:   com_android_extservices: libtflite_support_classifiers_native.so
09-29 23:00:55.357  3430  3430 D nativeloader:   com_android_os_statsd: libstats_jni.so
09-29 23:00:55.357  3430  3430 D nativeloader:   com_android_tethering: libandroid_net_connectivity_com_android_net_module_util_jni.so:libcronet.114.0.5735.84.so:libframework-connectivity-jni.so:libframework-connectivity-tiramisu-jni.so:libservice-connectivity.so
09-29 23:00:55.357  3430  3430 D nativeloader:   com_android_uwb: libuwb_uci_jni_rust.so
09-29 23:00:55.357  3430  3430 D nativeloader:   com_android_virt: libvirtualizationservice_jni.so:libvirtualmachine_jni.so
09-29 23:00:55.363   531   726 D WifiNl80211Manager: Scan result ready event
09-29 23:00:55.363   531   726 D WifiNative: Scan result ready event
09-29 23:00:55.375  3430  3430 V GraphicsEnvironment: Currently set values for:
09-29 23:00:55.375  3430  3430 V GraphicsEnvironment:   angle_gl_driver_selection_pkgs=[]
09-29 23:00:55.376  3430  3430 V GraphicsEnvironment:   angle_gl_driver_selection_values=[]
09-29 23:00:55.377  3430  3430 V GraphicsEnvironment: ANGLE GameManagerService for com.google.android.rkpdapp: false
09-29 23:00:55.377  3430  3430 V GraphicsEnvironment: com.google.android.rkpdapp is not listed in per-application setting
09-29 23:00:55.377  3430  3430 V GraphicsEnvironment: Neither updatable production driver nor prerelease driver is supported.
09-29 23:00:55.381  3430  3430 D WM-WrkMgrInitializer: Initializing WorkManager with default configuration.
09-29 23:00:55.383  3430  3430 D WM-PackageManagerHelper: androidx.work.impl.background.systemjob.SystemJobService enabled
09-29 23:00:55.383  3430  3430 D WM-Schedulers: Created SystemJobScheduler and enabled SystemJobService
09-29 23:00:55.391  3430  3430 I RkpdBootReceiver: Caught boot intent, waking up.
09-29 23:00:55.393  3430  3430 I RkpdBootReceiver: Queueing a one-time provisioning job for widevine provisioning.
09-29 23:00:55.402   319   319 D Zygote  : Forked child process 3470
09-29 23:00:55.425  3430  3468 D CompatibilityChangeReporter: Compat change id reported: 160794467; UID 10163; state: ENABLED
09-29 23:00:55.429  3470  3470 I gs.intelligence: Using CollectorTypeCC GC.
09-29 23:00:55.441  3470  3470 E gs.intelligence: Not starting debugger since process cannot load the jdwp agent.
09-29 23:00:55.450  3430  3473 D CompatibilityChangeReporter: Compat change id reported: 194532703; UID 10163; state: ENABLED
09-29 23:00:55.450  3430  3473 D CompatibilityChangeReporter: Compat change id reported: 253665015; UID 10163; state: ENABLED
09-29 23:00:55.460   531  1894 D ConnectivityService: requestNetwork for uid/pid:1000/531 asUid: 10163 activeRequest: null callbackRequest: 109 [NetworkRequest [ REQUEST id=110, [ Capabilities: INTERNET&NOT_RESTRICTED&TRUSTED&NOT_VCN_MANAGED Uid: 10163 RequestorUid: 1000 RequestorPkg: android UnderlyingNetworks: Null] ]] callback flags: 0 order: 2147483647
09-29 23:00:55.461   531   666 D ConnectivityService: NetReassign [110 : null → 100] [c 0] [a 0] [i 1]
09-29 23:00:55.462   531   659 D WifiNetworkFactory: got request NetworkRequest [ REQUEST id=110, [ Capabilities: INTERNET&NOT_RESTRICTED&TRUSTED&NOT_VCN_MANAGED Uid: 10163 RequestorUid: 1000 RequestorPkg: android UnderlyingNetworks: Null] ]
09-29 23:00:55.465   531  2306 D ConnectivityService: requestNetwork for uid/pid:10163/3430 activeRequest: null callbackRequest: 111 [NetworkRequest [ REQUEST id=112, [ Capabilities: INTERNET&NOT_RESTRICTED&TRUSTED&NOT_VCN_MANAGED Uid: 10163 RequestorUid: 10163 RequestorPkg: com.google.android.rkpdapp UnderlyingNetworks: Null] ]] callback flags: 0 order: 2147483647
09-29 23:00:55.467   531   666 D ConnectivityService: NetReassign [112 : null → 100] [c 0] [a 1] [i 0]
09-29 23:00:55.468   531   659 D UntrustedWifiNetworkFactory: got request NetworkRequest [ REQUEST id=110, [ Capabilities: INTERNET&NOT_RESTRICTED&TRUSTED&NOT_VCN_MANAGED Uid: 10163 RequestorUid: 1000 RequestorPkg: android UnderlyingNetworks: Null] ]
09-29 23:00:55.470  3430  3468 D CompatibilityChangeReporter: Compat change id reported: 263076149; UID 10163; state: ENABLED
09-29 23:00:55.471   531   659 D OemPaidWifiNetworkFactory: got request NetworkRequest [ REQUEST id=110, [ Capabilities: INTERNET&NOT_RESTRICTED&TRUSTED&NOT_VCN_MANAGED Uid: 10163 RequestorUid: 1000 RequestorPkg: android UnderlyingNetworks: Null] ]
09-29 23:00:55.471   531   659 D MultiInternetWifiNetworkFactory: got request NetworkRequest [ REQUEST id=110, [ Capabilities: INTERNET&NOT_RESTRICTED&TRUSTED&NOT_VCN_MANAGED Uid: 10163 RequestorUid: 1000 RequestorPkg: android UnderlyingNetworks: Null] ]
09-29 23:00:55.471   531   659 D WifiNetworkFactory: got request NetworkRequest [ REQUEST id=112, [ Capabilities: INTERNET&NOT_RESTRICTED&TRUSTED&NOT_VCN_MANAGED Uid: 10163 RequestorUid: 10163 RequestorPkg: com.google.android.rkpdapp UnderlyingNetworks: Null] ]
09-29 23:00:55.471   531   659 D UntrustedWifiNetworkFactory: got request NetworkRequest [ REQUEST id=112, [ Capabilities: INTERNET&NOT_RESTRICTED&TRUSTED&NOT_VCN_MANAGED Uid: 10163 RequestorUid: 10163 RequestorPkg: com.google.android.rkpdapp UnderlyingNetworks: Null] ]
09-29 23:00:55.471   531   659 D OemPaidWifiNetworkFactory: got request NetworkRequest [ REQUEST id=112, [ Capabilities: INTERNET&NOT_RESTRICTED&TRUSTED&NOT_VCN_MANAGED Uid: 10163 RequestorUid: 10163 RequestorPkg: com.google.android.rkpdapp UnderlyingNetworks: Null] ]
09-29 23:00:55.471   531   659 D MultiInternetWifiNetworkFactory: got request NetworkRequest [ REQUEST id=112, [ Capabilities: INTERNET&NOT_RESTRICTED&TRUSTED&NOT_VCN_MANAGED Uid: 10163 RequestorUid: 10163 RequestorPkg: com.google.android.rkpdapp UnderlyingNetworks: Null] ]
09-29 23:00:55.474  3430  3482 I RkpdPeriodicProvisioner: Waking up; checking provisioning state.
09-29 23:00:55.480  3430  3482 I RkpdPeriodicProvisioner: Stopping periodic provisioner: system has no configured server endpoint
09-29 23:00:55.489  3430  3483 I DrmHalHidl: No hidl drm factories found
09-29 23:00:55.491   123   123 I hwservicemanager: getTransport: Cannot find entry android.hardware.drm@1.0::IDrmFactory/default in either framework or device VINTF manifest.
09-29 23:00:55.492  3430  3483 E DrmHalHidl: Failed to find passthrough drm factories
09-29 23:00:55.539   845   866 D BtGatt.GattService: registerScanner() - UUID=a6c72372-62f7-4328-a78a-f08264d88057
09-29 23:00:55.540   845   866 I bt_stack: [INFO:le_scanning_manager.cc(155)] RegisterScanner in shim layer
09-29 23:00:55.547   845  1056 D BtGatt.GattService: onScannerRegistered() - UUID=a6c72372-62f7-4328-a78a-f08264d88057, scannerId=1, status=0
09-29 23:00:55.548  1197  1861 D BluetoothLeScanner: onScannerRegistered() - status=0 scannerId=1 mScannerId=0
09-29 23:00:55.613  1507  2118 I PeopleChimeraService: onService. callbacks = avsz@cf5f260, request = com.google.android.gms.common.internal.GetServiceRequest@ad1a319
09-29 23:00:55.662   845   866 D BtGatt.GattService: start scan with filters
09-29 23:00:55.663   845   866 D BtGatt.GattService: enforcePrivilegedPermissionIfNeeded([BluetoothLeScanFilter [mDeviceName=null, mDeviceAddress=null, mUuid=null, mUuidMask=null, mServiceSolicitationUuid=null, mServiceSolicitationUuidMask=null, mServiceDataUuid=0000fff6-0000-1000-8000-00805f9b34fb, mServiceData=[0], mServiceDataMask=[0], mManufacturerId=-1, mManufacturerData=null, mManufacturerDataMask=null, mAdvertisingDataType=-1, mAdvertisingData=null, mAdvertisingDataMask=null, mTransportBlockFilter=null], BluetoothLeScanFilter [mDeviceName=null, mDeviceAddress=null, mUuid=null, mUuidMask=null, mServiceSolicitationUuid=null, mServiceSolicitationUuidMask=null, mServiceDataUuid=0000fe2c-0000-1000-8000-00805f9b34fb, mServiceData=[0], mServiceDataMask=[0], mManufacturerId=-1, mManufacturerData=null, mManufacturerDataMask=null, mAdvertisingDataType=-1, mAdvertisingData=null, mAdvertisingDataMask=null, mTransportBlockFilter=null]])
09-29 23:00:55.675   845   866 D BtGatt.ScanManager: startScan()  [ScanClient scanModeApp 1 scanModeUsed 1 [appScanStats com.google.uid.shared:10122]]
09-29 23:00:55.676   845  1083 D BtGatt.ScanManager: handling starting scan
09-29 23:00:55.676   845  1083 D BtGatt.ScanManager: start gattClientScanNative from startRegularScan()
09-29 23:00:55.677   845  1083 I bt_stack: [INFO:le_scanning_manager.cc(168)] Scan in shim layer started
09-29 23:00:55.677   845  1004 I bluetooth: packages/modules/Bluetooth/system/gd/hci/le_scanning_manager.cc:588 stop_scan: Scanning already stopped, return!
09-29 23:00:55.678   845   866 D ActivityAttributionService: notifyActivityAttributionInfo UID=1002 packageName=com.google.android.bluetooth deviceAddress=no_active_device_address
09-29 23:00:55.679   845  1083 D BtGatt.ScanManager: configureRegularScanParams() - queue=1
09-29 23:00:55.681   845  1083 I bt_stack: [INFO:le_scanning_manager.cc(168)] Scan in shim layer stopped
09-29 23:00:55.681   845  1004 I bluetooth: packages/modules/Bluetooth/system/gd/hci/le_address_manager.cc:175 register_client: Scheduled address rotation for first client registered
09-29 23:00:55.681   845  1004 I bluetooth: packages/modules/Bluetooth/system/gd/hci/le_address_manager.cc:178 register_client: Client registered
09-29 23:00:55.681   845  1004 I bluetooth: packages/modules/Bluetooth/system/gd/hci/le_address_manager.cc:193 unregister_client: Client unregistered
09-29 23:00:55.681   845  1004 I bluetooth: packages/modules/Bluetooth/system/gd/hci/le_address_manager.cc:197 unregister_client: Cancelled address rotation alarm
09-29 23:00:55.681   845  1083 D BtGatt.ScanManager: Start gattClientScanNative with old scanMode -2147483648 new scanMode 1 ( in MS: 730 / 183, in scan unit: 1168 / 292 ) [ScanClient scanModeApp 1 scanModeUsed 1 [appScanStats com.google.uid.shared:10122]]
09-29 23:00:55.681   845  1083 I bt_stack: [INFO:le_scanning_manager.cc(346)] SetScanParameters in shim layer
09-29 23:00:55.682   845  1056 D BtGatt.GattService: onScanParamSetupCompleted : 0
09-29 23:00:55.682   845  1083 I bt_stack: [INFO:le_scanning_manager.cc(168)] Scan in shim layer started
09-29 23:00:55.682   845  1004 I bluetooth: packages/modules/Bluetooth/system/gd/hci/le_scanning_manager.cc:588 stop_scan: Scanning already stopped, return!
09-29 23:00:55.682   845  1004 I bluetooth: packages/modules/Bluetooth/system/gd/hci/le_address_manager.cc:175 register_client: Scheduled address rotation for first client registered
09-29 23:00:55.682   845  1004 I bluetooth: packages/modules/Bluetooth/system/gd/hci/le_address_manager.cc:178 register_client: Client registered
09-29 23:00:55.682   845  1083 D BtGatt.ScanManager: apply scan timeout (600000)to scannerId 1
09-29 23:00:55.682   845   866 I bt_btif : packages/modules/Bluetooth/system/btif/src/bluetooth.cc:829 get_profile_interface: get_profile_interface: id = activity_attribution
09-29 23:00:55.692  1197  2717 I NearbyDiscovery: FastPairScanner: Starting LOW_POWER_SCANNING scanning [CONTEXT service_id=265 ]
09-29 23:00:55.707  1507  2199 W Icing   : Failed to get Lockbox signed-in status: java.util.concurrent.TimeoutException: Timed out waiting for Task
09-29 23:00:55.708  1507  2199 W Icing   : getSignedInAccountName: Falling back to default value
09-29 23:00:55.820  3336  3421 D CompatibilityChangeReporter: Compat change id reported: 160794467; UID 10146; state: ENABLED
09-29 23:00:55.831   531  1890 W system_server: Long monitor contention with owner ActivityManager (560) at void com.android.server.am.ActivityManagerService.tempAllowlistUidLocked(int, long, int, java.lang.String, int, int)(ActivityManagerService.java:16653) waiters=0 in void com.android.server.am.ActivityManagerService.getMyMemoryState(android.app.ActivityManager$RunningAppProcessInfo) for 174ms
09-29 23:00:55.859  3488  3488 I AidlLazyServiceRegistrar: Registering service android.hardware.drm.IDrmFactory/clearkey
09-29 23:00:55.863  3430  3483 I DrmUtils: found IDrmFactory. Instance name:[android.hardware.drm.IDrmFactory/clearkey]
09-29 23:00:55.916  3470  3470 D CompatibilityChangeReporter: Compat change id reported: 171979766; UID 10113; state: ENABLED
09-29 23:00:55.916  3470  3470 D CompatibilityChangeReporter: Compat change id reported: 242716250; UID 10113; state: ENABLED
09-29 23:00:55.984  3488  3488 I AidlLazyServiceRegistrar: Process has 1 (of 1 available) client(s) in use after notification android.hardware.drm.IDrmFactory/clearkey has clients: 1
09-29 23:00:55.995  3495  3495 I AidlLazyServiceRegistrar: Registering service android.hardware.drm.IDrmFactory/widevine
09-29 23:00:56.002  3430  3483 I DrmUtils: found IDrmFactory. Instance name:[android.hardware.drm.IDrmFactory/widevine]
09-29 23:00:56.003  3495  3495 I WVCdm-DrmFactory: [app][com.google.android.rkpdapp] calling virtual ::ndk::ScopedAStatus wvdrm::hardware::drm::widevine::WVDrmFactory::createDrmPlugin(const Uuid &, const string &, std::shared_ptr< ::aidl::android::hardware::drm::IDrmPlugin> *)
09-29 23:00:56.003  3495  3495 D WVCdm   : Instantiating CDM metrics queue
09-29 23:00:56.003  3495  3495 D WVCdm   : Instantiating CDM.
09-29 23:00:56.003  3495  3495 D WVCdm   : [cdm_engine.cpp(581):QueryStatus] security_level = Default, query_token = WidevineCdmVersion
09-29 23:00:56.004  3495  3495 I WVCdm   : [file_utils.cpp(38):Exists] stat failed: ENOENT
09-29 23:00:56.004  3495  3495 I WVCdm   : [oemcrypto_adapter_dynamic.cpp(837):Initialize] Level 3 Build Info (v18): {"soc_vendor":"L3_28613","soc_model":"ARM 64 bit","ta_ver":"18.1.0+May  1 2023_06:32:58_","uses_opk":false,"tee_os":"none","tee_os_ver":"0.0.0","form_factor":"L3","implementer":"Widevine","fused":false}
09-29 23:00:56.027  2344  2534 I Bugle   : BroadcastReceiverAsyncWorkTracker: Launching foreground service for com.google.android.apps.messaging.rcsprovisioning.RcsProvisioningBroadcastReceiver@2c4ee40
09-29 23:00:56.033  3495  3498 I WVCdm   : [(0):] Level3 Library 28613 May  1 2023 06:32:58
09-29 23:00:56.045  3495  3495 I WVCdm   : [oemcrypto_adapter_dynamic.cpp(851):Initialize] L3 Initialized. Trying L1.
09-29 23:00:56.046  3495  3495 W WVCdm   : [oemcrypto_adapter_dynamic.cpp(864):Initialize] Could not load oemcrypto from path liboemcrypto.so.  dlopen failed: library "liboemcrypto.so" not found
09-29 23:00:56.046  3495  3495 W WVCdm   : [oemcrypto_adapter_dynamic.cpp(868):Initialize] Could not load oemcrypto. Falling back to L3.
09-29 23:00:56.046  3495  3495 E WVCdm   : [oemcrypto_adapter_dynamic.cpp(1337):ValidateOrInstallL1KeyboxOrCert] L1 not initialized. Falling back to L3
09-29 23:00:56.046  3495  3495 I WVCdm   : [file_utils.cpp(38):Exists] stat failed: ENOENT
09-29 23:00:56.046  3495  3495 W WVCdm   : [oemcrypto_adapter_dynamic.cpp(1549):OEMCrypto_InitializeAndCheckKeybox] Keybox error: 25. Falling back to L3.
09-29 23:00:56.046  3495  3495 I WVCdm   : [oemcrypto_adapter_dynamic.cpp(900):Level1Terminate] L1 Terminate not needed
09-29 23:00:56.046  3495  3495 D WVCdm   : [crypto_session.cpp(439):CacheVersion] OEMCrypto version (default security level): 18.1
09-29 23:00:56.046  3495  3495 D WVCdm   : [crypto_session.cpp(448):CacheVersion] OEMCrypto version (L3 security level): 18.1
09-29 23:00:56.046  3495  3495 D WVCdm   : [cdm_engine.cpp(581):QueryStatus] security_level = Default, query_token = ProvisioningModel
09-29 23:00:56.047  3430  3483 I RkpdWidevine: Not a WV provisioning 4.0 device. No provisioning required.
09-29 23:00:56.052   414   460 D statsd_drm: statsd_mediadrm skipping empty entry
09-29 23:00:56.053  3495  3495 I WVCdm   : [(0):] L3 Terminate.
09-29 23:00:56.053  3430  3473 I WM-WorkerWrapper: Worker result SUCCESS for Work [ id=ac69cbf5-365d-43ec-8596-ac5563e3035d, tags={ com.android.rkpdapp.provisioner.WidevineProvisioner, WidevineProvisioner } ]
09-29 23:00:56.070  3199  3493 D ProfileInstaller: Installing profile for com.google.android.configupdater
09-29 23:00:56.093  3470  3470 D nativeloader: Configuring clns-6 for other apk /system/framework/org.apache.http.legacy.jar. target_sdk_version=34, uses_libraries=ALL, library_path=/product/priv-app/SettingsIntelligenceGooglePrebuilt/lib/arm64, permitted_path=/data:/mnt/expand:/data/user/0/com.google.android.settings.intelligence
09-29 23:00:56.103  3470  3470 D ApplicationLoaders: Returning zygote-cached class loader: /system_ext/framework/androidx.window.extensions.jar
09-29 23:00:56.103  3470  3470 D ApplicationLoaders: Returning zygote-cached class loader: /system_ext/framework/androidx.window.sidecar.jar
09-29 23:00:56.138   741   748 W ndroid.systemui: Cleared Reference was only reachable from finalizer (only reported once)
09-29 23:00:56.212  1507  2199 W Icing   : Failed to get Lockbox signed-in status: java.util.concurrent.TimeoutException: Timed out waiting for Task
09-29 23:00:56.212  1507  2199 W Icing   : getSignedInAccountName: Falling back to default value
09-29 23:00:56.213  1507  2037 W gle.android.gms: Long monitor contention with owner highpool[1] (2126) at com.google.android.gms.appdatasearch.CorpusStatus arcy.P(arkk, java.lang.String, java.lang.String)(:com.google.android.gms@231818044@23.18.18 (190400-535401451):12) waiters=0 in arkh arkj.e(java.lang.String) for 2.490s
09-29 23:00:56.217  1507  2133 W gle.android.gms: Long monitor contention with owner highpool[1] (2126) at com.google.android.gms.appdatasearch.CorpusStatus arcy.P(arkk, java.lang.String, java.lang.String)(:com.google.android.gms@231818044@23.18.18 (190400-535401451):12) waiters=3 in boolean asbw.D() for 1.343s
09-29 23:00:56.332  1507  2108 W gle.android.gms: Long monitor contention with owner [com.google.android.gms.chimera.container.intentoperation.GmsIntentOperationChimeraService-Executor] processing com.google.android.gms.icing.proxy.UpdateIcingCorporaIntentOperation for action com.google.android.gms.icing.proxy.ACTION_UPDATE (2055) at void hjm.run()(:com.google.android.gms@231818044@23.18.18 (190400-535401451):3) waiters=0 in void hjm.run() for 9.220s
09-29 23:00:56.335  3470  3470 D nativeloader: InitLlndkLibrariesProduct: libEGL.so:libGLESv1_CM.so:libGLESv2.so:libGLESv3.so:libRS.so:libandroid_net.so:libbinder_ndk.so:libc.so:libcgrouprc.so:libclang_rt.asan-aarch64-android.so:libclang_rt.hwasan-aarch64-android.so:libcom.android.tethering.connectivity_native.so:libdl.so:libft2.so:liblog.so:libm.so:libmediandk.so:libnativewindow.so:libneuralnetworks.so:libselinux.so:libsync.so:libvndksupport.so:libvulkan.so
09-29 23:00:56.335  3470  3470 D nativeloader: Configuring product-clns-7 for unbundled product apk /product/priv-app/SettingsIntelligenceGooglePrebuilt/SettingsIntelligenceGooglePrebuilt.apk. target_sdk_version=34, uses_libraries=, library_path=/product/priv-app/SettingsIntelligenceGooglePrebuilt/lib/arm64:/product/lib64:/system/product/lib64, permitted_path=/data:/mnt/expand:/data/user/0/com.google.android.settings.intelligence:/product/lib64:/system/product/lib64
09-29 23:00:56.358  3470  3470 D nativeloader: InitVndkspLibrariesProduct: android.hardware.common-V2-ndk.so:android.hardware.common.fmq-V1-ndk.so:android.hardware.graphics.allocator-V2-ndk.so:android.hardware.graphics.common-V4-ndk.so:android.hardware.graphics.common@1.0.so:android.hardware.graphics.common@1.1.so:android.hardware.graphics.common@1.2.so:android.hardware.graphics.composer3-V1-ndk.so:android.hardware.graphics.mapper@2.0.so:android.hardware.graphics.mapper@2.1.so:android.hardware.graphics.mapper@3.0.so:android.hardware.graphics.mapper@4.0.so:android.hardware.renderscript@1.0.so:android.hidl.memory.token@1.0.so:android.hidl.memory@1.0-impl.so:android.hidl.memory@1.0.so:android.hidl.safe_union@1.0.so:libRSCpuRef.so:libRSDriver.so:libRS_internal.so:libbase.so:libbcinfo.so:libblas.so:libc++.so:libcompiler_rt.so:libcutils.so:libdmabufheap.so:libgralloctypes.so:libhardware.so:libhidlbase.so:libhidlmemory.so:libion.so:libjsoncpp.so:liblzma.so:libprocessgroup.so:libunwindstack.so:libutils.so:libutilscallstack.so:libz.so
09-29 23:00:56.372  1507  3372 I MS_Utils: version of com.google.android.apps.maps = 1066937505
09-29 23:00:56.417   417  3186 D BufferPoolAccessor2.0: bufferpool2 0xb4000072bde694d8 : 0(0 size) total buffers - 0(0 size) used buffers - 93/101 (recycle/alloc) - 8/198 (fetch/transfer)
09-29 23:00:56.417   417  3186 D BufferPoolAccessor2.0: evictor expired: 1, evicted: 1
09-29 23:00:56.417   422   739 D BufferPoolAccessor2.0: bufferpool2 0xb400006e90fd6568 : 0(0 size) total buffers - 0(0 size) used buffers - 93/97 (recycle/alloc) - 4/96 (fetch/transfer)
09-29 23:00:56.417   422   739 D BufferPoolAccessor2.0: evictor expired: 1, evicted: 1
09-29 23:00:56.472  1643  1679 I d.process.acore: Background concurrent copying GC freed 32343(1558KB) AllocSpace objects, 4(80KB) LOS objects, 49% free, 2376KB/4753KB, paused 40us,6us total 1.187s
09-29 23:00:56.513   741   858 D EGL_emulation: app_time_stats: avg=3365.74ms min=12.60ms max=16241.01ms count=5
09-29 23:00:56.553  1961  1967 I e.process.gapps: Background concurrent copying GC freed 16399(741KB) AllocSpace objects, 0(0B) LOS objects, 49% free, 2118KB/4237KB, paused 16us,3us total 712.191ms
09-29 23:00:56.579   741   741 I NoBackGesture: Config changed: newConfig={1.0 310mcc260mnc [en_US] ldltr sw411dp w411dp h826dp 560dpi nrml long port finger qwerty/v/v dpad/v winConfig={ mBounds=Rect(0, 0 - 1440, 3120) mAppBounds=Rect(0, 144 - 1440, 3036) mMaxBounds=Rect(0, 0 - 1440, 3120) mDisplayRotation=ROTATION_0 mWindowingMode=fullscreen mDisplayWindowingMode=fullscreen mActivityType=undefined mAlwaysOnTop=undefined mRotation=ROTATION_0} as.3 s.134 fontWeightAdjustment=0} lastReportedConfig={1.0 310mcc260mnc [en_US] ldltr sw411dp w411dp h826dp 560dpi nrml long port finger qwerty/v/v dpad/v winConfig={ mBounds=Rect(0, 0 - 1440, 3120) mAppBounds=Rect(0, 144 - 1440, 3036) mMaxBounds=Rect(0, 0 - 1440, 3120) mDisplayRotation=ROTATION_0 mWindowingMode=fullscreen mDisplayWindowingMode=fullscreen mActivityType=undefined mAlwaysOnTop=undefined mRotation=ROTATION_0} as.3 s.134 fontWeightAdjustment=0}
09-29 23:00:56.607  3470  3470 V GraphicsEnvironment: Currently set values for:
09-29 23:00:56.607  3470  3470 V GraphicsEnvironment:   angle_gl_driver_selection_pkgs=[]
09-29 23:00:56.607  3470  3470 V GraphicsEnvironment:   angle_gl_driver_selection_values=[]
09-29 23:00:56.610  3470  3470 V GraphicsEnvironment: ANGLE GameManagerService for com.google.android.settings.intelligence: false
09-29 23:00:56.610  3470  3470 V GraphicsEnvironment: com.google.android.settings.intelligence is not listed in per-application setting
09-29 23:00:56.611  3470  3470 V GraphicsEnvironment: Neither updatable production driver nor prerelease driver is supported.
09-29 23:00:56.655  3470  3470 D CompatibilityChangeReporter: Compat change id reported: 3400644; UID 10113; state: ENABLED
09-29 23:00:56.677  3470  3470 W gs.intelligence: Accessing hidden field Ljava/util/Collections$SynchronizedCollection;->mutex:Ljava/lang/Object; (max-target-o, reflection, denied)
09-29 23:00:56.677  3470  3470 W gs.intelligence: Accessing hidden method Ljava/util/Collections$SynchronizedSet;-><init>(Ljava/util/Set;Ljava/lang/Object;)V (max-target-o, reflection, denied)
09-29 23:00:56.677  3470  3470 W gs.intelligence: Accessing hidden method Ljava/util/Collections$SynchronizedCollection;-><init>(Ljava/util/Collection;Ljava/lang/Object;)V (max-target-o, reflection, denied)
09-29 23:00:56.678  3470  3470 D CompatibilityChangeReporter: Compat change id reported: 183155436; UID 10113; state: ENABLED
09-29 23:00:56.680  3470  3470 W BatterySettingsContentProvider: create content provider from null
09-29 23:00:56.697  3470  3516 D CompatibilityChangeReporter: Compat change id reported: 160794467; UID 10113; state: ENABLED
09-29 23:00:56.707  3470  3470 D CompatibilityChangeReporter: Compat change id reported: 194532703; UID 10113; state: ENABLED
09-29 23:00:56.707  3470  3470 D CompatibilityChangeReporter: Compat change id reported: 253665015; UID 10113; state: ENABLED
09-29 23:00:56.743  1507  3373 W gle.android.gms: Long monitor contention with owner [com.google.android.gms.chimera.container.intentoperation.GmsIntentOperationChimeraService-Executor] processing com.google.android.gms.icing.proxy.UpdateIcingCorporaIntentOperation for action com.google.android.gms.icing.proxy.ACTION_UPDATE (2055) at void hjm.run()(:com.google.android.gms@231818044@23.18.18 (190400-535401451):3) waiters=0 in void hjm.run() for 410ms
09-29 23:00:56.782  3470  3470 W BatteryWidgetBootBroadcastReceiver: onReceive: Intent { act=android.intent.action.BOOT_COMPLETED flg=0x89000010 cmp=com.google.android.settings.intelligence/.modules.batterywidget.impl.BatteryWidgetBootBroadcastReceiver (has extras) }
09-29 23:00:56.783  2344  2534 I Bugle   : BroadcastReceiverAsyncWorkTracker: Acknowledging broadcast of com.google.android.apps.messaging.rcsprovisioning.RcsProvisioningBroadcastReceiver@2c4ee40
09-29 23:00:56.808  1197  1197 W .gms.persistent: Long monitor contention with owner GoogleApiHandler (1276) at boolean android.os.MessageQueue.enqueueMessage(android.os.Message, long)(MessageQueue.java:600) waiters=0 in android.os.Message android.os.MessageQueue.next() for 533ms
09-29 23:00:56.827  1197  1219 E AuthPII : [GoogleAccountDataServiceImpl] getToken() -> BAD_AUTHENTICATION. App: com.google.android.gms, Service: oauth2:https://www.googleapis.com/auth/userinfo.email https://www.googleapis.com/auth/account.capabilities https://www.googleapis.com/auth/account.service_flags
09-29 23:00:56.827  1197  1219 E AuthPII : abcp: Long live credential not available.
09-29 23:00:56.827  1197  1219 E AuthPII : 	at mbt.a(:com.google.android.gms@231818044@23.18.18 (190400-535401451):8)
09-29 23:00:56.827  1197  1219 E AuthPII : 	at mca.b(:com.google.android.gms@231818044@23.18.18 (190400-535401451):3)
09-29 23:00:56.827  1197  1219 E AuthPII : 	at lzx.m(:com.google.android.gms@231818044@23.18.18 (190400-535401451):48)
09-29 23:00:56.827  1197  1219 E AuthPII : 	at lyz.a(:com.google.android.gms@231818044@23.18.18 (190400-535401451):22)
09-29 23:00:56.827  1197  1219 E AuthPII : 	at lze.a(:com.google.android.gms@231818044@23.18.18 (190400-535401451):2)
09-29 23:00:56.827  1197  1219 E AuthPII : 	at mcs.b(:com.google.android.gms@231818044@23.18.18 (190400-535401451):3)
09-29 23:00:56.827  1197  1219 E AuthPII : 	at mcs.a(:com.google.android.gms@231818044@23.18.18 (190400-535401451):6)
09-29 23:00:56.827  1197  1219 E AuthPII : 	at lye.hasFeatures(:com.google.android.gms@231818044@23.18.18 (190400-535401451):2)
09-29 23:00:56.827  1197  1219 E AuthPII : 	at android.accounts.AbstractAccountAuthenticator$Transport.hasFeatures(AbstractAccountAuthenticator.java:324)
09-29 23:00:56.827  1197  1219 E AuthPII : 	at android.accounts.IAccountAuthenticator$Stub.onTransact(IAccountAuthenticator.java:299)
09-29 23:00:56.827  1197  1219 E AuthPII : 	at android.os.Binder.transact(Binder.java:1183)
09-29 23:00:56.827  1197  1219 E AuthPII : 	at aumo.onTransact(:com.google.android.gms@231818044@23.18.18 (190400-535401451):1)
09-29 23:00:56.827  1197  1219 E AuthPII : 	at android.os.Binder.transact(Binder.java:1183)
09-29 23:00:56.827  1197  1219 E AuthPII : 	at aoey.onTransact(:com.google.android.gms@231818044@23.18.18 (190400-535401451):22)
09-29 23:00:56.827  1197  1219 E AuthPII : 	at android.os.Binder.execTransactInternal(Binder.java:1344)
09-29 23:00:56.827  1197  1219 E AuthPII : 	at android.os.Binder.execTransact(Binder.java:1275)
09-29 23:00:56.827  1197  1219 E AuthPII : Message is Long live credential not available.
09-29 23:00:56.827  1197  1219 E AuthPII : abcp: Long live credential not available.
09-29 23:00:56.827  1197  1219 E AuthPII : 	at mbt.a(:com.google.android.gms@231818044@23.18.18 (190400-535401451):8)
09-29 23:00:56.827  1197  1219 E AuthPII : 	at mca.b(:com.google.android.gms@231818044@23.18.18 (190400-535401451):3)
09-29 23:00:56.827  1197  1219 E AuthPII : 	at lzx.m(:com.google.android.gms@231818044@23.18.18 (190400-535401451):48)
09-29 23:00:56.827  1197  1219 E AuthPII : 	at lyz.a(:com.google.android.gms@231818044@23.18.18 (190400-535401451):22)
09-29 23:00:56.827  1197  1219 E AuthPII : 	at lze.a(:com.google.android.gms@231818044@23.18.18 (190400-535401451):2)
09-29 23:00:56.827  1197  1219 E AuthPII : 	at mcs.b(:com.google.android.gms@231818044@23.18.18 (190400-535401451):3)
09-29 23:00:56.827  1197  1219 E AuthPII : 	at mcs.a(:com.google.android.gms@231818044@23.18.18 (190400-535401451):6)
09-29 23:00:56.827  1197  1219 E AuthPII : 	at lye.hasFeatures(:com.google.android.gms@231818044@23.18.18 (190400-535401451):2)
09-29 23:00:56.827  1197  1219 E AuthPII : 	at android.accounts.AbstractAccountAuthenticator$Transport.hasFeatures(AbstractAccountAuthenticator.java:324)
09-29 23:00:56.827  1197  1219 E AuthPII : 	at android.accounts.IAccountAuthenticator$Stub.onTransact(IAccountAuthenticator.java:299)
09-29 23:00:56.827  1197  1219 E AuthPII : 	at android.os.Binder.transact(Binder.java:1183)
09-29 23:00:56.827  1197  1219 E AuthPII : 	at aumo.onTransact(:com.google.android.gms@231818044@23.18.18 (190400-535401451):1)
09-29 23:00:56.827  1197  1219 E AuthPII : 	at android.os.Binder.transact(Binder.java:1183)
09-29 23:00:56.827  1197  1219 E AuthPII : 	at aoey.onTransact(:com.google.android.gms@231818044@23.18.18 (190400-535401451):22)
09-29 23:00:56.827  1197  1219 E AuthPII : 	at android.os.Binder.execTransactInternal(Binder.java:1344)
09-29 23:00:56.827  1197  1219 E AuthPII : 	at android.os.Binder.execTransact(Binder.java:1275)
09-29 23:00:56.831   319   319 D Zygote  : Forked child process 3522
09-29 23:00:56.832  1197  1219 W Auth    : [AccountStateSyncher] Unable to look up account state from server: couldn't fetch accessToken [CONTEXT service_id=153 ]
09-29 23:00:56.848  1197  1219 W Auth    : [GaiaServicesFlagManager] Services not available! [CONTEXT service_id=153 ]
09-29 23:00:56.895  3522  3522 I gle.android.tts: Using CollectorTypeCC GC.
09-29 23:00:56.901  3522  3522 E gle.android.tts: Not starting debugger since process cannot load the jdwp agent.
09-29 23:00:56.926   741   741 I vol.VolumeDialogImpl: mDialog.dismiss() reason: volume_controller from: com.android.systemui.volume.VolumeDialogImpl$7.onDismissRequested:3
09-29 23:00:56.937  3336  3464 W ogle.android.gm: Long monitor contention with owner AsyncTask #3 (3461) at android.database.sqlite.SQLiteDatabase com.android.email.provider.EmailProvider.g(android.content.Context)(PG:42) waiters=0 in android.database.sqlite.SQLiteDatabase com.android.email.provider.EmailProvider.g(android.content.Context) for 1.607s
09-29 23:00:56.942  3336  3456 W ogle.android.gm: Long monitor contention with owner AsyncTask #3 (3461) at android.database.sqlite.SQLiteDatabase com.android.email.provider.EmailProvider.g(android.content.Context)(PG:42) waiters=1 in android.database.sqlite.SQLiteDatabase com.android.email.provider.EmailProvider.g(android.content.Context) for 1.598s
09-29 23:00:56.965  1507  2133 I Icing   : Post-init done
09-29 23:00:56.998   741   741 D StatusBarIconController: ignoring old pipeline callbacks, because the new mobile icons are enabled
09-29 23:00:57.012  3522  3522 D CompatibilityChangeReporter: Compat change id reported: 171979766; UID 10145; state: ENABLED
09-29 23:00:57.013  3522  3522 D CompatibilityChangeReporter: Compat change id reported: 242716250; UID 10145; state: DISABLED
09-29 23:00:57.028  1787  1833 I .apps.wallpaper: Background concurrent copying GC freed 14895(728KB) AllocSpace objects, 4(80KB) LOS objects, 49% free, 2071KB/4142KB, paused 31us,7us total 378.790ms
09-29 23:00:57.036  1197  3076 W ChimeraUtils: Module com.google.android.gms.nearby_en missing resource null(0)
09-29 23:00:57.077  3522  3522 D ApplicationLoaders: Returning zygote-cached class loader: /system_ext/framework/androidx.window.extensions.jar
09-29 23:00:57.086  3522  3522 D ApplicationLoaders: Returning zygote-cached class loader: /system_ext/framework/androidx.window.sidecar.jar
09-29 23:00:57.118  3336  3336 W kch     : [Gmail] ExchangeUpgradeReceiver: ExchangeUpgradeReceiver: action=android.intent.action.BOOT_COMPLETED data=null [CONTEXT android_log_tag="EasBundling" ]
09-29 23:00:57.128  3336  3336 W kch     : [Gmail] ExchangeUpgradeUtils: ExchangeUpgradeUtils: isExchangeLegacy=false [CONTEXT android_log_tag="EasBundling" ]
09-29 23:00:57.129  1197  1272 W .gms.persistent: Long monitor contention with owner CMEventHandler (2266) at boolean android.os.MessageQueue.enqueueMessage(android.os.Message, long)(MessageQueue.java:600) waiters=0 in android.os.Message android.os.MessageQueue.next() for 298ms
09-29 23:00:57.129  1197  1792 E AuthPII : [GoogleAccountDataServiceImpl] getToken() -> BAD_AUTHENTICATION. App: com.google.android.gms, Service: oauth2:https://www.googleapis.com/auth/userinfo.email https://www.googleapis.com/auth/account.capabilities https://www.googleapis.com/auth/account.service_flags
09-29 23:00:57.129  1197  1792 E AuthPII : abcp: Long live credential not available.
09-29 23:00:57.129  1197  1792 E AuthPII : 	at mbt.a(:com.google.android.gms@231818044@23.18.18 (190400-535401451):8)
09-29 23:00:57.129  1197  1792 E AuthPII : 	at mca.b(:com.google.android.gms@231818044@23.18.18 (190400-535401451):3)
09-29 23:00:57.129  1197  1792 E AuthPII : 	at lzx.m(:com.google.android.gms@231818044@23.18.18 (190400-535401451):48)
09-29 23:00:57.129  1197  1792 E AuthPII : 	at lyz.a(:com.google.android.gms@231818044@23.18.18 (190400-535401451):22)
09-29 23:00:57.129  1197  1792 E AuthPII : 	at lze.a(:com.google.android.gms@231818044@23.18.18 (190400-535401451):2)
09-29 23:00:57.129  1197  1792 E AuthPII : 	at mcs.b(:com.google.android.gms@231818044@23.18.18 (190400-535401451):3)
09-29 23:00:57.129  1197  1792 E AuthPII : 	at mcs.a(:com.google.android.gms@231818044@23.18.18 (190400-535401451):6)
09-29 23:00:57.129  1197  1792 E AuthPII : 	at lye.hasFeatures(:com.google.android.gms@231818044@23.18.18 (190400-535401451):2)
09-29 23:00:57.129  1197  1792 E AuthPII : 	at android.accounts.AbstractAccountAuthenticator$Transport.hasFeatures(AbstractAccountAuthenticator.java:324)
09-29 23:00:57.129  1197  1792 E AuthPII : 	at android.accounts.IAccountAuthenticator$Stub.onTransact(IAccountAuthenticator.java:299)
09-29 23:00:57.129  1197  1792 E AuthPII : 	at android.os.Binder.transact(Binder.java:1183)
09-29 23:00:57.129  1197  1792 E AuthPII : 	at aumo.onTransact(:com.google.android.gms@231818044@23.18.18 (190400-535401451):1)
09-29 23:00:57.129  1197  1792 E AuthPII : 	at android.os.Binder.transact(Binder.java:1183)
09-29 23:00:57.129  1197  1792 E AuthPII : 	at aoey.onTransact(:com.google.android.gms@231818044@23.18.18 (190400-535401451):22)
09-29 23:00:57.129  1197  1792 E AuthPII : 	at android.os.Binder.execTransactInternal(Binder.java:1344)
09-29 23:00:57.129  1197  1792 E AuthPII : 	at android.os.Binder.execTransact(Binder.java:1275)
09-29 23:00:57.130  1197  1792 E AuthPII : Message is Long live credential not available.
09-29 23:00:57.130  1197  1792 E AuthPII : abcp: Long live credential not available.
09-29 23:00:57.130  1197  1792 E AuthPII : 	at mbt.a(:com.google.android.gms@231818044@23.18.18 (190400-535401451):8)
09-29 23:00:57.130  1197  1792 E AuthPII : 	at mca.b(:com.google.android.gms@231818044@23.18.18 (190400-535401451):3)
09-29 23:00:57.130  1197  1792 E AuthPII : 	at lzx.m(:com.google.android.gms@231818044@23.18.18 (190400-535401451):48)
09-29 23:00:57.130  1197  1792 E AuthPII : 	at lyz.a(:com.google.android.gms@231818044@23.18.18 (190400-535401451):22)
09-29 23:00:57.130  1197  1792 E AuthPII : 	at lze.a(:com.google.android.gms@231818044@23.18.18 (190400-535401451):2)
09-29 23:00:57.130  1197  1792 E AuthPII : 	at mcs.b(:com.google.android.gms@231818044@23.18.18 (190400-535401451):3)
09-29 23:00:57.130  1197  1792 E AuthPII : 	at mcs.a(:com.google.android.gms@231818044@23.18.18 (190400-535401451):6)
09-29 23:00:57.130  1197  1792 E AuthPII : 	at lye.hasFeatures(:com.google.android.gms@231818044@23.18.18 (190400-535401451):2)
09-29 23:00:57.130  1197  1792 E AuthPII : 	at android.accounts.AbstractAccountAuthenticator$Transport.hasFeatures(AbstractAccountAuthenticator.java:324)
09-29 23:00:57.130  1197  1792 E AuthPII : 	at android.accounts.IAccountAuthenticator$Stub.onTransact(IAccountAuthenticator.java:299)
09-29 23:00:57.130  1197  1792 E AuthPII : 	at android.os.Binder.transact(Binder.java:1183)
09-29 23:00:57.130  1197  1792 E AuthPII : 	at aumo.onTransact(:com.google.android.gms@231818044@23.18.18 (190400-535401451):1)
09-29 23:00:57.130  1197  1792 E AuthPII : 	at android.os.Binder.transact(Binder.java:1183)
09-29 23:00:57.130  1197  1792 E AuthPII : 	at aoey.onTransact(:com.google.android.gms@231818044@23.18.18 (190400-535401451):22)
09-29 23:00:57.130  1197  1792 E AuthPII : 	at android.os.Binder.execTransactInternal(Binder.java:1344)
09-29 23:00:57.130  1197  1792 E AuthPII : 	at android.os.Binder.execTransact(Binder.java:1275)
09-29 23:00:57.132  1197  1792 W Auth    : [AccountStateSyncher] Unable to look up account state from server: couldn't fetch accessToken [CONTEXT service_id=153 ]
09-29 23:00:57.135  1197  1792 W Auth    : [GaiaServicesFlagManager] Services not available! [CONTEXT service_id=153 ]
09-29 23:00:57.163  3522  3522 D nativeloader: InitLlndkLibrariesProduct: libEGL.so:libGLESv1_CM.so:libGLESv2.so:libGLESv3.so:libRS.so:libandroid_net.so:libbinder_ndk.so:libc.so:libcgrouprc.so:libclang_rt.asan-aarch64-android.so:libclang_rt.hwasan-aarch64-android.so:libcom.android.tethering.connectivity_native.so:libdl.so:libft2.so:liblog.so:libm.so:libmediandk.so:libnativewindow.so:libneuralnetworks.so:libselinux.so:libsync.so:libvndksupport.so:libvulkan.so
09-29 23:00:57.163  3522  3522 D nativeloader: Configuring product-clns-6 for unbundled product apk /product/app/GoogleTTS/GoogleTTS.apk. target_sdk_version=33, uses_libraries=, library_path=/product/app/GoogleTTS/lib/arm64:/product/app/GoogleTTS/GoogleTTS.apk!/lib/arm64-v8a:/product/lib64:/system/product/lib64, permitted_path=/data:/mnt/expand:/data/user/0/com.google.android.tts:/product/lib64:/system/product/lib64
09-29 23:00:57.167  3522  3522 D nativeloader: InitVndkspLibrariesProduct: android.hardware.common-V2-ndk.so:android.hardware.common.fmq-V1-ndk.so:android.hardware.graphics.allocator-V2-ndk.so:android.hardware.graphics.common-V4-ndk.so:android.hardware.graphics.common@1.0.so:android.hardware.graphics.common@1.1.so:android.hardware.graphics.common@1.2.so:android.hardware.graphics.composer3-V1-ndk.so:android.hardware.graphics.mapper@2.0.so:android.hardware.graphics.mapper@2.1.so:android.hardware.graphics.mapper@3.0.so:android.hardware.graphics.mapper@4.0.so:android.hardware.renderscript@1.0.so:android.hidl.memory.token@1.0.so:android.hidl.memory@1.0-impl.so:android.hidl.memory@1.0.so:android.hidl.safe_union@1.0.so:libRSCpuRef.so:libRSDriver.so:libRS_internal.so:libbase.so:libbcinfo.so:libblas.so:libc++.so:libcompiler_rt.so:libcutils.so:libdmabufheap.so:libgralloctypes.so:libhardware.so:libhidlbase.so:libhidlmemory.so:libion.so:libjsoncpp.so:liblzma.so:libprocessgroup.so:libunwindstack.so:libutils.so:libutilscallstack.so:libz.so
09-29 23:00:57.187  3522  3522 V GraphicsEnvironment: Currently set values for:
09-29 23:00:57.188  3522  3522 V GraphicsEnvironment:   angle_gl_driver_selection_pkgs=[]
09-29 23:00:57.188  3522  3522 V GraphicsEnvironment:   angle_gl_driver_selection_values=[]
09-29 23:00:57.189  3522  3522 V GraphicsEnvironment: ANGLE GameManagerService for com.google.android.tts: false
09-29 23:00:57.190  3522  3522 V GraphicsEnvironment: com.google.android.tts is not listed in per-application setting
09-29 23:00:57.190  3522  3522 V GraphicsEnvironment: Neither updatable production driver nor prerelease driver is supported.
09-29 23:00:57.192  3522  3522 I MultiDex: VM with version 2.1.0 has multidex support
09-29 23:00:57.192  3522  3522 I MultiDex: Installing application
09-29 23:00:57.192  3522  3522 I MultiDex: VM has multidex support, MultiDex support library is disabled.
09-29 23:00:57.192  3522  3522 I MultiDex: Installing application
09-29 23:00:57.192  3522  3522 I MultiDex: VM has multidex support, MultiDex support library is disabled.
09-29 23:00:57.199  3522  3522 D CompatibilityChangeReporter: Compat change id reported: 3400644; UID 10145; state: DISABLED
09-29 23:00:57.203  1507  2125 I PeopleChimeraService: onService. callbacks = avsz@c30ab2, request = com.google.android.gms.common.internal.GetServiceRequest@7f9fa03
09-29 23:00:57.206  3336  3455 E PhenotypeFlagCommitter: Retrieving snapshot for com.google.android.gm#com.google.android.gm_Hub failed
09-29 23:00:57.206  3336  3455 E PhenotypeFlagCommitter: java.util.concurrent.TimeoutException: Timed out waiting for Task
09-29 23:00:57.206  3336  3455 E PhenotypeFlagCommitter: 	at sah.I(PG:7)
09-29 23:00:57.206  3336  3455 E PhenotypeFlagCommitter: 	at rvc.j(PG:2)
09-29 23:00:57.206  3336  3455 E PhenotypeFlagCommitter: 	at rvc.k(PG:2)
09-29 23:00:57.206  3336  3455 E PhenotypeFlagCommitter: 	at rvc.h(Unknown Source:6)
09-29 23:00:57.206  3336  3455 E PhenotypeFlagCommitter: 	at hxt.run(PG:8)
09-29 23:00:57.206  3336  3455 E PhenotypeFlagCommitter: 	at java.util.concurrent.ThreadPoolExecutor.runWorker(ThreadPoolExecutor.java:1145)
09-29 23:00:57.206  3336  3455 E PhenotypeFlagCommitter: 	at java.util.concurrent.ThreadPoolExecutor$Worker.run(ThreadPoolExecutor.java:644)
09-29 23:00:57.206  3336  3455 E PhenotypeFlagCommitter: 	at java.lang.Thread.run(Thread.java:1012)
09-29 23:00:57.208  3522  3522 I faa     : SslGuard completed installation.
09-29 23:00:57.209  3522  3522 I GoogleTTSApplication: Beginning load of tts_android...
09-29 23:00:57.306  3522  3522 I GoogleTTSApplication: tts_android (null) was loaded normally!
09-29 23:00:57.310   741   748 I ndroid.systemui: Background concurrent copying GC freed 330236(15MB) AllocSpace objects, 11(220KB) LOS objects, 50% free, 15MB/31MB, paused 4.227ms,45us total 8.409s
09-29 23:00:57.326  3522  3552 W gle.android.tts: Accessing hidden field Ljava/util/Collections$SynchronizedCollection;->mutex:Ljava/lang/Object; (max-target-o, reflection, denied)
09-29 23:00:57.326  3522  3552 W gle.android.tts: Accessing hidden method Ljava/util/Collections$SynchronizedSet;-><init>(Ljava/util/Set;Ljava/lang/Object;)V (max-target-o, reflection, denied)
09-29 23:00:57.326  3522  3552 W gle.android.tts: Accessing hidden method Ljava/util/Collections$SynchronizedCollection;-><init>(Ljava/util/Collection;Ljava/lang/Object;)V (max-target-o, reflection, denied)
09-29 23:00:57.333  3522  3522 I Analytics: Running on TYPE_PHONE
