09-29 23:36:44.036  1019  1308 I IPCThreadState: oneway function results for code 2 on binder at 0xb4000078763d84f0 will be dropped but finished with status UNKNOWN_TRANSACTION
09-29 23:36:44.057   750   866 D EGL_emulation: app_time_stats: avg=1430.89ms min=17.46ms max=36316.15ms count=26
09-29 23:36:45.040  5141  5163 I QueryController: Matched selector: UiSelector[INSTANCE=0, RESOURCE_ID=android:id/title] <<==>> [android.view.accessibility.AccessibilityNodeInfo@397d2; boundsInParent: Rect(0, 0 - 241, 93); boundsInScreen: Rect(252, 827 - 493, 920); boundsInWindow: Rect(252, 827 - 493, 920); packageName: com.android.settings; className: android.widget.TextView; text: Internet; error: null; maxTextLength: -1; stateDescription: null; contentDescription: null; tooltipText: null; containerTitle: null; viewIdResName: android:id/title; uniqueId: null; checkable: false; checked: false; focusable: false; focused: false; selected: false; clickable: false; longClickable: false; contextClickable: false; enabled: true; password: false; scrollable: false; importantForAccessibility: true; visible: true; actions: [AccessibilityAction: ACTION_SELECT - null, AccessibilityAction: ACTION_CLEAR_SELECTION - null, AccessibilityAction: ACTION_ACCESSIBILITY_FOCUS - null, AccessibilityAction: ACTION_NEXT_AT_MOVEMENT_GRANULARITY - null, AccessibilityAction: ACTION_PREVIOUS_AT_MOVEMENT_GRANULARITY - null, AccessibilityAction: ACTION_SET_SELECTION - null, AccessibilityAction: ACTION_SHOW_ON_SCREEN - null]; isTextSelectable: false]
09-29 23:36:45.041  5141  5163 D InteractionController: clickAndSync(372, 873)
09-29 23:36:45.054  1019  1019 D TaplEvents: TIS / TouchInteractionService.onInputEvent: MotionEvent { action=ACTION_DOWN, actionButton=0, id[0]=0, x[0]=372.0, y[0]=873.0, toolType[0]=TOOL_TYPE_FINGER, buttonState=0, classification=NONE, metaState=0, flags=0x0, edgeFlags=0x0, pointerCount=1, historySize=0, eventTime=194521, downTime=194521, deviceId=-1, source=0x1002, displayId=0, eventId=-621203578 }
09-29 23:36:45.058   750   866 D EGL_emulation: app_time_stats: avg=16.68ms min=11.21ms max=21.92ms count=60
09-29 23:36:45.158  1019  1019 D TaplEvents: TIS / TouchInteractionService.onInputEvent: MotionEvent { action=ACTION_UP, actionButton=0, id[0]=0, x[0]=372.0, y[0]=873.0, toolType[0]=TOOL_TYPE_FINGER, buttonState=0, classification=NONE, metaState=0, flags=0x0, edgeFlags=0x0, pointerCount=1, historySize=0, eventTime=194635, downTime=194521, deviceId=-1, source=0x1002, displayId=0, eventId=-591910930 }
09-29 23:36:45.190   900   900 W ElapsedTimeUtils: getElapsedTime: sSuwFinishedTimeStamp is null
09-29 23:36:45.193   900   939 D EGL_emulation: app_time_stats: avg=131.58ms min=2.28ms max=1291.99ms count=11
09-29 23:36:45.195   358  1153 D audioserver: FGS Logger Transaction failed
09-29 23:36:45.195   358  1153 D audioserver: -129
09-29 23:36:45.198   358   513 D AudioFlinger: mixer(0xb400007e0196b930) throttle end: throttle time(22)
09-29 23:36:45.243   900   900 W ElapsedTimeUtils: getElapsedTime: sSuwFinishedTimeStamp is null
09-29 23:36:45.250   362   362 I BpBinder: onLastStrongRef automatically unlinking death recipients:
09-29 23:36:45.277   900   900 D ActivityEmbeddingUtils: isEmbeddingActivityEnabled = true
09-29 23:36:45.294   900   900 D SettingsActivity: Starting onCreate
09-29 23:36:45.298   900   900 D SettingsActivity: Starting to set activity title
09-29 23:36:45.298   900   900 D SettingsActivity: Done setting title
09-29 23:36:45.298   900   900 D SettingsActivity: Switching to fragment com.android.settings.network.NetworkProviderSettings
09-29 23:36:45.298   900   900 D SubSettings: Launching fragment com.android.settings.network.NetworkProviderSettings
09-29 23:36:45.308   358   513 D audioserver: FGS Logger Transaction failed
09-29 23:36:45.308   358   513 D audioserver: -129
09-29 23:36:45.313   900   900 D SettingsActivity: MetricsCategory is 103
09-29 23:36:45.351   317   371 I netd    : tetherGetStats() -> {[]} <2.91ms>
09-29 23:36:45.359   543   675 D InetDiagMessage: Destroyed 0 sockets, proto=IPPROTO_TCP, family=AF_INET, states=14
09-29 23:36:45.359   543   675 D InetDiagMessage: Destroyed 0 sockets, proto=IPPROTO_TCP, family=AF_INET6, states=14
09-29 23:36:45.359   543   675 D InetDiagMessage: Destroyed live tcp sockets for uids={[10083, 10083]} exemptUids={} in 0ms
09-29 23:36:45.370   317   371 I netd    : bandwidthRemoveInterfaceQuota(eth0) <1.95ms>
09-29 23:36:45.372   317   371 I netd    : bandwidthSetInterfaceQuota(eth0, 9223372036854775807) <1.69ms>
09-29 23:36:45.379   543   666 D NetworkStatsObservers: Registering observer for RequestInfo from pid/uid:543/1000(android) for DataUsageRequest [ requestId=4, networkTemplate=NetworkTemplate: matchRule=MOBILE, matchSubscriberIds=[310260...], matchWifiNetworkKeys=[], metered=YES, defaultNetwork=NO, thresholdInBytes=11790211 ] accessLevel:3
09-29 23:36:45.383   543   749 D NetworkStatsObservers: Unregistering RequestInfo from pid/uid:543/1000(android) for DataUsageRequest [ requestId=3, networkTemplate=NetworkTemplate: matchRule=MOBILE, matchSubscriberIds=[310260...], matchWifiNetworkKeys=[], metered=YES, defaultNetwork=NO, thresholdInBytes=11829725 ] accessLevel:3
09-29 23:36:45.395   317   371 I netd    : tetherGetStats() -> {[]} <0.21ms>
09-29 23:36:45.409   317   371 I netd    : tetherGetStats() -> {[]} <0.18ms>
09-29 23:36:45.429   900   900 D SubscriptionUtil: getSelectableSubscriptionInfoList: [[SubscriptionInfo: id=1 iccId=89860318640220133897 simSlotIndex=0 portIndex=0 isEmbedded=false carrierId=1 displayName=T-Mobile carrierName=T-Mobile isOpportunistic=false groupUuid=null groupOwner= isGroupDisabled=false displayNameSource=CARRIER iconTint=-9033797 number=+15551234567 dataRoaming=0 mcc=310 mnc=260 ehplmns=[] hplmns=[] cardString=89860318640220133897 cardId=0 nativeAccessRules=null carrierConfigAccessRules=[cert: 92B5F8117FBD9BD5738FF168A4FA12CBE284BE834EDE1A7BB44DD8455BA15920 pkg: null access: 0, cert: 3D1A4BEF6EE7AF7D34D120E7B1AAC0DD245585DE6237CF100F68333AFACFF562 pkg: null access: 0, cert: 6892793FC413019D2DF609DFED7AF622D0F2D8FCF96EFA7E3FB87EEA34E10B93 pkg: null access: 0, cert: 7B68FD9D4E7610C9CB35FC0C6CC06EA04C6906E3DFA9F48F9A05460AF36BFFFC pkg: null access: 0] countryIso=us profileClass=-1 mType=LOCAL_SIM areUiccApplicationsEnabled=true usageSetting=DEFAULT]]
09-29 23:36:45.429   900   900 D SubscriptionUtil: getSelectableSubscriptionInfoList: [[SubscriptionInfo: id=1 iccId=89860318640220133897 simSlotIndex=0 portIndex=0 isEmbedded=false carrierId=1 displayName=T-Mobile carrierName=T-Mobile isOpportunistic=false groupUuid=null groupOwner= isGroupDisabled=false displayNameSource=CARRIER iconTint=-9033797 number=+15551234567 dataRoaming=0 mcc=310 mnc=260 ehplmns=[] hplmns=[] cardString=89860318640220133897 cardId=0 nativeAccessRules=null carrierConfigAccessRules=[cert: 92B5F8117FBD9BD5738FF168A4FA12CBE284BE834EDE1A7BB44DD8455BA15920 pkg: null access: 0, cert: 3D1A4BEF6EE7AF7D34D120E7B1AAC0DD245585DE6237CF100F68333AFACFF562 pkg: null access: 0, cert: 6892793FC413019D2DF609DFED7AF622D0F2D8FCF96EFA7E3FB87EEA34E10B93 pkg: null access: 0, cert: 7B68FD9D4E7610C9CB35FC0C6CC06EA04C6906E3DFA9F48F9A05460AF36BFFFC pkg: null access: 0] countryIso=us profileClass=-1 mType=LOCAL_SIM areUiccApplicationsEnabled=true usageSetting=DEFAULT]]
09-29 23:36:45.429   900   900 D SubscriptionUtil: getSelectableSubscriptionInfoList: [[SubscriptionInfo: id=1 iccId=89860318640220133897 simSlotIndex=0 portIndex=0 isEmbedded=false carrierId=1 displayName=T-Mobile carrierName=T-Mobile isOpportunistic=false groupUuid=null groupOwner= isGroupDisabled=false displayNameSource=CARRIER iconTint=-9033797 number=+15551234567 dataRoaming=0 mcc=310 mnc=260 ehplmns=[] hplmns=[] cardString=89860318640220133897 cardId=0 nativeAccessRules=null carrierConfigAccessRules=[cert: 92B5F8117FBD9BD5738FF168A4FA12CBE284BE834EDE1A7BB44DD8455BA15920 pkg: null access: 0, cert: 3D1A4BEF6EE7AF7D34D120E7B1AAC0DD245585DE6237CF100F68333AFACFF562 pkg: null access: 0, cert: 6892793FC413019D2DF609DFED7AF622D0F2D8FCF96EFA7E3FB87EEA34E10B93 pkg: null access: 0, cert: 7B68FD9D4E7610C9CB35FC0C6CC06EA04C6906E3DFA9F48F9A05460AF36BFFFC pkg: null access: 0] countryIso=us profileClass=-1 mType=LOCAL_SIM areUiccApplicationsEnabled=true usageSetting=DEFAULT]]
09-29 23:36:45.447   900   900 I InternetUpdater: Detect an internet available network with transport type: 1
09-29 23:36:45.449   900   900 D SettingsActivity: Executed frag manager pendingTransactions
09-29 23:36:45.451   900   900 D SettingsActivity: MetricsCategory is 103
09-29 23:36:45.482   900   900 I InternetUpdater: Detect an internet available network with transport type: 1
09-29 23:36:45.485   900   900 D WsuServiceClient: Binding to com.google.android.apps.carrier.carrierwifi
09-29 23:36:45.485   900   900 D WsuServiceClient: the specified wsu service is not installed.
09-29 23:36:45.495   900   900 W ElapsedTimeUtils: getElapsedTime: sSuwFinishedTimeStamp is null
09-29 23:36:45.498   900   900 D SubscriptionUtil: getSelectableSubscriptionInfoList: [[SubscriptionInfo: id=1 iccId=89860318640220133897 simSlotIndex=0 portIndex=0 isEmbedded=false carrierId=1 displayName=T-Mobile carrierName=T-Mobile isOpportunistic=false groupUuid=null groupOwner= isGroupDisabled=false displayNameSource=CARRIER iconTint=-9033797 number=+15551234567 dataRoaming=0 mcc=310 mnc=260 ehplmns=[] hplmns=[] cardString=89860318640220133897 cardId=0 nativeAccessRules=null carrierConfigAccessRules=[cert: 92B5F8117FBD9BD5738FF168A4FA12CBE284BE834EDE1A7BB44DD8455BA15920 pkg: null access: 0, cert: 3D1A4BEF6EE7AF7D34D120E7B1AAC0DD245585DE6237CF100F68333AFACFF562 pkg: null access: 0, cert: 6892793FC413019D2DF609DFED7AF622D0F2D8FCF96EFA7E3FB87EEA34E10B93 pkg: null access: 0, cert: 7B68FD9D4E7610C9CB35FC0C6CC06EA04C6906E3DFA9F48F9A05460AF36BFFFC pkg: null access: 0] countryIso=us profileClass=-1 mType=LOCAL_SIM areUiccApplicationsEnabled=true usageSetting=DEFAULT]]
09-29 23:36:45.498   900   900 D SubscriptionUtil: getSelectableSubscriptionInfoList: [[SubscriptionInfo: id=1 iccId=89860318640220133897 simSlotIndex=0 portIndex=0 isEmbedded=false carrierId=1 displayName=T-Mobile carrierName=T-Mobile isOpportunistic=false groupUuid=null groupOwner= isGroupDisabled=false displayNameSource=CARRIER iconTint=-9033797 number=+15551234567 dataRoaming=0 mcc=310 mnc=260 ehplmns=[] hplmns=[] cardString=89860318640220133897 cardId=0 nativeAccessRules=null carrierConfigAccessRules=[cert: 92B5F8117FBD9BD5738FF168A4FA12CBE284BE834EDE1A7BB44DD8455BA15920 pkg: null access: 0, cert: 3D1A4BEF6EE7AF7D34D120E7B1AAC0DD245585DE6237CF100F68333AFACFF562 pkg: null access: 0, cert: 6892793FC413019D2DF609DFED7AF622D0F2D8FCF96EFA7E3FB87EEA34E10B93 pkg: null access: 0, cert: 7B68FD9D4E7610C9CB35FC0C6CC06EA04C6906E3DFA9F48F9A05460AF36BFFFC pkg: null access: 0] countryIso=us profileClass=-1 mType=LOCAL_SIM areUiccApplicationsEnabled=true usageSetting=DEFAULT]]
09-29 23:36:45.498   900   900 D SubscriptionUtil: getSelectableSubscriptionInfoList: [[SubscriptionInfo: id=1 iccId=89860318640220133897 simSlotIndex=0 portIndex=0 isEmbedded=false carrierId=1 displayName=T-Mobile carrierName=T-Mobile isOpportunistic=false groupUuid=null groupOwner= isGroupDisabled=false displayNameSource=CARRIER iconTint=-9033797 number=+15551234567 dataRoaming=0 mcc=310 mnc=260 ehplmns=[] hplmns=[] cardString=89860318640220133897 cardId=0 nativeAccessRules=null carrierConfigAccessRules=[cert: 92B5F8117FBD9BD5738FF168A4FA12CBE284BE834EDE1A7BB44DD8455BA15920 pkg: null access: 0, cert: 3D1A4BEF6EE7AF7D34D120E7B1AAC0DD245585DE6237CF100F68333AFACFF562 pkg: null access: 0, cert: 6892793FC413019D2DF609DFED7AF622D0F2D8FCF96EFA7E3FB87EEA34E10B93 pkg: null access: 0, cert: 7B68FD9D4E7610C9CB35FC0C6CC06EA04C6906E3DFA9F48F9A05460AF36BFFFC pkg: null access: 0] countryIso=us profileClass=-1 mType=LOCAL_SIM areUiccApplicationsEnabled=true usageSetting=DEFAULT]]
09-29 23:36:45.504   543  1486 D ConnectivityService: requestNetwork for uid/pid:1000/900 activeRequest: null callbackRequest: 175 [NetworkRequest [ REQUEST id=176, [ Capabilities: INTERNET&NOT_RESTRICTED&TRUSTED&NOT_VCN_MANAGED Uid: 1000 RequestorUid: 1000 RequestorPkg: com.android.settings UnderlyingNetworks: Null] ]] callback flags: 0 order: 2147483647
09-29 23:36:45.507   543   735 D ConnectivityService: requestNetwork for uid/pid:1000/900 activeRequest: null callbackRequest: 177 [NetworkRequest [ REQUEST id=178, [ Capabilities: INTERNET&NOT_RESTRICTED&TRUSTED&NOT_VCN_MANAGED Uid: 1000 RequestorUid: 1000 RequestorPkg: com.android.settings UnderlyingNetworks: Null] ]] callback flags: 0 order: 2147483647
09-29 23:36:45.509   900   900 D CategoryMixin: Skip categories update
09-29 23:36:45.515  5141  5163 I TestRunner: finished: testInternetSettings(ru.netology.testing.uiautomator.ChangeTextTest)
