09-29 23:36:45.527  5141  5163 I TestRunner: started: testEmptyText(ru.netology.testing.uiautomator.ChangeTextTest)
09-29 23:36:45.547   900  3383 I InternetUpdater: Detect an internet available network with transport type: 1
09-29 23:36:45.549   543   668 D WifiNetworkFactory: got request NetworkRequest [ REQUEST id=176, [ Capabilities: INTERNET&NOT_RESTRICTED&TRUSTED&NOT_VCN_MANAGED Uid: 1000 RequestorUid: 1000 RequestorPkg: com.android.settings UnderlyingNetworks: Null] ]
09-29 23:36:45.560   543   668 D UntrustedWifiNetworkFactory: got request NetworkRequest [ REQUEST id=176, [ Capabilities: INTERNET&NOT_RESTRICTED&TRUSTED&NOT_VCN_MANAGED Uid: 1000 RequestorUid: 1000 RequestorPkg: com.android.settings UnderlyingNetworks: Null] ]
09-29 23:36:45.560   543   668 D OemPaidWifiNetworkFactory: got request NetworkRequest [ REQUEST id=176, [ Capabilities: INTERNET&NOT_RESTRICTED&TRUSTED&NOT_VCN_MANAGED Uid: 1000 RequestorUid: 1000 RequestorPkg: com.android.settings UnderlyingNetworks: Null] ]
09-29 23:36:45.563   543   668 D MultiInternetWifiNetworkFactory: got request NetworkRequest [ REQUEST id=176, [ Capabilities: INTERNET&NOT_RESTRICTED&TRUSTED&NOT_VCN_MANAGED Uid: 1000 RequestorUid: 1000 RequestorPkg: com.android.settings UnderlyingNetworks: Null] ]
09-29 23:36:45.563   543   675 D ConnectivityService: NetReassign [176 : null → 101] [c 1] [a 0] [i 17]
09-29 23:36:45.574   900  3383 I InternetUpdater: Detect an internet available network with transport type: 1
09-29 23:36:45.578   543  1842 D ConnectivityService: requestNetwork for uid/pid:1000/900 activeRequest: null callbackRequest: 180 [NetworkRequest [ REQUEST id=181, [ Capabilities: INTERNET&NOT_RESTRICTED&TRUSTED&NOT_VCN_MANAGED Uid: 1000 RequestorUid: 1000 RequestorPkg: com.android.settings UnderlyingNetworks: Null] ]] callback flags: 1 order: 2147483647
09-29 23:36:45.587   900   939 E OpenGLRenderer: Unable to match the desired swap behavior.
09-29 23:36:45.594   543   668 D WifiNetworkFactory: got request NetworkRequest [ REQUEST id=178, [ Capabilities: INTERNET&NOT_RESTRICTED&TRUSTED&NOT_VCN_MANAGED Uid: 1000 RequestorUid: 1000 RequestorPkg: com.android.settings UnderlyingNetworks: Null] ]
09-29 23:36:45.596   543   668 D UntrustedWifiNetworkFactory: got request NetworkRequest [ REQUEST id=178, [ Capabilities: INTERNET&NOT_RESTRICTED&TRUSTED&NOT_VCN_MANAGED Uid: 1000 RequestorUid: 1000 RequestorPkg: com.android.settings UnderlyingNetworks: Null] ]
09-29 23:36:45.596   543   668 D OemPaidWifiNetworkFactory: got request NetworkRequest [ REQUEST id=178, [ Capabilities: INTERNET&NOT_RESTRICTED&TRUSTED&NOT_VCN_MANAGED Uid: 1000 RequestorUid: 1000 RequestorPkg: com.android.settings UnderlyingNetworks: Null] ]
09-29 23:36:45.597   543   668 D MultiInternetWifiNetworkFactory: got request NetworkRequest [ REQUEST id=178, [ Capabilities: INTERNET&NOT_RESTRICTED&TRUSTED&NOT_VCN_MANAGED Uid: 1000 RequestorUid: 1000 RequestorPkg: com.android.settings UnderlyingNetworks: Null] ]
09-29 23:36:45.597   543   675 D ConnectivityService: NetReassign [178 : null → 101] [c 0] [a 0] [i 33]
09-29 23:36:45.631   543   675 D ConnectivityService: NetReassign [no changes] [c 0] [a 0] [i 33]
09-29 23:36:45.661   543   560 I ActivityTaskManager: Displayed com.android.settings/.SubSettings for user 0: +441ms
09-29 23:36:45.670   900   900 D SubscriptionUtil: getSelectableSubscriptionInfoList: [[SubscriptionInfo: id=1 iccId=89860318640220133897 simSlotIndex=0 portIndex=0 isEmbedded=false carrierId=1 displayName=T-Mobile carrierName=T-Mobile isOpportunistic=false groupUuid=null groupOwner= isGroupDisabled=false displayNameSource=CARRIER iconTint=-9033797 number=+15551234567 dataRoaming=0 mcc=310 mnc=260 ehplmns=[] hplmns=[] cardString=89860318640220133897 cardId=0 nativeAccessRules=null carrierConfigAccessRules=[cert: 92B5F8117FBD9BD5738FF168A4FA12CBE284BE834EDE1A7BB44DD8455BA15920 pkg: null access: 0, cert: 3D1A4BEF6EE7AF7D34D120E7B1AAC0DD245585DE6237CF100F68333AFACFF562 pkg: null access: 0, cert: 6892793FC413019D2DF609DFED7AF622D0F2D8FCF96EFA7E3FB87EEA34E10B93 pkg: null access: 0, cert: 7B68FD9D4E7610C9CB35FC0C6CC06EA04C6906E3DFA9F48F9A05460AF36BFFFC pkg: null access: 0] countryIso=us profileClass=-1 mType=LOCAL_SIM areUiccApplicationsEnabled=true usageSetting=DEFAULT]]
09-29 23:36:45.674   900   900 D SubscriptionUtil: getSelectableSubscriptionInfoList: [[SubscriptionInfo: id=1 iccId=89860318640220133897 simSlotIndex=0 portIndex=0 isEmbedded=false carrierId=1 displayName=T-Mobile carrierName=T-Mobile isOpportunistic=false groupUuid=null groupOwner= isGroupDisabled=false displayNameSource=CARRIER iconTint=-9033797 number=+15551234567 dataRoaming=0 mcc=310 mnc=260 ehplmns=[] hplmns=[] cardString=89860318640220133897 cardId=0 nativeAccessRules=null carrierConfigAccessRules=[cert: 92B5F8117FBD9BD5738FF168A4FA12CBE284BE834EDE1A7BB44DD8455BA15920 pkg: null access: 0, cert: 3D1A4BEF6EE7AF7D34D120E7B1AAC0DD245585DE6237CF100F68333AFACFF562 pkg: null access: 0, cert: 6892793FC413019D2DF609DFED7AF622D0F2D8FCF96EFA7E3FB87EEA34E10B93 pkg: null access: 0, cert: 7B68FD9D4E7610C9CB35FC0C6CC06EA04C6906E3DFA9F48F9A05460AF36BFFFC pkg: null access: 0] countryIso=us profileClass=-1 mType=LOCAL_SIM areUiccApplicationsEnabled=true usageSetting=DEFAULT]]
09-29 23:36:45.675   900   900 D SubscriptionUtil: getSelectableSubscriptionInfoList: [[SubscriptionInfo: id=1 iccId=89860318640220133897 simSlotIndex=0 portIndex=0 isEmbedded=false carrierId=1 displayName=T-Mobile carrierName=T-Mobile isOpportunistic=false groupUuid=null groupOwner= isGroupDisabled=false displayNameSource=CARRIER iconTint=-9033797 number=+15551234567 dataRoaming=0 mcc=310 mnc=260 ehplmns=[] hplmns=[] cardString=89860318640220133897 cardId=0 nativeAccessRules=null carrierConfigAccessRules=[cert: 92B5F8117FBD9BD5738FF168A4FA12CBE284BE834EDE1A7BB44DD8455BA15920 pkg: null access: 0, cert: 3D1A4BEF6EE7AF7D34D120E7B1AAC0DD245585DE6237CF100F68333AFACFF562 pkg: null access: 0, cert: 6892793FC413019D2DF609DFED7AF622D0F2D8FCF96EFA7E3FB87EEA34E10B93 pkg: null access: 0, cert: 7B68FD9D4E7610C9CB35FC0C6CC06EA04C6906E3DFA9F48F9A05460AF36BFFFC pkg: null access: 0] countryIso=us profileClass=-1 mType=LOCAL_SIM areUiccApplicationsEnabled=true usageSetting=DEFAULT]]
09-29 23:36:45.698   900   900 D SubscriptionUtil: getSelectableSubscriptionInfoList: [[SubscriptionInfo: id=1 iccId=89860318640220133897 simSlotIndex=0 portIndex=0 isEmbedded=false carrierId=1 displayName=T-Mobile carrierName=T-Mobile isOpportunistic=false groupUuid=null groupOwner= isGroupDisabled=false displayNameSource=CARRIER iconTint=-9033797 number=+15551234567 dataRoaming=0 mcc=310 mnc=260 ehplmns=[] hplmns=[] cardString=89860318640220133897 cardId=0 nativeAccessRules=null carrierConfigAccessRules=[cert: 92B5F8117FBD9BD5738FF168A4FA12CBE284BE834EDE1A7BB44DD8455BA15920 pkg: null access: 0, cert: 3D1A4BEF6EE7AF7D34D120E7B1AAC0DD245585DE6237CF100F68333AFACFF562 pkg: null access: 0, cert: 6892793FC413019D2DF609DFED7AF622D0F2D8FCF96EFA7E3FB87EEA34E10B93 pkg: null access: 0, cert: 7B68FD9D4E7610C9CB35FC0C6CC06EA04C6906E3DFA9F48F9A05460AF36BFFFC pkg: null access: 0] countryIso=us profileClass=-1 mType=LOCAL_SIM areUiccApplicationsEnabled=true usageSetting=DEFAULT]]
09-29 23:36:45.698   900   900 D SubscriptionUtil: getSelectableSubscriptionInfoList: [[SubscriptionInfo: id=1 iccId=89860318640220133897 simSlotIndex=0 portIndex=0 isEmbedded=false carrierId=1 displayName=T-Mobile carrierName=T-Mobile isOpportunistic=false groupUuid=null groupOwner= isGroupDisabled=false displayNameSource=CARRIER iconTint=-9033797 number=+15551234567 dataRoaming=0 mcc=310 mnc=260 ehplmns=[] hplmns=[] cardString=89860318640220133897 cardId=0 nativeAccessRules=null carrierConfigAccessRules=[cert: 92B5F8117FBD9BD5738FF168A4FA12CBE284BE834EDE1A7BB44DD8455BA15920 pkg: null access: 0, cert: 3D1A4BEF6EE7AF7D34D120E7B1AAC0DD245585DE6237CF100F68333AFACFF562 pkg: null access: 0, cert: 6892793FC413019D2DF609DFED7AF622D0F2D8FCF96EFA7E3FB87EEA34E10B93 pkg: null access: 0, cert: 7B68FD9D4E7610C9CB35FC0C6CC06EA04C6906E3DFA9F48F9A05460AF36BFFFC pkg: null access: 0] countryIso=us profileClass=-1 mType=LOCAL_SIM areUiccApplicationsEnabled=true usageSetting=DEFAULT]]
09-29 23:36:45.699   900   900 D SubscriptionUtil: getSelectableSubscriptionInfoList: [[SubscriptionInfo: id=1 iccId=89860318640220133897 simSlotIndex=0 portIndex=0 isEmbedded=false carrierId=1 displayName=T-Mobile carrierName=T-Mobile isOpportunistic=false groupUuid=null groupOwner= isGroupDisabled=false displayNameSource=CARRIER iconTint=-9033797 number=+15551234567 dataRoaming=0 mcc=310 mnc=260 ehplmns=[] hplmns=[] cardString=89860318640220133897 cardId=0 nativeAccessRules=null carrierConfigAccessRules=[cert: 92B5F8117FBD9BD5738FF168A4FA12CBE284BE834EDE1A7BB44DD8455BA15920 pkg: null access: 0, cert: 3D1A4BEF6EE7AF7D34D120E7B1AAC0DD245585DE6237CF100F68333AFACFF562 pkg: null access: 0, cert: 6892793FC413019D2DF609DFED7AF622D0F2D8FCF96EFA7E3FB87EEA34E10B93 pkg: null access: 0, cert: 7B68FD9D4E7610C9CB35FC0C6CC06EA04C6906E3DFA9F48F9A05460AF36BFFFC pkg: null access: 0] countryIso=us profileClass=-1 mType=LOCAL_SIM areUiccApplicationsEnabled=true usageSetting=DEFAULT]]
09-29 23:36:45.714   900   900 D SubscriptionUtil: getSelectableSubscriptionInfoList: [[SubscriptionInfo: id=1 iccId=89860318640220133897 simSlotIndex=0 portIndex=0 isEmbedded=false carrierId=1 displayName=T-Mobile carrierName=T-Mobile isOpportunistic=false groupUuid=null groupOwner= isGroupDisabled=false displayNameSource=CARRIER iconTint=-9033797 number=+15551234567 dataRoaming=0 mcc=310 mnc=260 ehplmns=[] hplmns=[] cardString=89860318640220133897 cardId=0 nativeAccessRules=null carrierConfigAccessRules=[cert: 92B5F8117FBD9BD5738FF168A4FA12CBE284BE834EDE1A7BB44DD8455BA15920 pkg: null access: 0, cert: 3D1A4BEF6EE7AF7D34D120E7B1AAC0DD245585DE6237CF100F68333AFACFF562 pkg: null access: 0, cert: 6892793FC413019D2DF609DFED7AF622D0F2D8FCF96EFA7E3FB87EEA34E10B93 pkg: null access: 0, cert: 7B68FD9D4E7610C9CB35FC0C6CC06EA04C6906E3DFA9F48F9A05460AF36BFFFC pkg: null access: 0] countryIso=us profileClass=-1 mType=LOCAL_SIM areUiccApplicationsEnabled=true usageSetting=DEFAULT]]
09-29 23:36:45.715   900   900 D SubscriptionUtil: getSelectableSubscriptionInfoList: [[SubscriptionInfo: id=1 iccId=89860318640220133897 simSlotIndex=0 portIndex=0 isEmbedded=false carrierId=1 displayName=T-Mobile carrierName=T-Mobile isOpportunistic=false groupUuid=null groupOwner= isGroupDisabled=false displayNameSource=CARRIER iconTint=-9033797 number=+15551234567 dataRoaming=0 mcc=310 mnc=260 ehplmns=[] hplmns=[] cardString=89860318640220133897 cardId=0 nativeAccessRules=null carrierConfigAccessRules=[cert: 92B5F8117FBD9BD5738FF168A4FA12CBE284BE834EDE1A7BB44DD8455BA15920 pkg: null access: 0, cert: 3D1A4BEF6EE7AF7D34D120E7B1AAC0DD245585DE6237CF100F68333AFACFF562 pkg: null access: 0, cert: 6892793FC413019D2DF609DFED7AF622D0F2D8FCF96EFA7E3FB87EEA34E10B93 pkg: null access: 0, cert: 7B68FD9D4E7610C9CB35FC0C6CC06EA04C6906E3DFA9F48F9A05460AF36BFFFC pkg: null access: 0] countryIso=us profileClass=-1 mType=LOCAL_SIM areUiccApplicationsEnabled=true usageSetting=DEFAULT]]
09-29 23:36:45.715   900   900 D SubscriptionUtil: getSelectableSubscriptionInfoList: [[SubscriptionInfo: id=1 iccId=89860318640220133897 simSlotIndex=0 portIndex=0 isEmbedded=false carrierId=1 displayName=T-Mobile carrierName=T-Mobile isOpportunistic=false groupUuid=null groupOwner= isGroupDisabled=false displayNameSource=CARRIER iconTint=-9033797 number=+15551234567 dataRoaming=0 mcc=310 mnc=260 ehplmns=[] hplmns=[] cardString=89860318640220133897 cardId=0 nativeAccessRules=null carrierConfigAccessRules=[cert: 92B5F8117FBD9BD5738FF168A4FA12CBE284BE834EDE1A7BB44DD8455BA15920 pkg: null access: 0, cert: 3D1A4BEF6EE7AF7D34D120E7B1AAC0DD245585DE6237CF100F68333AFACFF562 pkg: null access: 0, cert: 6892793FC413019D2DF609DFED7AF622D0F2D8FCF96EFA7E3FB87EEA34E10B93 pkg: null access: 0, cert: 7B68FD9D4E7610C9CB35FC0C6CC06EA04C6906E3DFA9F48F9A05460AF36BFFFC pkg: null access: 0] countryIso=us profileClass=-1 mType=LOCAL_SIM areUiccApplicationsEnabled=true usageSetting=DEFAULT]]
09-29 23:36:45.725   900   900 D SubscriptionUtil: getSelectableSubscriptionInfoList: [[SubscriptionInfo: id=1 iccId=89860318640220133897 simSlotIndex=0 portIndex=0 isEmbedded=false carrierId=1 displayName=T-Mobile carrierName=T-Mobile isOpportunistic=false groupUuid=null groupOwner= isGroupDisabled=false displayNameSource=CARRIER iconTint=-9033797 number=+15551234567 dataRoaming=0 mcc=310 mnc=260 ehplmns=[] hplmns=[] cardString=89860318640220133897 cardId=0 nativeAccessRules=null carrierConfigAccessRules=[cert: 92B5F8117FBD9BD5738FF168A4FA12CBE284BE834EDE1A7BB44DD8455BA15920 pkg: null access: 0, cert: 3D1A4BEF6EE7AF7D34D120E7B1AAC0DD245585DE6237CF100F68333AFACFF562 pkg: null access: 0, cert: 6892793FC413019D2DF609DFED7AF622D0F2D8FCF96EFA7E3FB87EEA34E10B93 pkg: null access: 0, cert: 7B68FD9D4E7610C9CB35FC0C6CC06EA04C6906E3DFA9F48F9A05460AF36BFFFC pkg: null access: 0] countryIso=us profileClass=-1 mType=LOCAL_SIM areUiccApplicationsEnabled=true usageSetting=DEFAULT]]
09-29 23:36:45.726   900   900 D SubscriptionUtil: getSelectableSubscriptionInfoList: [[SubscriptionInfo: id=1 iccId=89860318640220133897 simSlotIndex=0 portIndex=0 isEmbedded=false carrierId=1 displayName=T-Mobile carrierName=T-Mobile isOpportunistic=false groupUuid=null groupOwner= isGroupDisabled=false displayNameSource=CARRIER iconTint=-9033797 number=+15551234567 dataRoaming=0 mcc=310 mnc=260 ehplmns=[] hplmns=[] cardString=89860318640220133897 cardId=0 nativeAccessRules=null carrierConfigAccessRules=[cert: 92B5F8117FBD9BD5738FF168A4FA12CBE284BE834EDE1A7BB44DD8455BA15920 pkg: null access: 0, cert: 3D1A4BEF6EE7AF7D34D120E7B1AAC0DD245585DE6237CF100F68333AFACFF562 pkg: null access: 0, cert: 6892793FC413019D2DF609DFED7AF622D0F2D8FCF96EFA7E3FB87EEA34E10B93 pkg: null access: 0, cert: 7B68FD9D4E7610C9CB35FC0C6CC06EA04C6906E3DFA9F48F9A05460AF36BFFFC pkg: null access: 0] countryIso=us profileClass=-1 mType=LOCAL_SIM areUiccApplicationsEnabled=true usageSetting=DEFAULT]]
09-29 23:36:45.727   900   900 D SubscriptionUtil: getSelectableSubscriptionInfoList: [[SubscriptionInfo: id=1 iccId=89860318640220133897 simSlotIndex=0 portIndex=0 isEmbedded=false carrierId=1 displayName=T-Mobile carrierName=T-Mobile isOpportunistic=false groupUuid=null groupOwner= isGroupDisabled=false displayNameSource=CARRIER iconTint=-9033797 number=+15551234567 dataRoaming=0 mcc=310 mnc=260 ehplmns=[] hplmns=[] cardString=89860318640220133897 cardId=0 nativeAccessRules=null carrierConfigAccessRules=[cert: 92B5F8117FBD9BD5738FF168A4FA12CBE284BE834EDE1A7BB44DD8455BA15920 pkg: null access: 0, cert: 3D1A4BEF6EE7AF7D34D120E7B1AAC0DD245585DE6237CF100F68333AFACFF562 pkg: null access: 0, cert: 6892793FC413019D2DF609DFED7AF622D0F2D8FCF96EFA7E3FB87EEA34E10B93 pkg: null access: 0, cert: 7B68FD9D4E7610C9CB35FC0C6CC06EA04C6906E3DFA9F48F9A05460AF36BFFFC pkg: null access: 0] countryIso=us profileClass=-1 mType=LOCAL_SIM areUiccApplicationsEnabled=true usageSetting=DEFAULT]]
09-29 23:36:45.730   900   900 D SubscriptionUtil: getSelectableSubscriptionInfoList: [[SubscriptionInfo: id=1 iccId=89860318640220133897 simSlotIndex=0 portIndex=0 isEmbedded=false carrierId=1 displayName=T-Mobile carrierName=T-Mobile isOpportunistic=false groupUuid=null groupOwner= isGroupDisabled=false displayNameSource=CARRIER iconTint=-9033797 number=+15551234567 dataRoaming=0 mcc=310 mnc=260 ehplmns=[] hplmns=[] cardString=89860318640220133897 cardId=0 nativeAccessRules=null carrierConfigAccessRules=[cert: 92B5F8117FBD9BD5738FF168A4FA12CBE284BE834EDE1A7BB44DD8455BA15920 pkg: null access: 0, cert: 3D1A4BEF6EE7AF7D34D120E7B1AAC0DD245585DE6237CF100F68333AFACFF562 pkg: null access: 0, cert: 6892793FC413019D2DF609DFED7AF622D0F2D8FCF96EFA7E3FB87EEA34E10B93 pkg: null access: 0, cert: 7B68FD9D4E7610C9CB35FC0C6CC06EA04C6906E3DFA9F48F9A05460AF36BFFFC pkg: null access: 0] countryIso=us profileClass=-1 mType=LOCAL_SIM areUiccApplicationsEnabled=true usageSetting=DEFAULT]]
09-29 23:36:45.730   900   900 D SubscriptionUtil: getSelectableSubscriptionInfoList: [[SubscriptionInfo: id=1 iccId=89860318640220133897 simSlotIndex=0 portIndex=0 isEmbedded=false carrierId=1 displayName=T-Mobile carrierName=T-Mobile isOpportunistic=false groupUuid=null groupOwner= isGroupDisabled=false displayNameSource=CARRIER iconTint=-9033797 number=+15551234567 dataRoaming=0 mcc=310 mnc=260 ehplmns=[] hplmns=[] cardString=89860318640220133897 cardId=0 nativeAccessRules=null carrierConfigAccessRules=[cert: 92B5F8117FBD9BD5738FF168A4FA12CBE284BE834EDE1A7BB44DD8455BA15920 pkg: null access: 0, cert: 3D1A4BEF6EE7AF7D34D120E7B1AAC0DD245585DE6237CF100F68333AFACFF562 pkg: null access: 0, cert: 6892793FC413019D2DF609DFED7AF622D0F2D8FCF96EFA7E3FB87EEA34E10B93 pkg: null access: 0, cert: 7B68FD9D4E7610C9CB35FC0C6CC06EA04C6906E3DFA9F48F9A05460AF36BFFFC pkg: null access: 0] countryIso=us profileClass=-1 mType=LOCAL_SIM areUiccApplicationsEnabled=true usageSetting=DEFAULT]]
09-29 23:36:45.730   900   900 D SubscriptionUtil: getSelectableSubscriptionInfoList: [[SubscriptionInfo: id=1 iccId=89860318640220133897 simSlotIndex=0 portIndex=0 isEmbedded=false carrierId=1 displayName=T-Mobile carrierName=T-Mobile isOpportunistic=false groupUuid=null groupOwner= isGroupDisabled=false displayNameSource=CARRIER iconTint=-9033797 number=+15551234567 dataRoaming=0 mcc=310 mnc=260 ehplmns=[] hplmns=[] cardString=89860318640220133897 cardId=0 nativeAccessRules=null carrierConfigAccessRules=[cert: 92B5F8117FBD9BD5738FF168A4FA12CBE284BE834EDE1A7BB44DD8455BA15920 pkg: null access: 0, cert: 3D1A4BEF6EE7AF7D34D120E7B1AAC0DD245585DE6237CF100F68333AFACFF562 pkg: null access: 0, cert: 6892793FC413019D2DF609DFED7AF622D0F2D8FCF96EFA7E3FB87EEA34E10B93 pkg: null access: 0, cert: 7B68FD9D4E7610C9CB35FC0C6CC06EA04C6906E3DFA9F48F9A05460AF36BFFFC pkg: null access: 0] countryIso=us profileClass=-1 mType=LOCAL_SIM areUiccApplicationsEnabled=true usageSetting=DEFAULT]]
09-29 23:36:45.735   900   900 I InternetUpdater: Detect an internet available network with transport type: 1
09-29 23:36:45.738   900   900 I InternetUpdater: Detect an internet available network with transport type: 1
09-29 23:36:45.777   543   668 D WifiNetworkFactory: got request NetworkRequest [ REQUEST id=181, [ Capabilities: INTERNET&NOT_RESTRICTED&TRUSTED&NOT_VCN_MANAGED Uid: 1000 RequestorUid: 1000 RequestorPkg: com.android.settings UnderlyingNetworks: Null] ]
09-29 23:36:45.782   543   668 D UntrustedWifiNetworkFactory: got request NetworkRequest [ REQUEST id=181, [ Capabilities: INTERNET&NOT_RESTRICTED&TRUSTED&NOT_VCN_MANAGED Uid: 1000 RequestorUid: 1000 RequestorPkg: com.android.settings UnderlyingNetworks: Null] ]
09-29 23:36:45.795   543   668 D OemPaidWifiNetworkFactory: got request NetworkRequest [ REQUEST id=181, [ Capabilities: INTERNET&NOT_RESTRICTED&TRUSTED&NOT_VCN_MANAGED Uid: 1000 RequestorUid: 1000 RequestorPkg: com.android.settings UnderlyingNetworks: Null] ]
09-29 23:36:45.797   543   668 D MultiInternetWifiNetworkFactory: got request NetworkRequest [ REQUEST id=181, [ Capabilities: INTERNET&NOT_RESTRICTED&TRUSTED&NOT_VCN_MANAGED Uid: 1000 RequestorUid: 1000 RequestorPkg: com.android.settings UnderlyingNetworks: Null] ]
09-29 23:36:45.799   543   675 D ConnectivityService: NetReassign [181 : null → 101] [c 1] [a 5] [i 41]
09-29 23:36:45.813   543  1731 W ScanResultUtil: Empty or null ScanResult list
09-29 23:36:45.813   543  1731 W WifiService: Attempt to retrieve WifiConfiguration with invalid scanResult List
09-29 23:36:45.813   900   900 I InternetUpdater: Detect an internet available network with transport type: 1
09-29 23:36:45.816   543  2394 W ScanResultUtil: Empty or null ScanResult list
09-29 23:36:45.818   543  2394 W WifiService: Attempt to retrieve WifiConfiguration with invalid scanResult List
09-29 23:36:45.823   543  2394 W ScanResultUtil: Empty or null ScanResult list
09-29 23:36:45.823   900   900 D SubscriptionUtil: getSelectableSubscriptionInfoList: [[SubscriptionInfo: id=1 iccId=89860318640220133897 simSlotIndex=0 portIndex=0 isEmbedded=false carrierId=1 displayName=T-Mobile carrierName=T-Mobile isOpportunistic=false groupUuid=null groupOwner= isGroupDisabled=false displayNameSource=CARRIER iconTint=-9033797 number=+15551234567 dataRoaming=0 mcc=310 mnc=260 ehplmns=[] hplmns=[] cardString=89860318640220133897 cardId=0 nativeAccessRules=null carrierConfigAccessRules=[cert: 92B5F8117FBD9BD5738FF168A4FA12CBE284BE834EDE1A7BB44DD8455BA15920 pkg: null access: 0, cert: 3D1A4BEF6EE7AF7D34D120E7B1AAC0DD245585DE6237CF100F68333AFACFF562 pkg: null access: 0, cert: 6892793FC413019D2DF609DFED7AF622D0F2D8FCF96EFA7E3FB87EEA34E10B93 pkg: null access: 0, cert: 7B68FD9D4E7610C9CB35FC0C6CC06EA04C6906E3DFA9F48F9A05460AF36BFFFC pkg: null access: 0] countryIso=us profileClass=-1 mType=LOCAL_SIM areUiccApplicationsEnabled=true usageSetting=DEFAULT]]
09-29 23:36:45.824   900   900 D SubscriptionUtil: getSelectableSubscriptionInfoList: [[SubscriptionInfo: id=1 iccId=89860318640220133897 simSlotIndex=0 portIndex=0 isEmbedded=false carrierId=1 displayName=T-Mobile carrierName=T-Mobile isOpportunistic=false groupUuid=null groupOwner= isGroupDisabled=false displayNameSource=CARRIER iconTint=-9033797 number=+15551234567 dataRoaming=0 mcc=310 mnc=260 ehplmns=[] hplmns=[] cardString=89860318640220133897 cardId=0 nativeAccessRules=null carrierConfigAccessRules=[cert: 92B5F8117FBD9BD5738FF168A4FA12CBE284BE834EDE1A7BB44DD8455BA15920 pkg: null access: 0, cert: 3D1A4BEF6EE7AF7D34D120E7B1AAC0DD245585DE6237CF100F68333AFACFF562 pkg: null access: 0, cert: 6892793FC413019D2DF609DFED7AF622D0F2D8FCF96EFA7E3FB87EEA34E10B93 pkg: null access: 0, cert: 7B68FD9D4E7610C9CB35FC0C6CC06EA04C6906E3DFA9F48F9A05460AF36BFFFC pkg: null access: 0] countryIso=us profileClass=-1 mType=LOCAL_SIM areUiccApplicationsEnabled=true usageSetting=DEFAULT]]
09-29 23:36:45.824   900   900 D SubscriptionUtil: getSelectableSubscriptionInfoList: [[SubscriptionInfo: id=1 iccId=89860318640220133897 simSlotIndex=0 portIndex=0 isEmbedded=false carrierId=1 displayName=T-Mobile carrierName=T-Mobile isOpportunistic=false groupUuid=null groupOwner= isGroupDisabled=false displayNameSource=CARRIER iconTint=-9033797 number=+15551234567 dataRoaming=0 mcc=310 mnc=260 ehplmns=[] hplmns=[] cardString=89860318640220133897 cardId=0 nativeAccessRules=null carrierConfigAccessRules=[cert: 92B5F8117FBD9BD5738FF168A4FA12CBE284BE834EDE1A7BB44DD8455BA15920 pkg: null access: 0, cert: 3D1A4BEF6EE7AF7D34D120E7B1AAC0DD245585DE6237CF100F68333AFACFF562 pkg: null access: 0, cert: 6892793FC413019D2DF609DFED7AF622D0F2D8FCF96EFA7E3FB87EEA34E10B93 pkg: null access: 0, cert: 7B68FD9D4E7610C9CB35FC0C6CC06EA04C6906E3DFA9F48F9A05460AF36BFFFC pkg: null access: 0] countryIso=us profileClass=-1 mType=LOCAL_SIM areUiccApplicationsEnabled=true usageSetting=DEFAULT]]
09-29 23:36:45.828   900   900 I InternetUpdater: Detect an internet available network with transport type: 1
09-29 23:36:45.829   543  2394 E WifiService: Attempt to retrieve passpoint with invalid scanResult List
09-29 23:36:45.830   543  2080 W ScanResultUtil: Empty or null ScanResult list
09-29 23:36:45.832   543  2080 W WifiService: Attempt to retrieve OsuProviders with invalid scanResult List
09-29 23:36:45.862   900  5189 D CompatibilityChangeReporter: Compat change id reported: 186082280; UID 1000; state: ENABLED
09-29 23:36:45.863   900  5189 I WifiPickerTracker: Scanning started
09-29 23:36:45.864   900  5189 E WifiScanner: listener does not exist
09-29 23:36:45.890   543  2394 I ImeTracker: com.android.settings:67be2e15: onRequestHide at ORIGIN_SERVER_HIDE_INPUT reason HIDE_UNSPECIFIED_WINDOW
09-29 23:36:45.891   543  2394 I ImeTracker: com.android.settings:67be2e15: onCancelled at PHASE_SERVER_SHOULD_HIDE
09-29 23:36:45.893  1350  1350 I GoogleInputMethodService: GoogleInputMethodService.onFinishInput():3227
09-29 23:36:45.902  1350  1350 I GoogleInputMethodService: GoogleInputMethodService.updateDeviceLockedStatus():2087 repeatCheckTimes = 0, unlocked = true
09-29 23:36:45.903  1350  1350 I GoogleInputMethodService: GoogleInputMethodService.onStartInput():1877 onStartInput(EditorInfo{inputType=0x0(NULL) imeOptions=0x0 privateImeOptions=null actionName=UNSPECIFIED actionLabel=null actionId=0 initialSelStart=-1 initialSelEnd=-1 initialCapsMode=0x0 hintText=null label=null packageName=com.android.settings fieldId=0 fieldName=null extras=null}, false)
09-29 23:36:45.910  1350  1350 I GoogleInputMethodService: GoogleInputMethodService.shouldHideHeaderOnInitialState():4008 ShouldHideHeaderOnInitialState = false
09-29 23:36:45.912  1350  1350 I GoogleInputMethodService: GoogleInputMethodService.updateDeviceLockedStatus():2087 repeatCheckTimes = 2, unlocked = true
09-29 23:36:46.241   900   900 I TetheringManager: unregisterTetheringEventCallback caller:com.android.settings
09-29 23:36:46.672   900   939 D EGL_emulation: app_time_stats: avg=9.20ms min=1.28ms max=42.27ms count=57
09-29 23:36:46.685   543  1731 D WifiNl80211Manager: Scan result ready event
09-29 23:36:46.686   543  1731 D WifiNative: Scan result ready event
09-29 23:36:46.702   543  2080 I WifiService: startScan uid=1000
09-29 23:36:46.881   750   750 I vol.VolumeDialogImpl: mDialog.dismiss() reason: volume_controller from: com.android.systemui.volume.VolumeDialogImpl$7.onDismissRequested:3
09-29 23:36:46.929  1019  1019 D TaplTarget: Launcher.onNewIntent: Intent { act=android.intent.action.MAIN cat=[android.intent.category.HOME] flg=0x10400100 cmp=com.google.android.apps.nexuslauncher/.NexusLauncherActivity (has extras) }
09-29 23:36:46.932  1678  1951 E OpenGLRenderer: Unable to match the desired swap behavior.
09-29 23:36:46.933   362   362 I BpBinder: onLastStrongRef automatically unlinking death recipients:
09-29 23:36:46.989  1019  1611 E OpenGLRenderer: Unable to match the desired swap behavior.
09-29 23:36:46.997   900   900 W ElapsedTimeUtils: getElapsedTime: sSuwFinishedTimeStamp is null
09-29 23:36:47.059   543  1514 W AppSearchIcing: icing-search-engine.cc:283: Error: 5, Message: Document (com.google.android.googlequicksearchbox$OneSearchZeroStateGoogleSuggestions/default, zp) not found.
09-29 23:36:47.063  1019  1693 D OneSearchSuggestProvider: Created the binder channel successfully for end point service =com.google.android.apps.search.googleapp.search.suggest.plugins.onesearch.server.OneSearchSuggestService , mChannel=z1{delegate=s1{logId=21, target=directaddress:///AndroidComponentAddress%5BIntent%20%7B%20act=grpc.io.action.BIND%20cmp=com.google.android.googlequicksearchbox/com.google.android.apps.search.googleapp.search.suggest.plugins.onesearch.server.OneSearchSuggestService%20%7D%5D}} , mOneSearchConnection=X1.T@bdc5d2b
09-29 23:36:47.106  1490  1490 I GsaVoiceInteractionSrv: Handling ACTION_START_HOTWORD
09-29 23:36:47.125  1490  2169 I GsaVoiceInteractionSrv: (REDACTED) disregardVoiceMatch: %b
09-29 23:36:47.130  1389  1712 I AiAiEcho: Predicting[0]:
09-29 23:36:47.132  1389  1712 I AiAiEcho: EchoTargets:
09-29 23:36:47.132  1389  1712 I AiAiEcho: Filtered by AiAi flag check:
09-29 23:36:47.136  1389  1712 I AiAiEcho: Ranked targets strategy: SORT, count: 0, ranking metadata:
09-29 23:36:47.137   750   750 I vol.VolumeDialogImpl: mDialog.dismiss() reason: volume_controller from: com.android.systemui.volume.VolumeDialogImpl$7.onDismissRequested:3
09-29 23:36:47.138  1678  1678 I A       : (REDACTED) Created gRPC endpoint for service %s
09-29 23:36:47.149   750   750 D vol.VolumeDialogImpl: dismissH: skipping dismiss because isAnimatingDismiss is true and showingStateInconsistent is false
09-29 23:36:47.164  1389  1712 I AiAiEcho: #postPredictionTargets: Sending updates to UISurface home with targets# 0 (types=[])
09-29 23:36:47.168  1490  2169 I GsaVoiceInteractionSrv: Cannot start hotword, hotword has been explicitly disabled.
09-29 23:36:47.198   543  2394 I ImeTracker: com.google.android.apps.nexuslauncher:960c35c: onRequestHide at ORIGIN_SERVER_HIDE_INPUT reason HIDE_UNSPECIFIED_WINDOW
09-29 23:36:47.206   543  2394 I ImeTracker: com.google.android.apps.nexuslauncher:960c35c: onCancelled at PHASE_SERVER_SHOULD_HIDE
09-29 23:36:47.226  1350  1350 I GoogleInputMethodService: GoogleInputMethodService.onFinishInput():3227
09-29 23:36:47.241  1350  1350 I GoogleInputMethodService: GoogleInputMethodService.updateDeviceLockedStatus():2087 repeatCheckTimes = 0, unlocked = true
09-29 23:36:47.244  1350  1350 I GoogleInputMethodService: GoogleInputMethodService.onStartInput():1877 onStartInput(EditorInfo{inputType=0x0(NULL) imeOptions=0x0 privateImeOptions=null actionName=UNSPECIFIED actionLabel=null actionId=0 initialSelStart=-1 initialSelEnd=-1 initialCapsMode=0x0 hintText=null label=null packageName=com.google.android.apps.nexuslauncher fieldId=0 fieldName=null extras=null}, false)
09-29 23:36:47.245  1350  1350 I GoogleInputMethodService: GoogleInputMethodService.shouldHideHeaderOnInitialState():4008 ShouldHideHeaderOnInitialState = false
09-29 23:36:47.248  1019  1025 I s.nexuslauncher: NativeAlloc concurrent copying GC freed 25253(1029KB) AllocSpace objects, 7(708KB) LOS objects, 49% free, 6118KB/11MB, paused 28us,10us total 176.948ms
09-29 23:36:47.253  1350  1350 I GoogleInputMethodService: GoogleInputMethodService.updateDeviceLockedStatus():2087 repeatCheckTimes = 2, unlocked = true
09-29 23:36:47.291   750   866 D EGL_emulation: app_time_stats: avg=495.38ms min=1.29ms max=3389.01ms count=7
09-29 23:36:47.314  1019  1019 D SearchTargetUtil:  query= size=0
09-29 23:36:47.408   750   866 D EGL_emulation: app_time_stats: avg=86.63ms min=1.25ms max=1620.98ms count=26
09-29 23:36:47.562   900  5189 I WifiPickerTracker: Scanning stopped
09-29 23:36:48.246   320  2980 D android.hardware.audio@7.1-impl.ranchu: threadLoop: entering standby, frames: 972576
09-29 23:36:48.420   750   866 D EGL_emulation: app_time_stats: avg=5.30ms min=1.12ms max=33.49ms count=58
09-29 23:36:49.657   900   900 D SubscriptionUtil: getSelectableSubscriptionInfoList: [[SubscriptionInfo: id=1 iccId=89860318640220133897 simSlotIndex=0 portIndex=0 isEmbedded=false carrierId=1 displayName=T-Mobile carrierName=T-Mobile isOpportunistic=false groupUuid=null groupOwner= isGroupDisabled=false displayNameSource=CARRIER iconTint=-9033797 number=+15551234567 dataRoaming=0 mcc=310 mnc=260 ehplmns=[] hplmns=[] cardString=89860318640220133897 cardId=0 nativeAccessRules=null carrierConfigAccessRules=[cert: 92B5F8117FBD9BD5738FF168A4FA12CBE284BE834EDE1A7BB44DD8455BA15920 pkg: null access: 0, cert: 3D1A4BEF6EE7AF7D34D120E7B1AAC0DD245585DE6237CF100F68333AFACFF562 pkg: null access: 0, cert: 6892793FC413019D2DF609DFED7AF622D0F2D8FCF96EFA7E3FB87EEA34E10B93 pkg: null access: 0, cert: 7B68FD9D4E7610C9CB35FC0C6CC06EA04C6906E3DFA9F48F9A05460AF36BFFFC pkg: null access: 0] countryIso=us profileClass=-1 mType=LOCAL_SIM areUiccApplicationsEnabled=true usageSetting=DEFAULT]]
09-29 23:36:49.658   900   900 D SubscriptionUtil: getSelectableSubscriptionInfoList: [[SubscriptionInfo: id=1 iccId=89860318640220133897 simSlotIndex=0 portIndex=0 isEmbedded=false carrierId=1 displayName=T-Mobile carrierName=T-Mobile isOpportunistic=false groupUuid=null groupOwner= isGroupDisabled=false displayNameSource=CARRIER iconTint=-9033797 number=+15551234567 dataRoaming=0 mcc=310 mnc=260 ehplmns=[] hplmns=[] cardString=89860318640220133897 cardId=0 nativeAccessRules=null carrierConfigAccessRules=[cert: 92B5F8117FBD9BD5738FF168A4FA12CBE284BE834EDE1A7BB44DD8455BA15920 pkg: null access: 0, cert: 3D1A4BEF6EE7AF7D34D120E7B1AAC0DD245585DE6237CF100F68333AFACFF562 pkg: null access: 0, cert: 6892793FC413019D2DF609DFED7AF622D0F2D8FCF96EFA7E3FB87EEA34E10B93 pkg: null access: 0, cert: 7B68FD9D4E7610C9CB35FC0C6CC06EA04C6906E3DFA9F48F9A05460AF36BFFFC pkg: null access: 0] countryIso=us profileClass=-1 mType=LOCAL_SIM areUiccApplicationsEnabled=true usageSetting=DEFAULT]]
09-29 23:36:49.659   900   900 D SubscriptionUtil: getSelectableSubscriptionInfoList: [[SubscriptionInfo: id=1 iccId=89860318640220133897 simSlotIndex=0 portIndex=0 isEmbedded=false carrierId=1 displayName=T-Mobile carrierName=T-Mobile isOpportunistic=false groupUuid=null groupOwner= isGroupDisabled=false displayNameSource=CARRIER iconTint=-9033797 number=+15551234567 dataRoaming=0 mcc=310 mnc=260 ehplmns=[] hplmns=[] cardString=89860318640220133897 cardId=0 nativeAccessRules=null carrierConfigAccessRules=[cert: 92B5F8117FBD9BD5738FF168A4FA12CBE284BE834EDE1A7BB44DD8455BA15920 pkg: null access: 0, cert: 3D1A4BEF6EE7AF7D34D120E7B1AAC0DD245585DE6237CF100F68333AFACFF562 pkg: null access: 0, cert: 6892793FC413019D2DF609DFED7AF622D0F2D8FCF96EFA7E3FB87EEA34E10B93 pkg: null access: 0, cert: 7B68FD9D4E7610C9CB35FC0C6CC06EA04C6906E3DFA9F48F9A05460AF36BFFFC pkg: null access: 0] countryIso=us profileClass=-1 mType=LOCAL_SIM areUiccApplicationsEnabled=true usageSetting=DEFAULT]]
09-29 23:36:49.684   750   750 D StatusBarIconController: ignoring old pipeline callbacks, because the new mobile icons are enabled
09-29 23:36:50.468   543  1731 D WifiNl80211Manager: Scan result ready event
09-29 23:36:50.468   543  1731 D WifiNative: Scan result ready event
09-29 23:36:51.052   750   750 D StatusBarIconController: ignoring old pipeline callback because the new wifi icon is enabled
09-29 23:36:52.576   750   863 D SplashScreenView: Build android.window.SplashScreenView{97b75b9 V.E...... ......ID 0,0-0,0}
09-29 23:36:52.576   750   863 D SplashScreenView: Icon: view: null drawable: null size: 0
09-29 23:36:52.576   750   863 D SplashScreenView: Branding: view: android.view.View{d85adfe G.ED..... ......I. 0,0-0,0 #10204ef android:id/splashscreen_branding_view} drawable: null size w: 0 h: 0
09-29 23:36:52.610   750   866 E OpenGLRenderer: Unable to match the desired swap behavior.
09-29 23:36:52.617   362   362 I BpBinder: onLastStrongRef automatically unlinking death recipients:
09-29 23:36:52.638  1019  1611 D EGL_emulation: app_time_stats: avg=234.17ms min=1.30ms max=5120.23ms count=23
09-29 23:36:52.693  1490  1490 I GsaVoiceInteractionSrv: Handling ACTION_STOP_HOTWORD
09-29 23:36:52.694  1490  2130 I HwDetectorWithState: (REDACTED) a: %d
09-29 23:36:52.730  5141  5200 D libEGL  : loaded /vendor/lib64/egl/libEGL_emulation.so
09-29 23:36:52.738  5141  5141 D LifecycleMonitor: Lifecycle status change: ru.netology.testing.uiautomator.MainActivity@4f60aae in: PRE_ON_CREATE
09-29 23:36:52.752  5141  5141 D CompatibilityChangeReporter: Compat change id reported: 210923482; UID 10182; state: DISABLED
09-29 23:36:52.753  5141  5141 D CompatibilityChangeReporter: Compat change id reported: 37756858; UID 10182; state: ENABLED
09-29 23:36:52.765  5141  5200 D libEGL  : loaded /vendor/lib64/egl/libGLESv1_CM_emulation.so
09-29 23:36:52.777  5141  5200 D libEGL  : loaded /vendor/lib64/egl/libGLESv2_emulation.so
09-29 23:36:52.798  5141  5141 W ing.uiautomator: Accessing hidden method Landroid/view/View;->computeFitSystemWindows(Landroid/graphics/Rect;Landroid/graphics/Rect;)Z (unsupported, reflection, allowed)
09-29 23:36:52.799  5141  5141 W ing.uiautomator: Accessing hidden method Landroid/view/ViewGroup;->makeOptionalFitsSystemWindows()V (unsupported, reflection, allowed)
09-29 23:36:52.804  5141  5141 D LifecycleMonitor: Lifecycle status change: ru.netology.testing.uiautomator.MainActivity@4f60aae in: CREATED
09-29 23:36:52.805  5141  5141 D LifecycleMonitor: Lifecycle status change: ru.netology.testing.uiautomator.MainActivity@4f60aae in: STARTED
09-29 23:36:52.807  5141  5141 D LifecycleMonitor: Lifecycle status change: ru.netology.testing.uiautomator.MainActivity@4f60aae in: RESUMED
09-29 23:36:52.809  5141  5141 D CompatibilityChangeReporter: Compat change id reported: 237531167; UID 10182; state: DISABLED
09-29 23:36:52.810  5141  5141 W OpenGLRenderer: Unknown dataspace 0
09-29 23:36:52.844  5141  5199 W OpenGLRenderer: Failed to choose config with EGL_SWAP_BEHAVIOR_PRESERVED, retrying without...
09-29 23:36:52.844  5141  5199 W OpenGLRenderer: Failed to initialize 101010-2 format, error = EGL_SUCCESS
09-29 23:36:52.851   122   122 I hwservicemanager: getTransport: Cannot find entry android.hardware.graphics.mapper@4.0::IMapper/default in either framework or device VINTF manifest.
09-29 23:36:52.856   750   866 D EGL_emulation: app_time_stats: avg=688.88ms min=3.02ms max=5451.54ms count=8
09-29 23:36:52.857  5141  5199 I Gralloc4: mapper 4.x is not supported
09-29 23:36:52.859  5141  5141 D AutofillManager: notifyViewEnteredForFillDialog:1073741824
09-29 23:36:52.863  5141  5199 E OpenGLRenderer: Unable to match the desired swap behavior.
09-29 23:36:52.954   543   560 W ziparchive: Unable to open '/data/app/~~VMPM2wTSfV17OkyEYweacg==/ru.netology.testing.uiautomator-9qr-Oybz0JCxbJ9Ozj3MXA==/base.dm': No such file or directory
09-29 23:36:52.956   543   560 I ActivityTaskManager: Displayed ru.netology.testing.uiautomator/.MainActivity for user 0: +390ms
09-29 23:36:53.027   750   866 D EGL_emulation: app_time_stats: avg=270.92ms min=15.49ms max=4091.42ms count=17
09-29 23:36:53.077   543  1731 I ImeTracker: ru.netology.testing.uiautomator:c5fd191e: onRequestHide at ORIGIN_SERVER_HIDE_INPUT reason HIDE_UNSPECIFIED_WINDOW
09-29 23:36:53.077   543  1731 I ImeTracker: ru.netology.testing.uiautomator:c5fd191e: onCancelled at PHASE_SERVER_SHOULD_HIDE
09-29 23:36:53.082  1350  1350 I GoogleInputMethodService: GoogleInputMethodService.onFinishInput():3227
09-29 23:36:53.086  1350  1350 I GoogleInputMethodService: GoogleInputMethodService.updateDeviceLockedStatus():2087 repeatCheckTimes = 0, unlocked = true
09-29 23:36:53.086  1350  1350 I GoogleInputMethodService: GoogleInputMethodService.onStartInput():1877 onStartInput(EditorInfo{inputType=0x0(NULL) imeOptions=0x0 privateImeOptions=null actionName=UNSPECIFIED actionLabel=null actionId=0 initialSelStart=-1 initialSelEnd=-1 initialCapsMode=0x0 hintText=null label=null packageName=ru.netology.testing.uiautomator fieldId=0 fieldName=null extras=null}, false)
09-29 23:36:53.087  1350  1350 I GoogleInputMethodService: GoogleInputMethodService.shouldHideHeaderOnInitialState():4008 ShouldHideHeaderOnInitialState = false
09-29 23:36:53.087  1350  1350 I GoogleInputMethodService: GoogleInputMethodService.updateDeviceLockedStatus():2087 repeatCheckTimes = 2, unlocked = true
09-29 23:36:53.139  1019  1072 I ImeTracker: com.google.android.apps.nexuslauncher:f193e3f5: onRequestHide at ORIGIN_CLIENT_HIDE_SOFT_INPUT reason HIDE_SOFT_INPUT
09-29 23:36:53.140  1019  1072 I ImeTracker: com.google.android.apps.nexuslauncher:f193e3f5: onFailed at PHASE_CLIENT_VIEW_SERVED
09-29 23:36:53.149  1019  1693 D OneSearchSuggestProvider: Shut down the binder channel
09-29 23:36:53.159  1019  1671 I IPCThreadState: oneway function results for code 2 on binder at 0xb4000078763e3ef0 will be dropped but finished with status UNKNOWN_TRANSACTION
09-29 23:36:53.188   851  1099 D BtGatt.ScanManager: uid 10122 isForeground true scanMode 1
09-29 23:36:53.189   851  1099 D BtGatt.ScanManager: uid 10122 isForeground true scanMode -1
09-29 23:36:53.192   851  1099 D BtGatt.ScanManager: uid 10122 isForeground true scanMode -1
09-29 23:36:53.225   750   861 W WindowOnBackDispatcher: sendCancelIfRunning: isInProgress=falsecallback=android.view.ViewRootImpl$$ExternalSyntheticLambda17@78eaa98
09-29 23:36:53.226   543  1731 W InputManager-JNI: Input channel object '8ec5f07 Splash Screen ru.netology.testing.uiautomator (client)' was disposed without first being removed with the input manager!
09-29 23:36:53.312   851  1099 D BtGatt.ScanManager: uid 10122 isForeground true scanMode 1
09-29 23:36:53.314   851  1099 D BtGatt.ScanManager: uid 10122 isForeground true scanMode -1
09-29 23:36:53.314   851  1099 D BtGatt.ScanManager: uid 10122 isForeground true scanMode -1
09-29 23:36:53.319  1154  2958 I FontLog : Received query Noto Color Emoji Compat, URI content://com.google.android.gms.fonts [CONTEXT service_id=132 ]
09-29 23:36:53.320  1154  2958 I FontLog : Query [emojicompat-emoji-font] resolved to {Noto Color Emoji Compat, wdth 100.0, wght 400, ital 0.0, bestEffort false} [CONTEXT service_id=132 ]
09-29 23:36:53.322  1154  2958 I FontLog : Fetch {Noto Color Emoji Compat, wdth 100.0, wght 400, ital 0.0, bestEffort false} end status Status{statusCode=SUCCESS, resolution=null} [CONTEXT service_id=132 ]
09-29 23:36:53.327  1154  1390 I FontLog : Pulling font file for id = 16, cache size = 9 [CONTEXT service_id=132 ]
09-29 23:36:53.333  1154  2958 I FontLog : Pulling font file for id = 16, cache size = 9 [CONTEXT service_id=132 ]
09-29 23:36:53.477   750   758 I ndroid.systemui: Background young concurrent copying GC freed 258443(11MB) AllocSpace objects, 0(0B) LOS objects, 33% free, 18MB/28MB, paused 61us,23us total 147.117ms
09-29 23:36:54.052   750   866 D EGL_emulation: app_time_stats: avg=16.11ms min=0.74ms max=65.73ms count=47
09-29 23:36:54.246  1350  1350 W AndroidSpellCheckerService: AndroidSpellCheckerService.initialize():82 initialize...
09-29 23:36:54.247  1350  1350 I ShortcutsDataManager: ShortcutsDataManager.onContentChanged():70 onContentChanged()
09-29 23:36:54.247  1350  1350 I ContactsDataManager: ContactsDataManager.onContentChanged():156 onContentChanged()
09-29 23:36:54.247  1350  1350 W AndroidSpellCheckerService: AndroidSpellCheckerService.initialize():94 initialize...done
09-29 23:36:54.257  5141  5199 D EGL_emulation: app_time_stats: avg=145.82ms min=7.48ms max=696.82ms count=9
09-29 23:36:54.464   543   675 D InetDiagMessage: Destroyed 0 sockets, proto=IPPROTO_TCP, family=AF_INET, states=14
09-29 23:36:54.464   543   675 D InetDiagMessage: Destroyed 0 sockets, proto=IPPROTO_TCP, family=AF_INET6, states=14
09-29 23:36:54.465   543   675 D InetDiagMessage: Destroyed live tcp sockets for uids={[10162, 10162]} exemptUids={} in 2ms
09-29 23:36:54.770  1019  1019 D TaplEvents: TIS / TouchInteractionService.onInputEvent: MotionEvent { action=ACTION_DOWN, actionButton=0, id[0]=0, x[0]=719.0, y[0]=965.0, toolType[0]=TOOL_TYPE_FINGER, buttonState=0, classification=NONE, metaState=0, flags=0x0, edgeFlags=0x0, pointerCount=1, historySize=0, eventTime=204238, downTime=204237, deviceId=-1, source=0x1002, displayId=0, eventId=-768863572 }
09-29 23:36:54.772  1019  1019 D TaplEvents: TIS / TouchInteractionService.onInputEvent: MotionEvent { action=ACTION_UP, actionButton=0, id[0]=0, x[0]=719.0, y[0]=965.0, toolType[0]=TOOL_TYPE_FINGER, buttonState=0, classification=NONE, metaState=0, flags=0x0, edgeFlags=0x0, pointerCount=1, historySize=0, eventTime=204238, downTime=204237, deviceId=-1, source=0x1002, displayId=0, eventId=-349659172 }
09-29 23:36:54.803   358  4953 D audioserver: FGS Logger Transaction failed
09-29 23:36:54.807   358  4953 D audioserver: -129
09-29 23:36:54.809   358   513 D AudioFlinger: mixer(0xb400007e0196b930) throttle end: throttle time(44)
09-29 23:36:54.919   358   513 D audioserver: FGS Logger Transaction failed
09-29 23:36:54.921   358   513 D audioserver: -129
09-29 23:36:55.272  5141  5199 D EGL_emulation: app_time_stats: avg=33.46ms min=1.16ms max=562.01ms count=28
09-29 23:36:55.309  5141  5163 I TestRunner: finished: testEmptyText(ru.netology.testing.uiautomator.ChangeTextTest)
