09-29 23:00:58.314   886   900 D PrefCtrlListHelper: Could not find Context-only controller for pref: com.android.settings.deviceinfo.firmwareversion.SecurityPatchLevelPreferenceController
09-29 23:00:58.316   886   900 D PrefCtrlListHelper: Could not find Context-only controller for pref: com.android.settings.deviceinfo.firmwareversion.MainlineModuleVersionPreferenceController
09-29 23:00:58.319   886   900 D PrefCtrlListHelper: Could not find Context-only controller for pref: com.android.settings.deviceinfo.firmwareversion.BasebandVersionPreferenceController
09-29 23:00:58.319   886   900 D PrefCtrlListHelper: Could not find Context-only controller for pref: com.android.settings.deviceinfo.firmwareversion.KernelVersionPreferenceController
09-29 23:00:58.319   886   900 D PrefCtrlListHelper: Could not find Context-only controller for pref: com.android.settings.deviceinfo.firmwareversion.SimpleBuildNumberPreferenceController
09-29 23:00:58.320   886   900 V SettingsSearchProvider: com.android.settings.security.ScreenPinningSettings$2@1b2db00 tried to add an empty non-indexable key
09-29 23:00:58.320   886   900 D PrefCtrlListHelper: Could not find Context-only controller for pref: com.android.settings.accessibility.AvailableHearingDevicePreferenceController
09-29 23:00:58.320   886   900 D PrefCtrlListHelper: Could not find Context-only controller for pref: com.android.settings.connecteddevice.AddDevicePreferenceController
09-29 23:00:58.320   886   900 D PrefCtrlListHelper: Could not find Context-only controller for pref: com.android.settings.accessibility.SavedHearingDevicePreferenceController
09-29 23:00:58.320   886   900 D PrefCtrlListHelper: Could not find Context-only controller for pref: com.android.settings.accessibility.HearingAidAudioRoutingPreferenceController
09-29 23:00:58.320   886   900 D PrefCtrlListHelper: Could not find Context-only controller for pref: com.android.settings.accessibility.HearingAidCompatibilityPreferenceController
09-29 23:00:58.320   886   900 D PrefCtrlListHelper: Could not find Context-only controller for pref: com.android.settings.accessibility.HearingDeviceFooterPreferenceController
09-29 23:00:58.330  2892  3588 D libEGL  : loaded /vendor/lib64/egl/libEGL_emulation.so
09-29 23:00:58.334   886   900 W libc    : Access denied finding property "ro.vendor.aware_available"
09-29 23:00:58.334   886   900 V SettingsSearchProvider: com.google.android.settings.aware.AwareDisplaySettings$1@feaa72c tried to add an empty non-indexable key
09-29 23:00:58.335   886   900 D PrefCtrlListHelper: Could not find Context-only controller for pref: com.google.android.settings.fuelgauge.reversecharging.ReverseChargingSwitchPreferenceController
09-29 23:00:58.337   886   900 D PrefCtrlListHelper: Could not find Context-only controller for pref: com.google.android.settings.fuelgauge.reversecharging.ReverseChargingTopIntroController
09-29 23:00:58.337   886   900 D PrefCtrlListHelper: Could not find Context-only controller for pref: com.google.android.settings.fuelgauge.reversecharging.ReverseChargingSeekBarController
09-29 23:00:58.337   886   900 D PrefCtrlListHelper: Could not find Context-only controller for pref: com.google.android.settings.fuelgauge.reversecharging.ReverseChargingAutoTurnOnSwitchPreferenceController
09-29 23:00:58.338   886   900 D PrefCtrlListHelper: Could not find Context-only controller for pref: com.android.settings.gestures.TapScreenGesturePreferenceController
09-29 23:00:58.338   886   900 D PrefCtrlListHelper: Could not find Context-only controller for pref: com.android.settings.applications.DefaultAppsPreferenceController
09-29 23:00:58.338   886   900 D PrefCtrlListHelper: Could not find Context-only controller for pref: com.android.settings.applications.ClonedAppsPreferenceController
09-29 23:00:58.338   886   900 D PrefCtrlListHelper: Could not find Context-only controller for pref: com.android.settings.applications.HibernatedAppsPreferenceController
09-29 23:00:58.338   886   900 D PrefCtrlListHelper: Could not find Context-only controller for pref: com.android.settings.applications.AppBatteryUsagePreferenceController
09-29 23:00:58.338   886   900 D PrefCtrlListHelper: Could not find Context-only controller for pref: com.android.settings.applications.SpecialAppAccessPreferenceController
09-29 23:00:58.338   886   900 W SettingsPrefController: Skipping updateNonIndexableKeys, key already in list. com.android.settings.applications.AppsPreferenceController@e44cc71
09-29 23:00:58.354  2892  2892 D CompatibilityChangeReporter: Compat change id reported: 210923482; UID 10182; state: DISABLED
09-29 23:00:58.356   886   900 D PrefCtrlListHelper: Could not find Context-only controller for pref: com.android.settings.notification.ConversationListSummaryPreferenceController
09-29 23:00:58.356   886   900 D PrefCtrlListHelper: Could not find Context-only controller for pref: com.android.settings.notification.BubbleSummaryNotificationPreferenceController
09-29 23:00:58.356   886   900 D PrefCtrlListHelper: Could not find Context-only controller for pref: com.android.settings.applications.specialaccess.notificationaccess.NotificationAccessController
09-29 23:00:58.356   886   900 D PrefCtrlListHelper: Could not find Context-only controller for pref: com.android.settings.notification.RedactNotificationPreferenceController
09-29 23:00:58.356  2892  2892 D CompatibilityChangeReporter: Compat change id reported: 37756858; UID 10182; state: ENABLED
09-29 23:00:58.358   886  1302 D PrefCtrlListHelper: Could not find Context-only controller for pref: com.android.settings.regionalpreferences.RegionalFooterPreferenceController
09-29 23:00:58.358   886  1302 D PrefCtrlListHelper: Could not find Context-only controller for pref: com.google.android.settings.fuelgauge.reversecharging.ReverseChargingSwitchPreferenceController
09-29 23:00:58.359   886  1302 D PrefCtrlListHelper: Could not find Context-only controller for pref: com.google.android.settings.fuelgauge.reversecharging.ReverseChargingTopIntroController
09-29 23:00:58.359   886  1302 D PrefCtrlListHelper: Could not find Context-only controller for pref: com.google.android.settings.fuelgauge.reversecharging.ReverseChargingSeekBarController
09-29 23:00:58.359   886  1302 D PrefCtrlListHelper: Could not find Context-only controller for pref: com.google.android.settings.fuelgauge.reversecharging.ReverseChargingAutoTurnOnSwitchPreferenceController
09-29 23:00:58.360   886  1302 D PrefCtrlListHelper: Could not find Context-only controller for pref: com.android.settings.display.darkmode.DarkModeActivationPreferenceController
09-29 23:00:58.360   886  1302 D PrefCtrlListHelper: Could not find Context-only controller for pref: com.android.settings.display.TwilightLocationPreferenceController
09-29 23:00:58.360   886  1302 D PrefCtrlListHelper: Could not find Context-only controller for pref: com.android.settings.display.darkmode.DarkModeScheduleSelectorController
09-29 23:00:58.360   886  1302 D PrefCtrlListHelper: Could not find Context-only controller for pref: com.android.settings.display.darkmode.DarkModeCustomBedtimePreferenceController
09-29 23:00:58.363  2892  3588 D libEGL  : loaded /vendor/lib64/egl/libGLESv1_CM_emulation.so
09-29 23:00:58.364   886   900 D PrefCtrlListHelper: Could not find Context-only controller for pref: com.android.settings.notification.RedactNotificationPreferenceController
09-29 23:00:58.366   886  1302 V OnDeviceRecognitionPreferenceController: Recognition service in the same package as the default on-device recognizer with settings activity: com.google.android.as/com.google.android.apps.miphone.aiai.speech.languagepacks.settings.ui.SettingsActivity.
09-29 23:00:58.366   886  1302 V OnDeviceRecognitionPreferenceController: Recognition service not in the same package as the default on-device recognizer: com.google.android.tts/com.google.android.apps.speech.tts.googletts.service.GoogleTTSRecognitionService.
09-29 23:00:58.367   886  1302 D PrefCtrlListHelper: Could not find Context-only controller for pref: com.android.settings.language.PhoneLanguagePreferenceController
09-29 23:00:58.367   886  1302 D PrefCtrlListHelper: Could not find Context-only controller for pref: com.android.settings.applications.appinfo.ManageAppLocalePreferenceController
09-29 23:00:58.367   886  1302 W PrefCtrlListHelper: Cannot instantiate controller from reflection: com.android.settings.applications.appinfo.ManageAppLocalePreferenceController
09-29 23:00:58.367   886  1302 D PrefCtrlListHelper: Could not find Context-only controller for pref: com.android.settings.regionalpreferences.RegionalPreferencesController
09-29 23:00:58.367   886  1302 D PrefCtrlListHelper: Could not find Context-only controller for pref: com.android.settings.language.OnDeviceRecognitionPreferenceController
09-29 23:00:58.367   886  1302 W PrefCtrlListHelper: on_device_recognition_settings already has a controller
09-29 23:00:58.367   886  1302 D PrefCtrlListHelper: Could not find Context-only controller for pref: com.google.android.settings.notification.ClearCallingTogglePreferenceController
09-29 23:00:58.367   886  1302 D PrefCtrlListHelper: Could not find Context-only controller for pref: com.google.android.settings.notification.ClearCallingFooterPreferenceController
09-29 23:00:58.367   886  1302 D PrefCtrlListHelper: Could not find Context-only controller for pref: com.android.settings.accessibility.MagnificationModePreferenceController
09-29 23:00:58.367   886  1302 D PrefCtrlListHelper: Could not find Context-only controller for pref: com.android.settings.accessibility.AccessibilityButtonPreferenceController
09-29 23:00:58.367   886  1302 D PrefCtrlListHelper: Could not find Context-only controller for pref: com.android.settings.accessibility.AccessibilityShortcutPreferenceController
09-29 23:00:58.371   886   900 D PrefCtrlListHelper: Could not find Context-only controller for pref: com.android.settings.biometrics.face.FaceSettingsLockscreenBypassPreferenceController
09-29 23:00:58.371   886   900 D PrefCtrlListHelper: Could not find Context-only controller for pref: com.android.settings.notification.zen.ZenModePreferenceController
09-29 23:00:58.372   886   900 D PrefCtrlListHelper: Could not find Context-only controller for pref: com.android.settings.notification.ShowOnlyUnseenNotificationsOnLockscreenPreferenceController
09-29 23:00:58.372   886   900 D PrefCtrlListHelper: Could not find Context-only controller for pref: com.android.settings.accessibility.FlashNotificationsPreferenceController
09-29 23:00:58.372   886   900 D PrefCtrlListHelper: Could not find Context-only controller for pref: com.android.settings.notification.SnoozeNotificationPreferenceController
09-29 23:00:58.372   886   900 D PrefCtrlListHelper: Could not find Context-only controller for pref: com.android.settings.notification.BadgingNotificationPreferenceController
09-29 23:00:58.372   886   900 D PrefCtrlListHelper: Could not find Context-only controller for pref: com.android.settings.notification.PulseNotificationPreferenceController
09-29 23:00:58.373   886  1302 D PrefCtrlListHelper: Could not find Context-only controller for pref: com.android.settings.biometrics.face.FaceSettingsLockscreenBypassPreferenceController
09-29 23:00:58.373   886  1302 D PrefCtrlListHelper: Could not find Context-only controller for pref: com.android.settings.users.AddUserWhenLockedPreferenceController
09-29 23:00:58.379  2892  3588 D libEGL  : loaded /vendor/lib64/egl/libGLESv2_emulation.so
09-29 23:00:58.399  1366  1387 I FuseDaemon: Background concurrent copying GC freed 43964(2397KB) AllocSpace objects, 15(300KB) LOS objects, 49% free, 2575KB/5151KB, paused 49us,25us total 2.053s
09-29 23:00:58.423  1197  2035 W .gms.persistent: Long monitor contention with owner highpool[0] (1268) at void android.database.sqlite.SQLiteConnectionPool.releaseConnection(android.database.sqlite.SQLiteConnection)(SQLiteConnectionPool.java:441) waiters=0 in android.database.sqlite.SQLiteConnection android.database.sqlite.SQLiteConnectionPool.waitForConnection(java.lang.String, int, android.os.CancellationSignal) for 350ms
09-29 23:00:58.432  1197  1282 W .gms.persistent: Long monitor contention with owner highpool[2] (1281) at void acea.execute(java.lang.Runnable)(:com.google.android.gms@231818044@23.18.18 (190400-535401451):0) waiters=0 in void acea.execute(java.lang.Runnable) for 630ms
09-29 23:00:58.433  1197  3076 W ChimeraUtils: Module com.google.android.gms.nearby_en missing resource null(0)
09-29 23:00:58.465  1197  3378 I Fitness : OnPackageChangedOperation got intent: Intent { act=android.intent.action.PACKAGE_CHANGED dat=package: flg=0x5000010 pkg=com.google.android.gms cmp=com.google.android.gms/.chimera.PersistentIntentOperationService (has extras) } [CONTEXT service_id=17 ]
09-29 23:00:58.477  1197  3360 I Fitness : FitCleanupIntentOperation received Intent android.intent.action.PACKAGE_CHANGED [CONTEXT service_id=17 ]
09-29 23:00:58.506  2892  2892 W ing.uiautomator: Accessing hidden method Landroid/view/View;->computeFitSystemWindows(Landroid/graphics/Rect;Landroid/graphics/Rect;)Z (unsupported, reflection, allowed)
09-29 23:00:58.506  2892  2892 W ing.uiautomator: Accessing hidden method Landroid/view/ViewGroup;->makeOptionalFitsSystemWindows()V (unsupported, reflection, allowed)
09-29 23:00:58.508   886  1302 D PrefCtrlListHelper: Could not find Context-only controller for pref: com.android.settings.display.WalletPrivacyPreferenceController
09-29 23:00:58.512  2892  2892 D LifecycleMonitor: Lifecycle status change: ru.netology.testing.uiautomator.MainActivity@3c587f0 in: CREATED
09-29 23:00:58.513  2892  2892 D LifecycleMonitor: Lifecycle status change: ru.netology.testing.uiautomator.MainActivity@3c587f0 in: STARTED
09-29 23:00:58.517  2892  2892 D LifecycleMonitor: Lifecycle status change: ru.netology.testing.uiautomator.MainActivity@3c587f0 in: RESUMED
09-29 23:00:58.537  2892  2892 D CompatibilityChangeReporter: Compat change id reported: 237531167; UID 10182; state: DISABLED
09-29 23:00:58.544  2892  2892 W OpenGLRenderer: Unknown dataspace 0
09-29 23:00:58.551  2210  2294 I d.process.media: Background concurrent copying GC freed 16073(755KB) AllocSpace objects, 0(0B) LOS objects, 49% free, 2111KB/4223KB, paused 42us,4us total 1.161s
09-29 23:00:58.556   886  1302 D PrefCtrlListHelper: Could not find Context-only controller for pref: com.android.settings.display.ControlsPrivacyPreferenceController
09-29 23:00:58.556   886  1302 D PrefCtrlListHelper: Could not find Context-only controller for pref: com.android.settings.display.ControlsTrivialPrivacyPreferenceController
09-29 23:00:58.556   886  1302 D PrefCtrlListHelper: Could not find Context-only controller for pref: com.android.settings.display.CustomizableLockScreenQuickAffordancesPreferenceController
09-29 23:00:58.556   886  1302 D PrefCtrlListHelper: Could not find Context-only controller for pref: com.android.settings.display.LockscreenClockPreferenceController
09-29 23:00:58.557   886  1302 D PrefCtrlListHelper: Could not find Context-only controller for pref: com.google.android.settings.display.LockscreenWeatherPreferenceController
09-29 23:00:58.557   886  1302 D PrefCtrlListHelper: Could not find Context-only controller for pref: com.android.settings.display.AmbientDisplayWhenToShowPreferenceController
09-29 23:00:58.557   886  1302 D PrefCtrlListHelper: Could not find Context-only controller for pref: com.android.settings.display.AmbientDisplayAlwaysOnPreferenceController
09-29 23:00:58.557   886  1302 D PrefCtrlListHelper: Could not find Context-only controller for pref: com.android.settings.gestures.TapScreenGesturePreferenceController
09-29 23:00:58.557   886  1302 D PrefCtrlListHelper: Could not find Context-only controller for pref: com.android.settings.gestures.DoubleTapScreenPreferenceController
09-29 23:00:58.557   886  1302 D PrefCtrlListHelper: Could not find Context-only controller for pref: com.android.settings.gestures.PickupGesturePreferenceController
09-29 23:00:58.557   886  1302 D PrefCtrlListHelper: Could not find Context-only controller for pref: com.android.settings.display.AmbientDisplayNotificationsPreferenceController
09-29 23:00:58.557   886  1302 D PrefCtrlListHelper: Could not find Context-only controller for pref: com.android.settings.applications.specialaccess.premiumsms.PremiumSmsScreenPreferenceController
09-29 23:00:58.558   886  1302 D PrefCtrlListHelper: Could not find Context-only controller for pref: com.android.settings.accessibility.DaltonizerPreferenceController
09-29 23:00:58.558   886  1302 D PrefCtrlListHelper: Could not find Context-only controller for pref: com.android.settings.accessibility.ColorInversionPreferenceController
09-29 23:00:58.558   886  1302 D PrefCtrlListHelper: Could not find Context-only controller for pref: com.android.settings.display.DarkUIPreferenceController
09-29 23:00:58.558   886  1302 D PrefCtrlListHelper: Could not find Context-only controller for pref: com.android.settings.accessibility.DisableAnimationsPreferenceController
09-29 23:00:58.558   886  1302 D PrefCtrlListHelper: Could not find Context-only controller for pref: com.android.settings.accessibility.LargePointerIconPreferenceController
09-29 23:00:58.558   886  1302 D PrefCtrlListHelper: Could not find Context-only controller for pref: com.android.settings.bluetooth.BluetoothDeviceRenamePreferenceController
09-29 23:00:58.558   886  1302 D PrefCtrlListHelper: Could not find Context-only controller for pref: com.android.settings.connecteddevice.AddDevicePreferenceController
09-29 23:00:58.570  3522  3582 I SP      : Registering ttsvoices.1842, url: null, constraints: *:*:*:*, flags: *, requested: 1842, current: 1842
09-29 23:00:58.572   886  1302 D PrefCtrlListHelper: Could not find Context-only controller for pref: com.android.settings.development.DevelopmentMemtagPreferenceController
09-29 23:00:58.572   886  1302 D PrefCtrlListHelper: Could not find Context-only controller for pref: com.android.settings.development.DevelopmentMemtagFooterPreferenceController
09-29 23:00:58.572   886  1302 W PrefCtrlListHelper: Cannot instantiate controller from reflection: com.android.settings.development.DevelopmentMemtagFooterPreferenceController
09-29 23:00:58.573   886  1302 D PrefCtrlListHelper: Could not find Context-only controller for pref: com.android.settings.fuelgauge.BatteryHeaderPreferenceController
09-29 23:00:58.574   886  1302 D PrefCtrlListHelper: Could not find Context-only controller for pref: com.android.settings.fuelgauge.batterytip.BatteryTipPreferenceController
09-29 23:00:58.574   886  1302 D PrefCtrlListHelper: Could not find Context-only controller for pref: com.google.android.settings.fuelgauge.adaptivecharging.AdaptiveChargingPreferenceController
09-29 23:00:58.575   886  1302 D PrefCtrlListHelper: Could not find Context-only controller for pref: com.google.android.settings.fuelgauge.reversecharging.ReverseChargingPreferenceController
09-29 23:00:58.575   886  1302 D PrefCtrlListHelper: Could not find Context-only controller for pref: com.android.settings.display.BatteryPercentagePreferenceController
09-29 23:00:58.576   886  1302 D PrefCtrlListHelper: Could not find Context-only controller for pref: com.android.settings.gestures.GestureNavigationSettingsAssistController
09-29 23:00:58.577   886  1302 D PrefCtrlListHelper: Could not find Context-only controller for pref: com.google.android.settings.fuelgauge.batterysaver.BatterySaverSchedulePreferenceController
09-29 23:00:58.577   886  1302 D PrefCtrlListHelper: Could not find Context-only controller for pref: com.android.settings.fuelgauge.batterysaver.BatterySaverStickyPreferenceController
09-29 23:00:58.577   886  1302 D PrefCtrlListHelper: Could not find Context-only controller for pref: com.google.android.settings.fuelgauge.batterysaver.BatterySaverReminderPreferenceController
09-29 23:00:58.578   886  1302 D PrefCtrlListHelper: Could not find Context-only controller for pref: com.android.settings.accessibility.AccessibilityTimeoutController
09-29 23:00:58.578   886  1302 D PrefCtrlListHelper: Could not find Context-only controller for pref: com.android.settings.accessibility.AccessibilityTimeoutController
09-29 23:00:58.578   886  1302 D PrefCtrlListHelper: Could not find Context-only controller for pref: com.android.settings.accessibility.AccessibilityTimeoutController
09-29 23:00:58.578   886  1302 D PrefCtrlListHelper: Could not find Context-only controller for pref: com.android.settings.accessibility.AccessibilityTimeoutController
09-29 23:00:58.578   886  1302 D PrefCtrlListHelper: Could not find Context-only controller for pref: com.android.settings.accessibility.AccessibilityTimeoutController
09-29 23:00:58.578   886  1302 D PrefCtrlListHelper: Could not find Context-only controller for pref: com.android.settings.accessibility.AccessibilityControlTimeoutFooterPreferenceController
09-29 23:00:58.583   886  1302 D PrefCtrlListHelper: Could not find Context-only controller for pref: com.google.android.settings.fuelgauge.adaptivecharging.AdaptiveChargingMainSwitchPreferenceController
09-29 23:00:58.583   886  1302 D PrefCtrlListHelper: Could not find Context-only controller for pref: com.google.android.settings.fuelgauge.adaptivecharging.AdaptiveChargingFooterPreferenceController
09-29 23:00:58.583   886  1302 D PrefCtrlListHelper: Could not find Context-only controller for pref: com.android.settings.deviceinfo.firmwareversion.FirmwareVersionDetailPreferenceController
09-29 23:00:58.583   886  1302 D PrefCtrlListHelper: Could not find Context-only controller for pref: com.android.settings.deviceinfo.firmwareversion.SecurityPatchLevelPreferenceController
09-29 23:00:58.584   886  1302 D PrefCtrlListHelper: Could not find Context-only controller for pref: com.android.settings.deviceinfo.firmwareversion.MainlineModuleVersionPreferenceController
09-29 23:00:58.584   886  1302 D PrefCtrlListHelper: Could not find Context-only controller for pref: com.android.settings.deviceinfo.firmwareversion.BasebandVersionPreferenceController
09-29 23:00:58.584   886  1302 D PrefCtrlListHelper: Could not find Context-only controller for pref: com.android.settings.deviceinfo.firmwareversion.KernelVersionPreferenceController
09-29 23:00:58.584   886  1302 D PrefCtrlListHelper: Could not find Context-only controller for pref: com.android.settings.deviceinfo.firmwareversion.SimpleBuildNumberPreferenceController
09-29 23:00:58.584   886  1302 D PrefCtrlListHelper: Could not find Context-only controller for pref: com.android.settings.accessibility.AvailableHearingDevicePreferenceController
09-29 23:00:58.585   886  1302 D PrefCtrlListHelper: Could not find Context-only controller for pref: com.android.settings.connecteddevice.AddDevicePreferenceController
09-29 23:00:58.585   886  1302 D PrefCtrlListHelper: Could not find Context-only controller for pref: com.android.settings.accessibility.SavedHearingDevicePreferenceController
09-29 23:00:58.585   886  1302 D PrefCtrlListHelper: Could not find Context-only controller for pref: com.android.settings.accessibility.HearingAidAudioRoutingPreferenceController
09-29 23:00:58.585   886  1302 D PrefCtrlListHelper: Could not find Context-only controller for pref: com.android.settings.accessibility.HearingAidCompatibilityPreferenceController
09-29 23:00:58.585   886  1302 D PrefCtrlListHelper: Could not find Context-only controller for pref: com.android.settings.accessibility.HearingDeviceFooterPreferenceController
09-29 23:00:58.588   886  1302 V WifiVerboseLogging: isVerboseLoggingEnabled:false
09-29 23:00:58.588   886  1302 V WifiManager: registerSoftApCallback: callback=com.android.settings.wifi.repository.WifiHotspotRepository$SoftApCallback@7b2229a, executor=android.os.HandlerExecutor@a7fd7cb
09-29 23:00:58.591   886  1302 D PrefControllerMixin: shouldHidePreference():false
09-29 23:00:58.591   886  1302 V WifiManager: registerSoftApCallback: callback=com.android.settings.wifi.tether.WifiTetherSecurityPreferenceController@e91b6c1, executor=android.os.HandlerExecutor@a7fd7cb
09-29 23:00:58.593   886  3579 V WifiManager: SoftApCallbackProxy on mode 1, send InfoChanged, newInfo: SoftApInfo{bandwidth= 0, frequency= 0, wifiStandard= 0, mApInstanceIdentifier= null, mIdleShutdownTimeoutMillis= 0}
09-29 23:00:58.593   886  3579 V WifiManager: SoftApCallbackProxy on mode 1, send InfoChanged, changedInfoList: []
09-29 23:00:58.593   886  3579 V WifiManager: SoftApCallbackProxy on mode 1, send onConnectedClientsChanged(clients): []
09-29 23:00:58.594   886  3579 V WifiManager: SoftApCallbackProxy on mode 1, send InfoChanged, newInfo: SoftApInfo{bandwidth= 0, frequency= 0, wifiStandard= 0, mApInstanceIdentifier= null, mIdleShutdownTimeoutMillis= 0}
09-29 23:00:58.594   886  3579 V WifiManager: SoftApCallbackProxy on mode 1, send InfoChanged, changedInfoList: []
09-29 23:00:58.594   886  3579 V WifiManager: SoftApCallbackProxy on mode 1, send onConnectedClientsChanged(clients): []
09-29 23:00:58.594   886   886 I wifi_tether_security: WPA3 SAE is not supported on this device
09-29 23:00:58.594   886   886 V WifiManager: unregisterSoftApCallback: callback=com.android.settings.wifi.tether.WifiTetherSecurityPreferenceController@e91b6c1
09-29 23:00:58.596   886  1302 D WifiTetherMaximizeCompatibilityPref: mShouldHidePreference:false
09-29 23:00:58.596   886  1302 D WifiTetherMaximizeCompatibilityPref: getBand:1
09-29 23:00:58.596   886  1302 D PrefCtrlListHelper: Could not find Context-only controller for pref: com.android.settings.accessibility.FlashNotificationsIntroPreferenceController
09-29 23:00:58.597   886  1302 D PrefCtrlListHelper: Could not find Context-only controller for pref: com.android.settings.accessibility.FlashNotificationIllustrationPreferenceController
09-29 23:00:58.597   886  1302 D PrefCtrlListHelper: Could not find Context-only controller for pref: com.android.settings.accessibility.CameraFlashNotificationPreferenceController
09-29 23:00:58.597   886  1302 D PrefCtrlListHelper: Could not find Context-only controller for pref: com.android.settings.accessibility.ScreenFlashNotificationPreferenceController
09-29 23:00:58.597   886  1302 D PrefCtrlListHelper: Could not find Context-only controller for pref: com.android.settings.accessibility.FlashNotificationsPreviewPreferenceController
09-29 23:00:58.597   886  1302 D PrefCtrlListHelper: Could not find Context-only controller for pref: com.android.settings.accessibility.FlashNotificationsFooterPreferenceController
09-29 23:00:58.597   886  1302 D PrefCtrlListHelper: Could not find Context-only controller for pref: com.android.settings.emergency.EmergencyGesturePreferenceController
09-29 23:00:58.598   886  1302 D PrefCtrlListHelper: Could not find Context-only controller for pref: com.android.settings.emergency.EmergencyGestureSoundPreferenceController
09-29 23:00:58.598   886  1302 D PrefCtrlListHelper: Could not find Context-only controller for pref: com.android.settings.emergency.EmergencyGestureNumberOverridePreferenceController
09-29 23:00:58.604   886  1302 D PrefCtrlListHelper: Could not find Context-only controller for pref: com.android.settings.language.UserDictionaryPreferenceController
09-29 23:00:58.605   886  1302 D PrefCtrlListHelper: Could not find Context-only controller for pref: com.android.settings.inputmethod.GameControllerPreferenceController
09-29 23:00:58.605   886  1302 D PrefCtrlListHelper: Could not find Context-only controller for pref: com.android.settings.core.WorkPreferenceController
09-29 23:00:58.619   886  1302 D PrefCtrlListHelper: Could not find Context-only controller for pref: com.android.settings.inputmethod.SpellCheckerForWorkPreferenceController
09-29 23:00:58.619   886  1302 W libc    : Access denied finding property "ro.vendor.aware_available"
09-29 23:00:58.620   886  1302 D PrefCtrlListHelper: Could not find Context-only controller for pref: com.android.settings.applications.specialaccess.interactacrossprofiles.InteractAcrossProfilesController
09-29 23:00:58.620   886  1302 W PrefCtrlListHelper: Controller requires key but it's not defined in xml: com.android.settings.applications.specialaccess.interactacrossprofiles.InteractAcrossProfilesController
09-29 23:00:58.620   886  1302 D PrefCtrlListHelper: Could not find Context-only controller for pref: com.android.settings.biometrics.combination.BiometricFaceStatusPreferenceController
09-29 23:00:58.620   886  1302 D PrefCtrlListHelper: Could not find Context-only controller for pref: com.android.settings.biometrics.combination.BiometricFingerprintStatusPreferenceController
09-29 23:00:58.621   886  1302 I ActiveUnlockStatusUtils: authority not set
09-29 23:00:58.621   886  1302 I ActiveUnlockStatusUtils: authority not set
09-29 23:00:58.621   886  1302 I ActiveUnlockStatusUtils: authority not set
09-29 23:00:58.621   886  1302 D PrefCtrlListHelper: Could not find Context-only controller for pref: com.android.settings.biometrics.combination.BiometricSettingsKeyguardPreferenceController
09-29 23:00:58.621   886  1302 D PrefCtrlListHelper: Could not find Context-only controller for pref: com.android.settings.biometrics.combination.BiometricSettingsAppPreferenceController
09-29 23:00:58.622   886  1302 D PrefCtrlListHelper: Could not find Context-only controller for pref: com.android.settings.deviceinfo.legal.CopyrightPreferenceController
09-29 23:00:58.622   886  1302 D PrefCtrlListHelper: Could not find Context-only controller for pref: com.android.settings.deviceinfo.legal.LicensePreferenceController
09-29 23:00:58.622   886  1302 D PrefCtrlListHelper: Could not find Context-only controller for pref: com.android.settings.deviceinfo.legal.TermsPreferenceController
09-29 23:00:58.622   886  1302 D PrefCtrlListHelper: Could not find Context-only controller for pref: com.android.settings.deviceinfo.legal.ModuleLicensesListPreferenceController
09-29 23:00:58.622   886  1302 D PrefCtrlListHelper: Could not find Context-only controller for pref: com.android.settings.deviceinfo.legal.WebViewLicensePreferenceController
09-29 23:00:58.622   886  1302 D PrefCtrlListHelper: Could not find Context-only controller for pref: com.google.android.settings.deviceinfo.legal.SourceCodeController
09-29 23:00:58.622   886  1302 D PrefCtrlListHelper: Could not find Context-only controller for pref: com.android.settings.deviceinfo.legal.WallpaperAttributionsPreferenceController
09-29 23:00:58.623   886  1302 E ScreenResolutionController: No support
09-29 23:00:58.623   886  1302 D PrefCtrlListHelper: Could not find Context-only controller for pref: com.android.settings.accessibility.AccessibilityButtonPreviewPreferenceController
09-29 23:00:58.623   886  1302 D PrefCtrlListHelper: Could not find Context-only controller for pref: com.android.settings.accessibility.AccessibilityButtonLocationPreferenceController
09-29 23:00:58.623   886  1302 D PrefCtrlListHelper: Could not find Context-only controller for pref: com.android.settings.accessibility.AccessibilityButtonGesturePreferenceController
09-29 23:00:58.623   886  1302 D PrefCtrlListHelper: Could not find Context-only controller for pref: com.android.settings.accessibility.FloatingMenuSizePreferenceController
09-29 23:00:58.623   886  1302 D PrefCtrlListHelper: Could not find Context-only controller for pref: com.android.settings.accessibility.FloatingMenuFadePreferenceController
09-29 23:00:58.624   886  1302 D PrefCtrlListHelper: Could not find Context-only controller for pref: com.android.settings.accessibility.FloatingMenuTransparencyPreferenceController
09-29 23:00:58.624   886  1302 D PrefCtrlListHelper: Could not find Context-only controller for pref: com.android.settings.accessibility.AccessibilityButtonFooterPreferenceController
09-29 23:00:58.624   886  1302 W libc    : Access denied finding property "ro.vendor.aware_available"
09-29 23:00:58.624   886  1302 D PrefCtrlListHelper: Could not find Context-only controller for pref: com.android.settings.fuelgauge.batterysaver.BatterySaverButtonPreferenceController
09-29 23:00:58.624   886  1302 D PrefCtrlListHelper: Could not find Context-only controller for pref: com.google.android.settings.fuelgauge.batterysaver.BatterySaverModePreferenceController
09-29 23:00:58.624   886  1302 D PrefCtrlListHelper: Could not find Context-only controller for pref: com.google.android.settings.fuelgauge.batterysaver.AdaptiveBatteryExpandController
09-29 23:00:58.624   886  1302 D PrefCtrlListHelper: Could not find Context-only controller for pref: com.google.android.settings.fuelgauge.batterysaver.BatterySaverFooterPreferenceController
09-29 23:00:58.625   886  1302 D PrefCtrlListHelper: Could not find Context-only controller for pref: com.android.settings.gestures.AssistGestureSettingsPreferenceController
09-29 23:00:58.625   886  1302 D AssistGesture: mAssistOnly:false, isSupported:false, isSensorAvailable:false
09-29 23:00:58.625   886  1302 D PrefCtrlListHelper: Could not find Context-only controller for pref: com.android.settings.datausage.UnrestrictedDataAccessPreferenceController
09-29 23:00:58.626   886  1302 D PrefCtrlListHelper: Could not find Context-only controller for pref: com.android.settings.network.NetworkProviderSimsCategoryController
09-29 23:00:58.626   886  1302 W PrefCtrlListHelper: Cannot instantiate controller from reflection: com.android.settings.network.NetworkProviderSimsCategoryController
09-29 23:00:58.626   886  1302 D PrefCtrlListHelper: Could not find Context-only controller for pref: com.android.settings.gestures.SystemNavigationPreferenceController
09-29 23:00:58.626   886  1302 D PrefCtrlListHelper: Could not find Context-only controller for pref: com.android.settings.gestures.OneHandedEnablePreferenceController
09-29 23:00:58.626   886  1302 D PrefCtrlListHelper: Could not find Context-only controller for pref: com.android.settings.accessibility.PowerButtonEndsCallPreferenceController
09-29 23:00:58.626   886  1302 D PrefCtrlListHelper: Could not find Context-only controller for pref: com.android.settings.accessibility.LockScreenRotationPreferenceController
09-29 23:00:58.626   886  1302 D PrefCtrlListHelper: Could not find Context-only controller for pref: com.android.settings.display.DeviceStateAutoRotateOverviewController
09-29 23:00:58.636   886  1302 D PrefCtrlListHelper: Could not find Context-only controller for pref: com.android.settings.users.MultiUserTopIntroPreferenceController
09-29 23:00:58.639   886  1302 D PrefCtrlListHelper: Could not find Context-only controller for pref: com.android.settings.users.TimeoutToDockUserPreferenceController
09-29 23:00:58.639   886  1302 D PrefCtrlListHelper: Could not find Context-only controller for pref: com.android.settings.deviceinfo.hardwareinfo.DeviceModelPreferenceController
09-29 23:00:58.639   886  1302 D PrefCtrlListHelper: Could not find Context-only controller for pref: com.android.settings.deviceinfo.hardwareinfo.SerialNumberPreferenceController
09-29 23:00:58.639   886  1302 D PrefCtrlListHelper: Could not find Context-only controller for pref: com.android.settings.deviceinfo.hardwareinfo.HardwareRevisionPreferenceController
09-29 23:00:58.639   886  1302 D PrefCtrlListHelper: Could not find Context-only controller for pref: com.android.settings.deviceinfo.hardwareinfo.ManufacturedYearPreferenceController
09-29 23:00:58.647   886  1302 E HardwareInfoFeatureProviderImpl: Could not parse manufactured year from serial.
09-29 23:00:58.647   886  1302 E HardwareInfoFeatureProviderImpl: java.lang.NumberFormatException: For input string: "E"
09-29 23:00:58.647   886  1302 E HardwareInfoFeatureProviderImpl: 	at java.lang.Integer.parseInt(Integer.java:797)
09-29 23:00:58.647   886  1302 E HardwareInfoFeatureProviderImpl: 	at java.lang.Integer.valueOf(Integer.java:1128)
09-29 23:00:58.647   886  1302 E HardwareInfoFeatureProviderImpl: 	at com.google.android.settings.deviceinfo.hardwareinfo.HardwareInfoFeatureProviderGoogleImpl.getManufacturedYear(HardwareInfoFeatureProviderGoogleImpl.kt:22)
09-29 23:00:58.647   886  1302 E HardwareInfoFeatureProviderImpl: 	at com.android.settings.deviceinfo.hardwareinfo.ManufacturedYearPreferenceController.<init>(ManufacturedYearPreferenceController.kt:26)
09-29 23:00:58.647   886  1302 E HardwareInfoFeatureProviderImpl: 	at java.lang.reflect.Constructor.newInstance0(Native Method)
09-29 23:00:58.647   886  1302 E HardwareInfoFeatureProviderImpl: 	at java.lang.reflect.Constructor.newInstance(Constructor.java:343)
09-29 23:00:58.647   886  1302 E HardwareInfoFeatureProviderImpl: 	at com.android.settings.core.BasePreferenceController.createInstance(BasePreferenceController.java:187)
09-29 23:00:58.647   886  1302 E HardwareInfoFeatureProviderImpl: 	at com.android.settings.core.PreferenceControllerListHelper.getPreferenceControllersFromXml(PreferenceControllerListHelper.java:83)
09-29 23:00:58.647   886  1302 E HardwareInfoFeatureProviderImpl: 	at com.android.settings.search.BaseSearchIndexProvider.getPreferenceControllers(BaseSearchIndexProvider.java:149)
09-29 23:00:58.647   886  1302 E HardwareInfoFeatureProviderImpl: 	at com.android.settings.search.BaseSearchIndexProvider.getDynamicRawDataToIndex(BaseSearchIndexProvider.java:87)
09-29 23:00:58.647   886  1302 E HardwareInfoFeatureProviderImpl: 	at com.android.settings.search.SettingsSearchIndexablesProvider.getDynamicSearchIndexableRawData(SettingsSearchIndexablesProvider.java:379)
09-29 23:00:58.647   886  1302 E HardwareInfoFeatureProviderImpl: 	at com.android.settings.search.SettingsSearchIndexablesProvider.queryDynamicRawData(SettingsSearchIndexablesProvider.java:180)
09-29 23:00:58.647   886  1302 E HardwareInfoFeatureProviderImpl: 	at android.provider.SearchIndexablesProvider.query(SearchIndexablesProvider.java:133)
09-29 23:00:58.647   886  1302 E HardwareInfoFeatureProviderImpl: 	at android.content.ContentProvider.query(ContentProvider.java:1596)
09-29 23:00:58.647   886  1302 E HardwareInfoFeatureProviderImpl: 	at android.content.ContentProvider.query(ContentProvider.java:1692)
09-29 23:00:58.647   886  1302 E HardwareInfoFeatureProviderImpl: 	at android.content.ContentProvider$Transport.query(ContentProvider.java:292)
09-29 23:00:58.647   886  1302 E HardwareInfoFeatureProviderImpl: 	at android.content.ContentProviderNative.onTransact(ContentProviderNative.java:107)
09-29 23:00:58.647   886  1302 E HardwareInfoFeatureProviderImpl: 	at android.os.Binder.execTransactInternal(Binder.java:1339)
09-29 23:00:58.647   886  1302 E HardwareInfoFeatureProviderImpl: 	at android.os.Binder.execTransact(Binder.java:1275)
09-29 23:00:58.654   886  1302 W libc    : Access denied finding property "ro.vendor.aware_available"
09-29 23:00:58.654   886  1302 D PrefCtrlListHelper: Could not find Context-only controller for pref: com.android.settings.location.RecentLocationAccessSeeAllPreferenceController
09-29 23:00:58.655   886  1302 D PrefCtrlListHelper: Could not find Context-only controller for pref: com.android.settings.applications.specialaccess.notificationaccess.NotificationAccessScreenPreferenceController
09-29 23:00:58.655   886  1302 D PrefCtrlListHelper: Could not find Context-only controller for pref: com.android.settings.applications.specialaccess.interactacrossprofiles.InteractAcrossProfilesController
09-29 23:00:58.655   886  1302 D PrefCtrlListHelper: Could not find Context-only controller for pref: com.android.settings.enterprise.ManageDeviceAdminPreferenceController
09-29 23:00:58.656   886  1302 D PrefCtrlListHelper: Could not find Context-only controller for pref: com.google.android.settings.applications.specialaccess.DebuggingDataPreferenceController
09-29 23:00:58.656   886  1302 D PrefCtrlListHelper: Could not find Context-only controller for pref: com.android.settings.applications.specialaccess.SystemAlertWindowPreferenceController
09-29 23:00:58.656   886  1302 D PrefCtrlListHelper: Could not find Context-only controller for pref: com.android.settings.applications.specialaccess.zenaccess.ZenAccessController
09-29 23:00:58.656   886  1302 D PrefCtrlListHelper: Could not find Context-only controller for pref: com.android.settings.applications.specialaccess.notificationaccess.NotificationAccessController
09-29 23:00:58.656   886  1302 D PrefCtrlListHelper: Could not find Context-only controller for pref: com.android.settings.spa.app.specialaccess.UseFullScreenIntentPreferenceController
09-29 23:00:58.656   886  1302 D PrefCtrlListHelper: Could not find Context-only controller for pref: com.android.settings.applications.specialaccess.pictureinpicture.PictureInPictureController
09-29 23:00:58.656   886  1302 D PrefCtrlListHelper: Could not find Context-only controller for pref: com.android.settings.applications.specialaccess.premiumsms.PremiumSmsController
09-29 23:00:58.656   886  1302 D PrefCtrlListHelper: Could not find Context-only controller for pref: com.android.settings.applications.specialaccess.DataSaverController
09-29 23:00:58.656   886  1302 D PrefCtrlListHelper: Could not find Context-only controller for pref: com.android.settings.applications.specialaccess.vrlistener.EnabledVrListenersController
09-29 23:00:58.656   886  1302 D PrefCtrlListHelper: Could not find Context-only controller for pref: com.android.settings.applications.specialaccess.MoreSpecialAccessPreferenceController
09-29 23:00:58.657   886  1302 D PrefCtrlListHelper: Could not find Context-only controller for pref: com.android.settings.nfc.NfcTagAppsPreferenceController
09-29 23:00:58.659   886  1302 V NFC     : this device does not have NFC support
09-29 23:00:58.665   886  1302 D PrefCtrlListHelper: Could not find Context-only controller for pref: com.android.settings.development.transcode.TranscodeUserControlPreferenceController
09-29 23:00:58.665   886  1302 D PrefCtrlListHelper: Could not find Context-only controller for pref: com.android.settings.development.transcode.TranscodeGlobalTogglePreferenceController
09-29 23:00:58.665   886  1302 D PrefCtrlListHelper: Could not find Context-only controller for pref: com.android.settings.development.transcode.TranscodeDefaultOptionPreferenceController
09-29 23:00:58.665   886  1302 D PrefCtrlListHelper: Could not find Context-only controller for pref: com.android.settings.development.transcode.TranscodeNotificationPreferenceController
09-29 23:00:58.665   886  1302 D PrefCtrlListHelper: Could not find Context-only controller for pref: com.android.settings.development.transcode.TranscodeDisableCachePreferenceController
09-29 23:00:58.666   886  1302 D PrefCtrlListHelper: Could not find Context-only controller for pref: com.android.settings.development.featureflags.FeatureFlagsPreferenceController
09-29 23:00:58.666   886  1302 D PrefCtrlListHelper: Could not find Context-only controller for pref: com.android.settings.deviceinfo.storage.StorageSelectionPreferenceController
09-29 23:00:58.666   886  1302 D PrefCtrlListHelper: Could not find Context-only controller for pref: com.android.settings.deviceinfo.storage.StorageUsageProgressBarPreferenceController
09-29 23:00:58.666   886  1302 D PrefCtrlListHelper: Could not find Context-only controller for pref: com.android.settings.deviceinfo.storage.AutomaticStorageManagementSwitchPreferenceController
09-29 23:00:58.666   886  1302 D PrefCtrlListHelper: Could not find Context-only controller for pref: com.android.settings.deviceinfo.storage.ManageStoragePreferenceController
09-29 23:00:58.667   886  1302 D PrefCtrlListHelper: Could not find Context-only controller for pref: com.android.settings.wifi.CellularFallbackPreferenceController
09-29 23:00:58.668   886  1302 W OemUnlockPreferenceController: oem_unlock not supported.
09-29 23:00:58.668   886  1302 D ForcePeakRefreshRateCtr: DEFAULT_REFRESH_RATE : 60.0 mPeakRefreshRate : 60.0
09-29 23:00:58.674   377   526 W ServiceManagerCppClient: Permission failure: android.permission.ROTATE_SURFACE_FLINGER from uid=10182 pid=2892
09-29 23:00:58.674   377   526 D PermissionCache: checking android.permission.ROTATE_SURFACE_FLINGER for uid=10182 => denied (91 us)
09-29 23:00:58.674   377   526 W ServiceManagerCppClient: Permission failure: android.permission.INTERNAL_SYSTEM_WINDOW from uid=10182 pid=2892
09-29 23:00:58.674   377   526 D PermissionCache: checking android.permission.INTERNAL_SYSTEM_WINDOW for uid=10182 => denied (454 us)
09-29 23:00:58.675   377   526 W ServiceManagerCppClient: Permission failure: android.permission.ACCESS_SURFACE_FLINGER from uid=10182 pid=2892
09-29 23:00:58.675   377   526 D PermissionCache: checking android.permission.ACCESS_SURFACE_FLINGER for uid=10182 => denied (497 us)
09-29 23:00:58.678   377   466 W ServiceManagerCppClient: Permission failure: android.permission.ROTATE_SURFACE_FLINGER from uid=10182 pid=0
09-29 23:00:58.678   377   466 D PermissionCache: checking android.permission.ROTATE_SURFACE_FLINGER for uid=10182 => denied (4624 us)
09-29 23:00:58.680   886  1302 W BaseSearchIndex: Error initial controller
09-29 23:00:58.681   886  1302 D PrefCtrlListHelper: Could not find Context-only controller for pref: com.android.settings.notification.ImportanceResetPreferenceController
09-29 23:00:58.681   886  1302 D PrefCtrlListHelper: Could not find Context-only controller for pref: com.android.settings.location.LocationIndicatorsPreferenceController
09-29 23:00:58.689   886  1302 D PrefCtrlListHelper: Could not find Context-only controller for pref: com.android.settings.applications.specialaccess.pictureinpicture.PictureInPictureScreenPreferenceController
09-29 23:00:58.689   886  1302 D PrefCtrlListHelper: Could not find Context-only controller for pref: com.android.settings.gestures.AssistGestureSettingsPreferenceController
09-29 23:00:58.689   886  1302 D AssistGesture: mAssistOnly:false, isSupported:false, isSensorAvailable:false
09-29 23:00:58.689   886  1302 D PrefCtrlListHelper: Could not find Context-only controller for pref: com.android.settings.gestures.SwipeToNotificationPreferenceController
09-29 23:00:58.689   886  1302 D PrefCtrlListHelper: Could not find Context-only controller for pref: com.android.settings.gestures.DoubleTapPowerPreferenceController
09-29 23:00:58.689   886  1302 D PrefCtrlListHelper: Could not find Context-only controller for pref: com.android.settings.gestures.DoubleTwistPreferenceController
09-29 23:00:58.689   886  1302 D PrefCtrlListHelper: Could not find Context-only controller for pref: com.android.settings.gestures.OneHandedEnablePreferenceController
09-29 23:00:58.689   886  1302 D PrefCtrlListHelper: Could not find Context-only controller for pref: com.android.settings.gestures.TapScreenGesturePreferenceController
09-29 23:00:58.689   886  1302 D PrefCtrlListHelper: Could not find Context-only controller for pref: com.android.settings.gestures.DoubleTapScreenPreferenceController
09-29 23:00:58.689   886  1302 D PrefCtrlListHelper: Could not find Context-only controller for pref: com.android.settings.gestures.PickupGesturePreferenceController
09-29 23:00:58.689   886  1302 D PrefCtrlListHelper: Could not find Context-only controller for pref: com.android.settings.gestures.PowerMenuPreferenceController
09-29 23:00:58.689   886  1302 D PrefCtrlListHelper: Could not find Context-only controller for pref: com.android.settings.gestures.PreventRingingParentPreferenceController
09-29 23:00:58.689   886  1302 D AssistGesture: mAssistOnly:false, isSupported:false, isSensorAvailable:false
09-29 23:00:58.689   886  1302 D AssistGesture: mAssistOnly:false, isSupported:false, isSensorAvailable:false
09-29 23:00:58.689   886  1302 D PrefCtrlListHelper: Could not find Context-only controller for pref: com.android.settings.accessibility.CaptioningLocalePreferenceController
09-29 23:00:58.689   886  1302 D PrefCtrlListHelper: Could not find Context-only controller for pref: com.android.settings.accessibility.CaptioningFooterPreferenceController
09-29 23:00:58.691   886  1302 D PrefCtrlListHelper: Could not find Context-only controller for pref: com.android.settings.inputmethod.ModifierKeysPreferenceController
09-29 23:00:58.692   886  1302 D PrefCtrlListHelper: Could not find Context-only controller for pref: com.android.settings.inputmethod.ModifierKeysRestorePreferenceController
09-29 23:00:58.693   886  1302 D PrefCtrlListHelper: Could not find Context-only controller for pref: com.android.settings.applications.managedomainurls.WebActionCategoryController
09-29 23:00:58.693   886  1302 D PrefCtrlListHelper: Could not find Context-only controller for pref: com.android.settings.applications.managedomainurls.InstantAppWebActionPreferenceController
09-29 23:00:58.693   886  1302 D PrefCtrlListHelper: Could not find Context-only controller for pref: com.android.settings.applications.managedomainurls.InstantAppAccountPreferenceController
09-29 23:00:58.694   886  1302 D PrefCtrlListHelper: Could not find Context-only controller for pref: com.android.settings.applications.managedomainurls.DomainAppPreferenceController
09-29 23:00:58.701  2892  3586 W OpenGLRenderer: Failed to choose config with EGL_SWAP_BEHAVIOR_PRESERVED, retrying without...
09-29 23:00:58.701  2892  3586 W OpenGLRenderer: Failed to initialize 101010-2 format, error = EGL_SUCCESS
09-29 23:00:58.711   886  1302 D FaceSettings: FaceManager is not null. Hardware detected: true
09-29 23:00:58.712   886  1302 D PrefCtrlListHelper: Could not find Context-only controller for pref: com.android.settings.gestures.TapScreenGesturePreferenceController
09-29 23:00:58.713   886  1302 D PrefCtrlListHelper: Could not find Context-only controller for pref: com.android.settings.accessibility.PrimaryMonoPreferenceController
09-29 23:00:58.717   886  1302 D PrefCtrlListHelper: Could not find Context-only controller for pref: com.android.settings.network.telephony.MobileNetworkSwitchController
