09-29 23:36:56.192  5141  5163 I TestRunner: started: testStartNewActivityAndVerifyText(ru.netology.testing.uiautomator.ChangeTextTest)
09-29 23:36:56.194  5141  5141 D LifecycleMonitor: Lifecycle status change: ru.netology.testing.uiautomator.MainActivity@4f60aae in: DESTROYED
09-29 23:36:56.194  5141  5141 W WindowOnBackDispatcher: sendCancelIfRunning: isInProgress=falsecallback=android.view.ViewRootImpl$$ExternalSyntheticLambda17@5abce32
09-29 23:36:56.207   543  1731 W InputManager-JNI: Input channel object 'e93c93 ru.netology.testing.uiautomator/ru.netology.testing.uiautomator.MainActivity (client)' was disposed without first being removed with the input manager!
09-29 23:36:56.387   543   552 I system_server: NativeAlloc concurrent copying GC freed 375159(12MB) AllocSpace objects, 7(140KB) LOS objects, 46% free, 27MB/51MB, paused 65us,25us total 166.445ms
09-29 23:36:56.746  1019  1019 D TaplTarget: Launcher.onNewIntent: Intent { act=android.intent.action.MAIN cat=[android.intent.category.HOME] flg=0x10000100 cmp=com.google.android.apps.nexuslauncher/.NexusLauncherActivity (has extras) }
09-29 23:36:56.751   543  1514 W AppSearchIcing: icing-search-engine.cc:283: Error: 5, Message: Document (com.google.android.googlequicksearchbox$OneSearchZeroStateGoogleSuggestions/default, zp) not found.
09-29 23:36:56.754  1019  1693 D OneSearchSuggestProvider: Established or reuse existing binder channel authority=com.google.android.googlequicksearchbox
09-29 23:36:56.772   750   948 D KeyguardService: setOccluded(false)
09-29 23:36:56.773   750   948 D KeyguardViewMediator: setOccluded(false)
09-29 23:36:56.781  1389  1712 I AiAiEcho: Predicting[0]:
09-29 23:36:56.782  1389  1712 I AiAiEcho: EchoTargets:
09-29 23:36:56.782  1389  1712 I AiAiEcho: Filtered by AiAi flag check:
09-29 23:36:56.785  1389  1712 I AiAiEcho: Ranked targets strategy: SORT, count: 0, ranking metadata:
09-29 23:36:56.790   750   750 I vol.VolumeDialogImpl: mDialog.dismiss() reason: volume_controller from: com.android.systemui.volume.VolumeDialogImpl$7.onDismissRequested:3
09-29 23:36:56.793   750   750 D KeyguardViewMediator: handleSetOccluded(false)
09-29 23:36:56.795  1019  1019 D SearchTargetUtil:  query= size=0
09-29 23:36:56.795  1389  1712 I AiAiEcho: #postPredictionTargets: Sending updates to UISurface home with targets# 0 (types=[])
09-29 23:36:56.800   750   750 I vol.VolumeDialogImpl: mDialog.dismiss() reason: volume_controller from: com.android.systemui.volume.VolumeDialogImpl$7.onDismissRequested:3
09-29 23:36:56.800   750   750 D vol.VolumeDialogImpl: dismissH: skipping dismiss because isAnimatingDismiss is true and showingStateInconsistent is false
09-29 23:36:57.785  5141  5163 W InteractionController: runAndwaitForEvents timed out waiting for events
09-29 23:36:57.857   320  2980 D android.hardware.audio@7.1-impl.ranchu: threadLoop: entering standby, frames: 1121472
09-29 23:36:59.648   900   900 D SubscriptionUtil: getSelectableSubscriptionInfoList: [[SubscriptionInfo: id=1 iccId=89860318640220133897 simSlotIndex=0 portIndex=0 isEmbedded=false carrierId=1 displayName=T-Mobile carrierName=T-Mobile isOpportunistic=false groupUuid=null groupOwner= isGroupDisabled=false displayNameSource=CARRIER iconTint=-9033797 number=+15551234567 dataRoaming=0 mcc=310 mnc=260 ehplmns=[] hplmns=[] cardString=89860318640220133897 cardId=0 nativeAccessRules=null carrierConfigAccessRules=[cert: 92B5F8117FBD9BD5738FF168A4FA12CBE284BE834EDE1A7BB44DD8455BA15920 pkg: null access: 0, cert: 3D1A4BEF6EE7AF7D34D120E7B1AAC0DD245585DE6237CF100F68333AFACFF562 pkg: null access: 0, cert: 6892793FC413019D2DF609DFED7AF622D0F2D8FCF96EFA7E3FB87EEA34E10B93 pkg: null access: 0, cert: 7B68FD9D4E7610C9CB35FC0C6CC06EA04C6906E3DFA9F48F9A05460AF36BFFFC pkg: null access: 0] countryIso=us profileClass=-1 mType=LOCAL_SIM areUiccApplicationsEnabled=true usageSetting=DEFAULT]]
09-29 23:36:59.650   900   900 D SubscriptionUtil: getSelectableSubscriptionInfoList: [[SubscriptionInfo: id=1 iccId=89860318640220133897 simSlotIndex=0 portIndex=0 isEmbedded=false carrierId=1 displayName=T-Mobile carrierName=T-Mobile isOpportunistic=false groupUuid=null groupOwner= isGroupDisabled=false displayNameSource=CARRIER iconTint=-9033797 number=+15551234567 dataRoaming=0 mcc=310 mnc=260 ehplmns=[] hplmns=[] cardString=89860318640220133897 cardId=0 nativeAccessRules=null carrierConfigAccessRules=[cert: 92B5F8117FBD9BD5738FF168A4FA12CBE284BE834EDE1A7BB44DD8455BA15920 pkg: null access: 0, cert: 3D1A4BEF6EE7AF7D34D120E7B1AAC0DD245585DE6237CF100F68333AFACFF562 pkg: null access: 0, cert: 6892793FC413019D2DF609DFED7AF622D0F2D8FCF96EFA7E3FB87EEA34E10B93 pkg: null access: 0, cert: 7B68FD9D4E7610C9CB35FC0C6CC06EA04C6906E3DFA9F48F9A05460AF36BFFFC pkg: null access: 0] countryIso=us profileClass=-1 mType=LOCAL_SIM areUiccApplicationsEnabled=true usageSetting=DEFAULT]]
09-29 23:36:59.650   900   900 D SubscriptionUtil: getSelectableSubscriptionInfoList: [[SubscriptionInfo: id=1 iccId=89860318640220133897 simSlotIndex=0 portIndex=0 isEmbedded=false carrierId=1 displayName=T-Mobile carrierName=T-Mobile isOpportunistic=false groupUuid=null groupOwner= isGroupDisabled=false displayNameSource=CARRIER iconTint=-9033797 number=+15551234567 dataRoaming=0 mcc=310 mnc=260 ehplmns=[] hplmns=[] cardString=89860318640220133897 cardId=0 nativeAccessRules=null carrierConfigAccessRules=[cert: 92B5F8117FBD9BD5738FF168A4FA12CBE284BE834EDE1A7BB44DD8455BA15920 pkg: null access: 0, cert: 3D1A4BEF6EE7AF7D34D120E7B1AAC0DD245585DE6237CF100F68333AFACFF562 pkg: null access: 0, cert: 6892793FC413019D2DF609DFED7AF622D0F2D8FCF96EFA7E3FB87EEA34E10B93 pkg: null access: 0, cert: 7B68FD9D4E7610C9CB35FC0C6CC06EA04C6906E3DFA9F48F9A05460AF36BFFFC pkg: null access: 0] countryIso=us profileClass=-1 mType=LOCAL_SIM areUiccApplicationsEnabled=true usageSetting=DEFAULT]]
09-29 23:36:59.660   750   750 D StatusBarIconController: ignoring old pipeline callbacks, because the new mobile icons are enabled
09-29 23:37:00.033  1389  1712 I AiAiEcho: Predicting[0]:
09-29 23:37:00.033  1389  1712 I AiAiEcho: EchoTargets:
09-29 23:37:00.033  1389  1712 I AiAiEcho: Filtered by AiAi flag check:
09-29 23:37:00.034  1389  1712 I AiAiEcho: Ranked targets strategy: SORT, count: 0, ranking metadata:
09-29 23:37:00.034  1389  1712 I AiAiEcho: #postPredictionTargets: Sending updates to UISurface lockscreen with targets# 0 (types=[])
09-29 23:37:00.036   750   866 D EGL_emulation: app_time_stats: avg=550.92ms min=5.73ms max=6812.51ms count=13
09-29 23:37:00.040   750   750 W PageIndicator: Total number of pages invalid: 0. Assuming 1 page.
09-29 23:37:03.698   750   863 D SplashScreenView: Build android.window.SplashScreenView{b5306b0 V.E...... ......ID 0,0-0,0}
09-29 23:37:03.698   750   863 D SplashScreenView: Icon: view: null drawable: null size: 0
09-29 23:37:03.698   750   863 D SplashScreenView: Branding: view: android.view.View{a83a929 G.ED..... ......I. 0,0-0,0 #10204ef android:id/splashscreen_branding_view} drawable: null size w: 0 h: 0
09-29 23:37:03.730   750   866 E OpenGLRenderer: Unable to match the desired swap behavior.
09-29 23:37:03.733   362   362 I BpBinder: onLastStrongRef automatically unlinking death recipients:
09-29 23:37:03.787  5141  5141 D LifecycleMonitor: Lifecycle status change: ru.netology.testing.uiautomator.MainActivity@bc69c0 in: PRE_ON_CREATE
09-29 23:37:03.808  1019  1611 D EGL_emulation: app_time_stats: avg=216.10ms min=1.58ms max=7645.18ms count=37
09-29 23:37:03.819  5141  5141 D AutofillManager: Fill dialog is enabled:false, hints=[password, passwordAuto, creditCardNumber, creditCardSecurityCode, creditCardExpirationDate]
09-29 23:37:03.826  1490  1490 I GsaVoiceInteractionSrv: Handling ACTION_STOP_HOTWORD
09-29 23:37:03.830  1490  2039 I HwDetectorWithState: (REDACTED) a: %d
09-29 23:37:03.844  5141  5141 D LifecycleMonitor: Lifecycle status change: ru.netology.testing.uiautomator.MainActivity@bc69c0 in: CREATED
09-29 23:37:03.849  5141  5141 D LifecycleMonitor: Lifecycle status change: ru.netology.testing.uiautomator.MainActivity@bc69c0 in: STARTED
09-29 23:37:03.851  5141  5141 D LifecycleMonitor: Lifecycle status change: ru.netology.testing.uiautomator.MainActivity@bc69c0 in: RESUMED
09-29 23:37:03.887  5141  5163 W UiDevice: Skipping null root node for window: AccessibilityWindowInfo[title=Home, displayId=0, id=62, taskId=48, type=TYPE_APPLICATION, layer=0, region=SkRegion((0,0,1440,3120)), bounds=Rect(0, 0 - 1440, 3120), focused=true, active=true, pictureInPicture=false, transitionTime=204972, hasParent=false, isAnchored=false, hasChildren=false]
09-29 23:37:03.910  5141  5199 E OpenGLRenderer: Unable to match the desired swap behavior.
09-29 23:37:03.911  5141  5141 D AutofillManager: notifyViewEnteredForFillDialog:1073741824
09-29 23:37:03.953   543   560 W ziparchive: Unable to open '/data/app/~~VMPM2wTSfV17OkyEYweacg==/ru.netology.testing.uiautomator-9qr-Oybz0JCxbJ9Ozj3MXA==/base.dm': No such file or directory
09-29 23:37:03.960   543   560 I ActivityTaskManager: Displayed ru.netology.testing.uiautomator/.MainActivity for user 0: +257ms
09-29 23:37:03.975   543   953 I ImeTracker: ru.netology.testing.uiautomator:d37b7ccf: onRequestHide at ORIGIN_SERVER_HIDE_INPUT reason HIDE_UNSPECIFIED_WINDOW
09-29 23:37:03.976   543   953 I ImeTracker: ru.netology.testing.uiautomator:d37b7ccf: onCancelled at PHASE_SERVER_SHOULD_HIDE
09-29 23:37:03.988  1350  1350 I GoogleInputMethodService: GoogleInputMethodService.onFinishInput():3227
09-29 23:37:03.996  1350  1350 I GoogleInputMethodService: GoogleInputMethodService.updateDeviceLockedStatus():2087 repeatCheckTimes = 0, unlocked = true
09-29 23:37:03.997  1350  1350 I GoogleInputMethodService: GoogleInputMethodService.onStartInput():1877 onStartInput(EditorInfo{inputType=0x0(NULL) imeOptions=0x0 privateImeOptions=null actionName=UNSPECIFIED actionLabel=null actionId=0 initialSelStart=-1 initialSelEnd=-1 initialCapsMode=0x0 hintText=null label=null packageName=ru.netology.testing.uiautomator fieldId=0 fieldName=null extras=null}, false)
09-29 23:37:03.998  1350  1350 I GoogleInputMethodService: GoogleInputMethodService.shouldHideHeaderOnInitialState():4008 ShouldHideHeaderOnInitialState = false
09-29 23:37:03.998  1350  1350 I GoogleInputMethodService: GoogleInputMethodService.updateDeviceLockedStatus():2087 repeatCheckTimes = 2, unlocked = true
09-29 23:37:04.007   750   866 D EGL_emulation: app_time_stats: avg=3971.23ms min=3971.23ms max=3971.23ms count=1
09-29 23:37:04.121   851  1099 D BtGatt.ScanManager: uid 10122 isForeground true scanMode 1
09-29 23:37:04.134   851  1099 D BtGatt.ScanManager: uid 10122 isForeground true scanMode -1
09-29 23:37:04.135   851  1099 D BtGatt.ScanManager: uid 10122 isForeground true scanMode -1
09-29 23:37:04.142   750   866 D EGL_emulation: app_time_stats: avg=720.64ms min=17.91ms max=9423.16ms count=14
09-29 23:37:04.172  1019  1072 I ImeTracker: com.google.android.apps.nexuslauncher:10b6ef38: onRequestHide at ORIGIN_CLIENT_HIDE_SOFT_INPUT reason HIDE_SOFT_INPUT
09-29 23:37:04.173  1019  1072 I ImeTracker: com.google.android.apps.nexuslauncher:10b6ef38: onFailed at PHASE_CLIENT_VIEW_SERVED
09-29 23:37:04.182  1019  1693 D OneSearchSuggestProvider: Shut down the binder channel
09-29 23:37:04.188  1019  3785 I IPCThreadState: oneway function results for code 2 on binder at 0xb4000078763e62c0 will be dropped but finished with status UNKNOWN_TRANSACTION
09-29 23:37:04.255   750   861 W WindowOnBackDispatcher: sendCancelIfRunning: isInProgress=falsecallback=android.view.ViewRootImpl$$ExternalSyntheticLambda17@4e7946b
09-29 23:37:04.256   543  1731 W InputManager-JNI: Input channel object 'c5658a7 Splash Screen ru.netology.testing.uiautomator (client)' was disposed without first being removed with the input manager!
09-29 23:37:05.152   750   866 D EGL_emulation: app_time_stats: avg=24.38ms min=1.86ms max=65.87ms count=41
09-29 23:37:05.380  1350  1350 W AndroidSpellCheckerService: AndroidSpellCheckerService.initialize():82 initialize...
09-29 23:37:05.380  1350  1350 I ShortcutsDataManager: ShortcutsDataManager.onContentChanged():70 onContentChanged()
09-29 23:37:05.381  1350  1350 I ContactsDataManager: ContactsDataManager.onContentChanged():156 onContentChanged()
09-29 23:37:05.381  1350  1350 W AndroidSpellCheckerService: AndroidSpellCheckerService.initialize():94 initialize...done
09-29 23:37:05.392  5141  5199 D EGL_emulation: app_time_stats: avg=135.74ms min=1.42ms max=1239.27ms count=10
09-29 23:37:05.906  1019  1019 D TaplEvents: TIS / TouchInteractionService.onInputEvent: MotionEvent { action=ACTION_DOWN, actionButton=0, id[0]=0, x[0]=719.0, y[0]=965.0, toolType[0]=TOOL_TYPE_FINGER, buttonState=0, classification=NONE, metaState=0, flags=0x0, edgeFlags=0x0, pointerCount=1, historySize=0, eventTime=215368, downTime=215367, deviceId=-1, source=0x1002, displayId=0, eventId=-468751760 }
09-29 23:37:05.908  1019  1019 D TaplEvents: TIS / TouchInteractionService.onInputEvent: MotionEvent { action=ACTION_UP, actionButton=0, id[0]=0, x[0]=719.0, y[0]=965.0, toolType[0]=TOOL_TYPE_FINGER, buttonState=0, classification=NONE, metaState=0, flags=0x0, edgeFlags=0x0, pointerCount=1, historySize=0, eventTime=215368, downTime=215367, deviceId=-1, source=0x1002, displayId=0, eventId=-270359655 }
09-29 23:37:05.943   358  4953 D audioserver: FGS Logger Transaction failed
09-29 23:37:05.944   358  4953 D audioserver: -129
09-29 23:37:05.947   358   513 D AudioFlinger: mixer(0xb400007e0196b930) throttle end: throttle time(40)
09-29 23:37:06.058   358   513 D audioserver: FGS Logger Transaction failed
09-29 23:37:06.058   358   513 D audioserver: -129
09-29 23:37:06.405  5141  5199 D EGL_emulation: app_time_stats: avg=33.54ms min=7.55ms max=530.92ms count=30
09-29 23:37:06.530  5141  5163 I TestRunner: finished: testStartNewActivityAndVerifyText(ru.netology.testing.uiautomator.ChangeTextTest)
